Archive member included to satisfy reference by file (symbol)

/usr/lib/gcc/arm-none-eabi/12.2.1/thumb/v6-m/nofp/libgcc.a(_dvmd_tls.o)
                              CMakeFiles/VGA_Mandelbrot_Set.dir/home/gerard/pico/pico-sdk/src/rp2_common/pico_divider/divider_hardware.S.o (__aeabi_idiv0)
/usr/lib/gcc/arm-none-eabi/12.2.1/../../../arm-none-eabi/lib/thumb/v6-m/nofp/libg.a(lib_a-atexit.o)
                              /usr/lib/gcc/arm-none-eabi/12.2.1/../../../arm-none-eabi/lib/thumb/v6-m/nofp/crt0.o (atexit)
/usr/lib/gcc/arm-none-eabi/12.2.1/../../../arm-none-eabi/lib/thumb/v6-m/nofp/libg.a(lib_a-calloc.o)
                              CMakeFiles/VGA_Mandelbrot_Set.dir/home/gerard/pico/pico-sdk/src/rp2_common/pico_malloc/malloc.c.o (calloc)
/usr/lib/gcc/arm-none-eabi/12.2.1/../../../arm-none-eabi/lib/thumb/v6-m/nofp/libg.a(lib_a-callocr.o)
                              /usr/lib/gcc/arm-none-eabi/12.2.1/../../../arm-none-eabi/lib/thumb/v6-m/nofp/libg.a(lib_a-calloc.o) (_calloc_r)
/usr/lib/gcc/arm-none-eabi/12.2.1/../../../arm-none-eabi/lib/thumb/v6-m/nofp/libg.a(lib_a-fini.o)
                              /usr/lib/gcc/arm-none-eabi/12.2.1/../../../arm-none-eabi/lib/thumb/v6-m/nofp/crt0.o (__libc_fini_array)
/usr/lib/gcc/arm-none-eabi/12.2.1/../../../arm-none-eabi/lib/thumb/v6-m/nofp/libg.a(lib_a-impure.o)
                              /usr/lib/gcc/arm-none-eabi/12.2.1/../../../arm-none-eabi/lib/thumb/v6-m/nofp/libg.a(lib_a-calloc.o) (_impure_ptr)
/usr/lib/gcc/arm-none-eabi/12.2.1/../../../arm-none-eabi/lib/thumb/v6-m/nofp/libg.a(lib_a-init.o)
                              /usr/lib/gcc/arm-none-eabi/12.2.1/../../../arm-none-eabi/lib/thumb/v6-m/nofp/crt0.o (__libc_init_array)
/usr/lib/gcc/arm-none-eabi/12.2.1/../../../arm-none-eabi/lib/thumb/v6-m/nofp/libg.a(lib_a-lcltime_r.o)
                              CMakeFiles/VGA_Mandelbrot_Set.dir/home/gerard/pico/pico-sdk/src/common/pico_util/datetime.c.o (localtime_r)
/usr/lib/gcc/arm-none-eabi/12.2.1/../../../arm-none-eabi/lib/thumb/v6-m/nofp/libg.a(lib_a-malloc.o)
                              CMakeFiles/VGA_Mandelbrot_Set.dir/home/gerard/pico/pico-sdk/src/rp2_common/pico_malloc/malloc.c.o (malloc)
/usr/lib/gcc/arm-none-eabi/12.2.1/../../../arm-none-eabi/lib/thumb/v6-m/nofp/libg.a(lib_a-mallocr.o)
                              /usr/lib/gcc/arm-none-eabi/12.2.1/../../../arm-none-eabi/lib/thumb/v6-m/nofp/libg.a(lib_a-callocr.o) (_malloc_r)
/usr/lib/gcc/arm-none-eabi/12.2.1/../../../arm-none-eabi/lib/thumb/v6-m/nofp/libg.a(lib_a-memcmp.o)
                              CMakeFiles/VGA_Mandelbrot_Set.dir/home/gerard/pico/pico-sdk/src/rp2_common/pico_atomic/atomic.c.o (memcmp)
/usr/lib/gcc/arm-none-eabi/12.2.1/../../../arm-none-eabi/lib/thumb/v6-m/nofp/libg.a(lib_a-mktime.o)
                              CMakeFiles/VGA_Mandelbrot_Set.dir/home/gerard/pico/pico-sdk/src/common/pico_util/datetime.c.o (mktime)
/usr/lib/gcc/arm-none-eabi/12.2.1/../../../arm-none-eabi/lib/thumb/v6-m/nofp/libg.a(lib_a-mlock.o)
                              /usr/lib/gcc/arm-none-eabi/12.2.1/../../../arm-none-eabi/lib/thumb/v6-m/nofp/libg.a(lib_a-mallocr.o) (__malloc_lock)
/usr/lib/gcc/arm-none-eabi/12.2.1/../../../arm-none-eabi/lib/thumb/v6-m/nofp/libg.a(lib_a-month_lengths.o)
                              /usr/lib/gcc/arm-none-eabi/12.2.1/../../../arm-none-eabi/lib/thumb/v6-m/nofp/libg.a(lib_a-lcltime_r.o) (__month_lengths)
/usr/lib/gcc/arm-none-eabi/12.2.1/../../../arm-none-eabi/lib/thumb/v6-m/nofp/libg.a(lib_a-realloc.o)
                              CMakeFiles/VGA_Mandelbrot_Set.dir/home/gerard/pico/pico-sdk/src/rp2_common/pico_malloc/malloc.c.o (realloc)
/usr/lib/gcc/arm-none-eabi/12.2.1/../../../arm-none-eabi/lib/thumb/v6-m/nofp/libg.a(lib_a-reallocr.o)
                              /usr/lib/gcc/arm-none-eabi/12.2.1/../../../arm-none-eabi/lib/thumb/v6-m/nofp/libg.a(lib_a-realloc.o) (_realloc_r)
/usr/lib/gcc/arm-none-eabi/12.2.1/../../../arm-none-eabi/lib/thumb/v6-m/nofp/libg.a(lib_a-sbrkr.o)
                              /usr/lib/gcc/arm-none-eabi/12.2.1/../../../arm-none-eabi/lib/thumb/v6-m/nofp/libg.a(lib_a-mallocr.o) (_sbrk_r)
/usr/lib/gcc/arm-none-eabi/12.2.1/../../../arm-none-eabi/lib/thumb/v6-m/nofp/libg.a(lib_a-strlen-stub.o)
                              CMakeFiles/VGA_Mandelbrot_Set.dir/home/gerard/pico/pico-sdk/src/rp2_common/pico_stdio/stdio.c.o (strlen)
/usr/lib/gcc/arm-none-eabi/12.2.1/../../../arm-none-eabi/lib/thumb/v6-m/nofp/libg.a(lib_a-tzcalc_limits.o)
                              /usr/lib/gcc/arm-none-eabi/12.2.1/../../../arm-none-eabi/lib/thumb/v6-m/nofp/libg.a(lib_a-lcltime_r.o) (__tzcalc_limits)
/usr/lib/gcc/arm-none-eabi/12.2.1/../../../arm-none-eabi/lib/thumb/v6-m/nofp/libg.a(lib_a-tzlock.o)
                              /usr/lib/gcc/arm-none-eabi/12.2.1/../../../arm-none-eabi/lib/thumb/v6-m/nofp/libg.a(lib_a-lcltime_r.o) (__tz_lock)
/usr/lib/gcc/arm-none-eabi/12.2.1/../../../arm-none-eabi/lib/thumb/v6-m/nofp/libg.a(lib_a-tzset.o)
[...]
Memory Configuration

Name             Origin             Length             Attributes
FLASH            0x10000000         0x00200000         xr
RAM              0x20000000         0x00040000         xrw
SCRATCH_X        0x20040000         0x00001000         xrw
SCRATCH_Y        0x20041000         0x00001000         xrw
*default*        0x00000000         0xffffffff

Linker script and memory map

LOAD /usr/lib/gcc/arm-none-eabi/12.2.1/thumb/v6-m/nofp/crti.o
LOAD /usr/lib/gcc/arm-none-eabi/12.2.1/thumb/v6-m/nofp/crtbegin.o
LOAD /usr/lib/gcc/arm-none-eabi/12.2.1/../../../arm-none-eabi/lib/thumb/v6-m/nofp/crt0.o

.flash_begin    0x10000000        0x0
                0x10000000                        __flash_binary_start = .

.boot2          0x10000000      0x100
                0x10000000                        __boot2_start__ = .
 *(.boot2)
 .boot2         0x10000000      0x100 ../../pico-sdk/src/rp2040/boot_stage2/CMakeFiles/bs2_default_library.dir/bs2_default_padded_checksummed.S.o
                0x10000100                        __boot2_end__ = .
                0x00000001                        ASSERT (((__boot2_end__ - __boot2_start__) == 0x100), ERROR: Pico second stage bootloader must be 256 bytes in size)

.text           0x10000100     0x4bd0
                0x10000100                        __logical_binary_start = .
 *(.vectors)
 .vectors       0x10000100       0xd4 CMakeFiles/VGA_Mandelbrot_Set.dir/home/gerard/pico/pico-sdk/src/rp2_common/pico_crt0/crt0.S.o
                0x10000100                __vectors
                0x10000100                __VECTOR_TABLE
                0x100001c0                isr_invalid
                0x100001c0                __default_isrs_start
                0x100001c2                isr_nmi
                0x100001c4                isr_hardfault
                0x100001c6                isr_svcall
                0x100001c8                isr_pendsv
                0x100001ca                isr_systick
                0x100001cc                isr_irq30
                0x100001cc                __unhandled_user_irq
                0x100001cc                isr_irq13
                0x100001cc                isr_irq27
                0x100001cc                isr_irq31
                0x100001cc                isr_irq5
                0x100001cc                isr_irq11
                0x100001cc                isr_irq23
                0x100001cc                isr_irq18
                0x100001cc                isr_irq28
                0x100001cc                isr_irq19
                0x100001cc                isr_irq0
                0x100001cc                isr_irq6
                0x100001cc                isr_irq22
                0x100001cc                isr_irq17
                0x100001cc                isr_irq14
                0x100001cc                isr_irq2
                0x100001cc                isr_irq10
                0x100001cc                isr_irq8
                0x100001cc                isr_irq24
                0x100001cc                isr_irq1
                0x100001cc                isr_irq7
                0x100001cc                isr_irq21
                0x100001cc                isr_irq20
                0x100001cc                isr_irq15
                0x100001cc                isr_irq25
                0x100001cc                isr_irq4
                0x100001cc                isr_irq16
                0x100001cc                isr_irq29
                0x100001cc                isr_irq26
                0x100001cc                __default_isrs_end
                0x100001cc                isr_irq3
                0x100001cc                isr_irq12
                0x100001cc                isr_irq9
                0x100001d2                unhandled_user_irq_num_in_r0
 *(.binary_info_header)
 .binary_info_header
                0x100001d4       0x14 CMakeFiles/VGA_Mandelbrot_Set.dir/home/gerard/pico/pico-sdk/src/rp2_common/pico_crt0/crt0.S.o
                0x100001e8                        __binary_info_header_end = .
 *(.embedded_block)
                0x100001e8                        __embedded_block_end = .
 *(.reset)
 .reset         0x100001e8       0x9c CMakeFiles/VGA_Mandelbrot_Set.dir/home/gerard/pico/pico-sdk/src/rp2_common/pico_crt0/crt0.S.o
                0x100001e8                _entry_point
 *(.init)
 .init          0x10000284        0x4 /usr/lib/gcc/arm-none-eabi/12.2.1/thumb/v6-m/nofp/crti.o
                0x10000284                _init
 *(EXCLUDE_FILE(*libm.a: *libc.a:*lib_a-mem*.o *libgcc.a:) .text*)
 .text          0x10000288       0x98 /usr/lib/gcc/arm-none-eabi/12.2.1/thumb/v6-m/nofp/crtbegin.o
 .text.core1_entry
                0x10000320      0x1c0 CMakeFiles/VGA_Mandelbrot_Set.dir/mandelbrot_fixvfloat.c.o
                0x10000320                core1_entry
 .text.startup.main
                0x100004e0      0x274 CMakeFiles/VGA_Mandelbrot_Set.dir/mandelbrot_fixvfloat.c.o
                0x100004e0                main
 .text.initVGA  0x10000754      0x23c CMakeFiles/VGA_Mandelbrot_Set.dir/vga16_graphics.c.o
                0x10000754                initVGA
 .text.drawPixel
                0x10000990       0x60 CMakeFiles/VGA_Mandelbrot_Set.dir/vga16_graphics.c.o
                0x10000990                drawPixel
 .text.gpio_set_function
                0x100009f0       0x34 CMakeFiles/VGA_Mandelbrot_Set.dir/home/gerard/pico/pico-sdk/src/rp2_common/hardware_gpio/gpio.c.o
                0x100009f0                gpio_set_function
 .text.panic    0x10000a24       0x30 CMakeFiles/VGA_Mandelbrot_Set.dir/home/gerard/pico/pico-sdk/src/rp2_common/pico_platform_panic/panic.c.o
                0x10000a24                panic
 .text.hw_claim_lock
                0x10000a54       0x18 CMakeFiles/VGA_Mandelbrot_Set.dir/home/gerard/pico/pico-sdk/src/common/hardware_claim/claim.c.o
                0x10000a54                hw_claim_lock
 .text.hw_claim_unlock
                0x10000a6c       0x14 CMakeFiles/VGA_Mandelbrot_Set.dir/home/gerard/pico/pico-sdk/src/common/hardware_claim/claim.c.o
                0x10000a6c                hw_claim_unlock
 .text.hw_claim_or_assert
                0x10000a80       0x44 CMakeFiles/VGA_Mandelbrot_Set.dir/home/gerard/pico/pico-sdk/src/common/hardware_claim/claim.c.o
                0x10000a80                hw_claim_or_assert
 .text.hw_claim_unused_from_range
                0x10000ac4       0x9c CMakeFiles/VGA_Mandelbrot_Set.dir/home/gerard/pico/pico-sdk/src/common/hardware_claim/claim.c.o
                0x10000ac4                hw_claim_unused_from_range
 .text.next_striped_spin_lock_num
                0x10000b60       0x18 CMakeFiles/VGA_Mandelbrot_Set.dir/home/gerard/pico/pico-sdk/src/rp2_common/hardware_sync/sync.c.o
                0x10000b60                next_striped_spin_lock_num
 .text.spin_locks_reset
                0x10000b78       0x1c CMakeFiles/VGA_Mandelbrot_Set.dir/home/gerard/pico/pico-sdk/src/rp2_common/hardware_sync_spin_lock/sync_spin_lock.c.o
                0x10000b78                spin_locks_reset
 .text.runtime_init_per_core_irq_priorities
                0x10000b94       0x24 CMakeFiles/VGA_Mandelbrot_Set.dir/home/gerard/pico/pico-sdk/src/rp2_common/hardware_irq/irq.c.o
                0x10000b94                runtime_init_per_core_irq_priorities
 .text.irq_set_enabled
                0x10000bb8       0x24 CMakeFiles/VGA_Mandelbrot_Set.dir/home/gerard/pico/pico-sdk/src/rp2_common/hardware_irq/irq.c.o
                0x10000bb8                irq_set_enabled
 .text.irq_is_enabled
                0x10000bdc       0x18 CMakeFiles/VGA_Mandelbrot_Set.dir/home/gerard/pico/pico-sdk/src/rp2_common/hardware_irq/irq.c.o
                0x10000bdc                irq_is_enabled
 .text.irq_set_exclusive_handler
                0x10000bf4       0x54 CMakeFiles/VGA_Mandelbrot_Set.dir/home/gerard/pico/pico-sdk/src/rp2_common/hardware_irq/irq.c.o
                0x10000bf4                irq_set_exclusive_handler
 .text.irq_remove_handler
                0x10000c48      0x1d4 CMakeFiles/VGA_Mandelbrot_Set.dir/home/gerard/pico/pico-sdk/src/rp2_common/hardware_irq/irq.c.o
                0x10000c48                irq_remove_handler
 .text.irq_add_tail_to_free_list
                0x10000e1c       0xb4 CMakeFiles/VGA_Mandelbrot_Set.dir/home/gerard/pico/pico-sdk/src/rp2_common/hardware_irq/irq.c.o
                0x10000e1c                irq_add_tail_to_free_list
 .text.lock_init
                0x10000ed0       0x10 CMakeFiles/VGA_Mandelbrot_Set.dir/home/gerard/pico/pico-sdk/src/common/pico_sync/lock_core.c.o
                0x10000ed0                lock_init
 .text.runtime_init_mutex
                0x10000ee0       0x58 CMakeFiles/VGA_Mandelbrot_Set.dir/home/gerard/pico/pico-sdk/src/common/pico_sync/mutex.c.o
                0x10000ee0                runtime_init_mutex
 .text.sleep_until_callback
                0x10000f38       0x30 CMakeFiles/VGA_Mandelbrot_Set.dir/home/gerard/pico/pico-sdk/src/common/pico_time/time.c.o
 .text.alarm_pool_irq_handler
                0x10000f68      0x300 CMakeFiles/VGA_Mandelbrot_Set.dir/home/gerard/pico/pico-sdk/src/common/pico_time/time.c.o
 .text.runtime_init_default_alarm_pool
                0x10001268       0xdc CMakeFiles/VGA_Mandelbrot_Set.dir/home/gerard/pico/pico-sdk/src/common/pico_time/time.c.o
                0x10001268                runtime_init_default_alarm_pool
 .text.alarm_pool_add_alarm_at_force_in_context
                0x10001344       0xb0 CMakeFiles/VGA_Mandelbrot_Set.dir/home/gerard/pico/pico-sdk/src/common/pico_time/time.c.o
                0x10001344                alarm_pool_add_alarm_at_force_in_context
 .text.alarm_pool_cancel_alarm
                0x100013f4       0x74 CMakeFiles/VGA_Mandelbrot_Set.dir/home/gerard/pico/pico-sdk/src/common/pico_time/time.c.o
                0x100013f4                alarm_pool_cancel_alarm
 .text.best_effort_wfe_or_timeout
                0x10001468       0xfc CMakeFiles/VGA_Mandelbrot_Set.dir/home/gerard/pico/pico-sdk/src/common/pico_time/time.c.o
                0x10001468                best_effort_wfe_or_timeout
 .text.timer_hardware_alarm_claim
                0x10001564       0x14 CMakeFiles/VGA_Mandelbrot_Set.dir/home/gerard/pico/pico-sdk/src/rp2_common/hardware_timer/timer.c.o
                0x10001564                timer_hardware_alarm_claim
 .text.timer_time_us_64
                0x10001578       0x10 CMakeFiles/VGA_Mandelbrot_Set.dir/home/gerard/pico/pico-sdk/src/rp2_common/hardware_timer/timer.c.o
                0x10001578                timer_time_us_64
 .text.time_us_64
                0x10001588       0x14 CMakeFiles/VGA_Mandelbrot_Set.dir/home/gerard/pico/pico-sdk/src/rp2_common/hardware_timer/timer.c.o
                0x10001588                time_us_64
 .text.busy_wait_us
                0x1000159c       0x68 CMakeFiles/VGA_Mandelbrot_Set.dir/home/gerard/pico/pico-sdk/src/rp2_common/hardware_timer/timer.c.o
                0x1000159c                busy_wait_us
 .text.uart_init
                0x10001604      0x11c CMakeFiles/VGA_Mandelbrot_Set.dir/home/gerard/pico/pico-sdk/src/rp2_common/hardware_uart/uart.c.o
                0x10001604                uart_init
 .text.clock_configure_int_divider
                0x10001720       0xf4 CMakeFiles/VGA_Mandelbrot_Set.dir/home/gerard/pico/pico-sdk/src/rp2_common/hardware_clocks/clocks.c.o
                0x10001720                clock_configure_int_divider
 .text.clock_configure_undivided
                0x10001814       0xe8 CMakeFiles/VGA_Mandelbrot_Set.dir/home/gerard/pico/pico-sdk/src/rp2_common/hardware_clocks/clocks.c.o
                0x10001814                clock_configure_undivided
 .text.clock_get_hz
                0x100018fc        0xc CMakeFiles/VGA_Mandelbrot_Set.dir/home/gerard/pico/pico-sdk/src/rp2_common/hardware_clocks/clocks.c.o
                0x100018fc                clock_get_hz
 .text.pll_init
                0x10001908       0xa0 CMakeFiles/VGA_Mandelbrot_Set.dir/home/gerard/pico/pico-sdk/src/rp2_common/hardware_pll/pll.c.o
                0x10001908                pll_init
 .text.tick_start
                0x100019a8       0x10 CMakeFiles/VGA_Mandelbrot_Set.dir/home/gerard/pico/pico-sdk/src/rp2_common/hardware_ticks/ticks.c.o
                0x100019a8                tick_start
 .text.rom_func_lookup
                0x100019b8       0x10 CMakeFiles/VGA_Mandelbrot_Set.dir/home/gerard/pico/pico-sdk/src/rp2_common/pico_bootrom/bootrom.c.o
                0x100019b8                rom_func_lookup
 .text.rom_data_lookup
                0x100019c8       0x10 CMakeFiles/VGA_Mandelbrot_Set.dir/home/gerard/pico/pico-sdk/src/rp2_common/pico_bootrom/bootrom.c.o
                0x100019c8                rom_data_lookup
 .text.rom_funcs_lookup
                0x100019d8       0x44 CMakeFiles/VGA_Mandelbrot_Set.dir/home/gerard/pico/pico-sdk/src/rp2_common/pico_bootrom/bootrom.c.o
                0x100019d8                rom_funcs_lookup
 .text.xosc_init
                0x10001a1c       0x28 CMakeFiles/VGA_Mandelbrot_Set.dir/home/gerard/pico/pico-sdk/src/rp2_common/hardware_xosc/xosc.c.o
                0x10001a1c                xosc_init
 .text.first_per_core_initializer
                0x10001a44        0x4 CMakeFiles/VGA_Mandelbrot_Set.dir/home/gerard/pico/pico-sdk/src/rp2_common/pico_runtime/runtime.c.o
 .text.hard_assertion_failure
                0x10001a48        0xc CMakeFiles/VGA_Mandelbrot_Set.dir/home/gerard/pico/pico-sdk/src/rp2_common/pico_runtime/runtime.c.o
                0x10001a48                hard_assertion_failure
 .text.runtime_run_initializers
                0x10001a54       0x28 CMakeFiles/VGA_Mandelbrot_Set.dir/home/gerard/pico/pico-sdk/src/rp2_common/pico_runtime/runtime.c.o
                0x10001a54                runtime_run_initializers
 .text.runtime_run_per_core_initializers
                0x10001a7c       0x28 CMakeFiles/VGA_Mandelbrot_Set.dir/home/gerard/pico/pico-sdk/src/rp2_common/pico_runtime/runtime.c.o
                0x10001a7c                runtime_run_per_core_initializers
 .text.runtime_init_early_resets
                0x10001aa4       0x2c CMakeFiles/VGA_Mandelbrot_Set.dir/home/gerard/pico/pico-sdk/src/rp2_common/pico_runtime_init/runtime_init.c.o
                0x10001aa4                runtime_init_early_resets
 .text.runtime_init_usb_power_down
                0x10001ad0       0x1c CMakeFiles/VGA_Mandelbrot_Set.dir/home/gerard/pico/pico-sdk/src/rp2_common/pico_runtime_init/runtime_init.c.o
                0x10001ad0                runtime_init_usb_power_down
 .text.runtime_init_post_clock_resets
                0x10001aec       0x20 CMakeFiles/VGA_Mandelbrot_Set.dir/home/gerard/pico/pico-sdk/src/rp2_common/pico_runtime_init/runtime_init.c.o
                0x10001aec                runtime_init_post_clock_resets
 .text.runtime_init_rp2040_gpio_ie_disable
                0x10001b0c       0x14 CMakeFiles/VGA_Mandelbrot_Set.dir/home/gerard/pico/pico-sdk/src/rp2_common/pico_runtime_init/runtime_init.c.o
                0x10001b0c                runtime_init_rp2040_gpio_ie_disable
 .text.runtime_init_spin_locks_reset
                0x10001b20        0x8 CMakeFiles/VGA_Mandelbrot_Set.dir/home/gerard/pico/pico-sdk/src/rp2_common/pico_runtime_init/runtime_init.c.o
                0x10001b20                runtime_init_spin_locks_reset
 .text.runtime_init_install_ram_vector_table
                0x10001b28       0x1c CMakeFiles/VGA_Mandelbrot_Set.dir/home/gerard/pico/pico-sdk/src/rp2_common/pico_runtime_init/runtime_init.c.o
                0x10001b28                runtime_init_install_ram_vector_table
 .text.runtime_init_clocks
                0x10001b44       0xd8 CMakeFiles/VGA_Mandelbrot_Set.dir/home/gerard/pico/pico-sdk/src/rp2_common/pico_runtime_init/runtime_init_clocks.c.o
                0x10001b44                runtime_init_clocks
 .text          0x10001c1c       0x10 CMakeFiles/VGA_Mandelbrot_Set.dir/home/gerard/pico/pico-sdk/src/rp2_common/pico_bit_ops/bit_ops_aeabi.S.o
 .text.__wrap___aeabi_idiv
                0x10001c2c       0x50 CMakeFiles/VGA_Mandelbrot_Set.dir/home/gerard/pico/pico-sdk/src/rp2_common/pico_divider/divider_hardware.S.o
                0x10001c2c                __wrap___aeabi_idivmod
                0x10001c2c                divmod_s32s32
                0x10001c2c                div_s32s32
                0x10001c2c                __wrap___aeabi_idiv
                0x10001c34                divmod_s32s32_unsafe
                0x10001c60                divmod_s32s32_savestate
 .text.__wrap___aeabi_uidiv
                0x10001c7c       0x4c CMakeFiles/VGA_Mandelbrot_Set.dir/home/gerard/pico/pico-sdk/src/rp2_common/pico_divider/divider_hardware.S.o
                0x10001c7c                __wrap___aeabi_uidiv
                0x10001c7c                __wrap___aeabi_uidivmod
                0x10001c7c                div_u32u32
                0x10001c7c                divmod_u32u32
                0x10001c84                divmod_u32u32_unsafe
                0x10001cac                divmod_u32u32_savestate
 .text.__wrap___aeabi_ldiv
                0x10001cc8      0x424 CMakeFiles/VGA_Mandelbrot_Set.dir/home/gerard/pico/pico-sdk/src/rp2_common/pico_divider/divider_hardware.S.o
                0x10001cc8                div_s64s64
                0x10001cc8                divmod_s64s64
                0x10001cc8                __wrap___aeabi_ldivmod
                0x10001cf8                div_u64u64
                0x10001cf8                divmod_u64u64
                0x10001cf8                __wrap___aeabi_uldivmod
                0x10001d08                divmod_u64u64_savestate
                0x10001d28                divmod_s64s64_unsafe
                0x10001db0                divmod_u64u64_unsafe
 .text.__wrap___aeabi_darithmetic
                0x100020ec       0x80 CMakeFiles/VGA_Mandelbrot_Set.dir/home/gerard/pico/pico-sdk/src/rp2_common/pico_double/double_aeabi_rp2040.S.o
                0x100020ec                __wrap___aeabi_drsub
                0x100020f2                __wrap___aeabi_dsub
                0x10002104                __wrap___aeabi_dadd
                0x10002116                __wrap___aeabi_ddiv
                0x10002152                __wrap___aeabi_dmul
 .text.__wrap___aeabi_cdcmple
                0x1000216c       0x6c CMakeFiles/VGA_Mandelbrot_Set.dir/home/gerard/pico/pico-sdk/src/rp2_common/pico_double/double_aeabi_rp2040.S.o
                0x1000216c                __wrap___aeabi_cdrcmple
                0x1000217c                __wrap___aeabi_cdcmple
                0x1000217c                __wrap___aeabi_cdcmpeq
 .text.__wrap___aeabi_dcmplt
                0x100021d8        0xc CMakeFiles/VGA_Mandelbrot_Set.dir/home/gerard/pico/pico-sdk/src/rp2_common/pico_double/double_aeabi_rp2040.S.o
                0x100021d8                __wrap___aeabi_dcmplt
 .text.__wrap___aeabi_dcmpge
                0x100021e4       0x10 CMakeFiles/VGA_Mandelbrot_Set.dir/home/gerard/pico/pico-sdk/src/rp2_common/pico_double/double_aeabi_rp2040.S.o
                0x100021e4                __wrap___aeabi_dcmpge
 .text.__wrap___aeabi_dcmpgt
                0x100021f4        0xa CMakeFiles/VGA_Mandelbrot_Set.dir/home/gerard/pico/pico-sdk/src/rp2_common/pico_double/double_aeabi_rp2040.S.o
                0x100021f4                __wrap___aeabi_dcmpgt
 .text.__wrap___aeabi_dcmpun
                0x100021fe       0x18 CMakeFiles/VGA_Mandelbrot_Set.dir/home/gerard/pico/pico-sdk/src/rp2_common/pico_double/double_aeabi_rp2040.S.o
                0x100021fe                __wrap___aeabi_dcmpun
 *fill*         0x10002216        0x2 
 .text.__wrap___aeabi_i2d
                0x10002218       0x38 CMakeFiles/VGA_Mandelbrot_Set.dir/home/gerard/pico/pico-sdk/src/rp2_common/pico_double/double_aeabi_rp2040.S.o
                0x10002218                __wrap___aeabi_ui2d
                0x10002218                uint2double
                0x10002220                __wrap___aeabi_i2d
                0x10002220                int2double
 .text.__wrap___aeabi_d2iz
                0x10002250       0x48 CMakeFiles/VGA_Mandelbrot_Set.dir/home/gerard/pico/pico-sdk/src/rp2_common/pico_double/double_aeabi_rp2040.S.o
                0x10002250                __wrap___aeabi_d2iz
                0x10002250                double2int_z
 .text.__wrap___aeabi_d2uiz
                0x10002298       0x18 CMakeFiles/VGA_Mandelbrot_Set.dir/home/gerard/pico/pico-sdk/src/rp2_common/pico_double/double_aeabi_rp2040.S.o
                0x10002298                double2uint_z
                0x10002298                double2uint
                0x10002298                __wrap___aeabi_d2uiz
 .text.__wrap___aeabi_d2f
                0x100022b0       0x18 CMakeFiles/VGA_Mandelbrot_Set.dir/home/gerard/pico/pico-sdk/src/rp2_common/pico_double/double_aeabi_rp2040.S.o
                0x100022b0                __wrap___aeabi_d2f
 .text.__aeabi_double_init
                0x100022c8       0xa4 CMakeFiles/VGA_Mandelbrot_Set.dir/home/gerard/pico/pico-sdk/src/rp2_common/pico_double/double_init_rom_rp2040.c.o
                0x100022c8                __aeabi_double_init
 .text.double_table_shim_on_use_helper
                0x1000236c       0x2c CMakeFiles/VGA_Mandelbrot_Set.dir/home/gerard/pico/pico-sdk/src/rp2_common/pico_double/double_v1_rom_shim_rp2040.S.o
                0x1000236c                double_table_shim_on_use_helper
 .text.__wrap___aeabi_dsub
                0x10002398       0x10 CMakeFiles/VGA_Mandelbrot_Set.dir/home/gerard/pico/pico-sdk/src/rp2_common/pico_double/double_v1_rom_shim_rp2040.S.o
                0x10002398                drsub_shim
                0x1000239e                dsub_shim
 .text.dadd_shim
                0x100023a8      0x15c CMakeFiles/VGA_Mandelbrot_Set.dir/home/gerard/pico/pico-sdk/src/rp2_common/pico_double/double_v1_rom_shim_rp2040.S.o
                0x100023a8                dadd_shim
 .text.dmul_shim
                0x10002504      0x15c CMakeFiles/VGA_Mandelbrot_Set.dir/home/gerard/pico/pico-sdk/src/rp2_common/pico_double/double_v1_rom_shim_rp2040.S.o
                0x10002504                dmul_shim
 .text.ddiv_shim
                0x10002660      0x1b0 CMakeFiles/VGA_Mandelbrot_Set.dir/home/gerard/pico/pico-sdk/src/rp2_common/pico_double/double_v1_rom_shim_rp2040.S.o
                0x10002660                ddiv_shim
 .text.double2uint_shim
                0x10002810        0xe CMakeFiles/VGA_Mandelbrot_Set.dir/home/gerard/pico/pico-sdk/src/rp2_common/pico_double/double_v1_rom_shim_rp2040.S.o
                0x10002810                double2uint_shim
                0x10002812                double2ufix_shim
 *fill*         0x1000281e        0x2 
 .text.double2uint64_shim
                0x10002820       0x70 CMakeFiles/VGA_Mandelbrot_Set.dir/home/gerard/pico/pico-sdk/src/rp2_common/pico_double/double_v1_rom_shim_rp2040.S.o
                0x10002820                double2uint64_shim
                0x10002822                double2ufix64_shim
                0x10002842                d2fix_a
 .text.double2float_shim
                0x10002890       0x5c CMakeFiles/VGA_Mandelbrot_Set.dir/home/gerard/pico/pico-sdk/src/rp2_common/pico_double/double_v1_rom_shim_rp2040.S.o
                0x10002890                double2float_shim
 .text.dunpacks
                0x100028ec       0x3c CMakeFiles/VGA_Mandelbrot_Set.dir/home/gerard/pico/pico-sdk/src/rp2_common/pico_double/double_v1_rom_shim_rp2040.S.o
                0x100028ec                dunpacks
 .text.__aeabi_lmul
                0x10002928       0x32 CMakeFiles/VGA_Mandelbrot_Set.dir/home/gerard/pico/pico-sdk/src/rp2_common/pico_int64_ops/pico_int64_ops_aeabi.S.o
                0x10002928                __wrap___aeabi_lmul
 *fill*         0x1000295a        0x2 
 .text.__wrap___aeabi_farithmetic
                0x1000295c       0x48 CMakeFiles/VGA_Mandelbrot_Set.dir/home/gerard/pico/pico-sdk/src/rp2_common/pico_float/float_aeabi_rp2040.S.o
                0x1000295c                __wrap___aeabi_frsub
                0x10002962                __wrap___aeabi_fsub
                0x10002968                __wrap___aeabi_fadd
                0x1000296e                __wrap___aeabi_fdiv
                0x10002996                __wrap___aeabi_fmul
 .text.__wrap___aeabi_cfcmple
                0x100029a4       0x50 CMakeFiles/VGA_Mandelbrot_Set.dir/home/gerard/pico/pico-sdk/src/rp2_common/pico_float/float_aeabi_rp2040.S.o
                0x100029a4                __wrap___aeabi_cfrcmple
                0x100029b0                __wrap___aeabi_cfcmpeq
                0x100029b0                __wrap___aeabi_cfcmple
 .text.__wrap___aeabi_fcmpge
                0x100029f4       0x10 CMakeFiles/VGA_Mandelbrot_Set.dir/home/gerard/pico/pico-sdk/src/rp2_common/pico_float/float_aeabi_rp2040.S.o
                0x100029f4                __wrap___aeabi_fcmpge
 .text.__wrap___aeabi_ui2f
                0x10002a04        0xa CMakeFiles/VGA_Mandelbrot_Set.dir/home/gerard/pico/pico-sdk/src/rp2_common/pico_float/float_aeabi_rp2040.S.o
                0x10002a04                uint2float
                0x10002a04                __wrap___aeabi_ui2f
 *fill*         0x10002a0e        0x2 
 .text.__wrap___aeabi_i2f
                0x10002a10       0x44 CMakeFiles/VGA_Mandelbrot_Set.dir/home/gerard/pico/pico-sdk/src/rp2_common/pico_float/float_aeabi_rp2040.S.o
                0x10002a10                int2float
                0x10002a10                __wrap___aeabi_i2f
 .text.__wrap___aeabi_f2iz
                0x10002a54       0x4e CMakeFiles/VGA_Mandelbrot_Set.dir/home/gerard/pico/pico-sdk/src/rp2_common/pico_float/float_aeabi_rp2040.S.o
                0x10002a54                __wrap___aeabi_f2iz
                0x10002a54                float2int_z
 *fill*         0x10002aa2        0x2 
 .text.float2int
                0x10002aa4       0x14 CMakeFiles/VGA_Mandelbrot_Set.dir/home/gerard/pico/pico-sdk/src/rp2_common/pico_float/float_aeabi_rp2040.S.o
                0x10002aa4                float2int
 .text.__wrap___aeabi_f2uiz
                0x10002ab8        0xc CMakeFiles/VGA_Mandelbrot_Set.dir/home/gerard/pico/pico-sdk/src/rp2_common/pico_float/float_aeabi_rp2040.S.o
                0x10002ab8                float2uint
                0x10002ab8                float2uint_z
                0x10002ab8                __wrap___aeabi_f2uiz
 .text.__wrap___aeabi_f2d
                0x10002ac4       0x14 CMakeFiles/VGA_Mandelbrot_Set.dir/home/gerard/pico/pico-sdk/src/rp2_common/pico_float/float_aeabi_rp2040.S.o
                0x10002ac4                __wrap___aeabi_f2d
 .text.__aeabi_float_init
                0x10002ad8       0x64 CMakeFiles/VGA_Mandelbrot_Set.dir/home/gerard/pico/pico-sdk/src/rp2_common/pico_float/float_init_rom_rp2040.c.o
                0x10002ad8                __aeabi_float_init
 .text.float_table_shim_on_use_helper
                0x10002b3c       0x2c CMakeFiles/VGA_Mandelbrot_Set.dir/home/gerard/pico/pico-sdk/src/rp2_common/pico_float/float_v1_rom_shim_rp2040.S.o
                0x10002b3c                float_table_shim_on_use_helper
 .text.float232_shims
                0x10002b68       0x18 CMakeFiles/VGA_Mandelbrot_Set.dir/home/gerard/pico/pico-sdk/src/rp2_common/pico_float/float_v1_rom_shim_rp2040.S.o
                0x10002b68                float2int_shim
                0x10002b6a                float2fix_shim
 .text.float2double_shim
                0x10002b80       0x30 CMakeFiles/VGA_Mandelbrot_Set.dir/home/gerard/pico/pico-sdk/src/rp2_common/pico_float/float_v1_rom_shim_rp2040.S.o
                0x10002b80                float2double_shim
 .text          0x10002bb0       0x10 CMakeFiles/VGA_Mandelbrot_Set.dir/home/gerard/pico/pico-sdk/src/rp2_common/pico_mem_ops/mem_ops_aeabi.S.o
                0x10002bb0                __aeabi_mem_init
 .text.memcpy   0x10002bc0        0xc CMakeFiles/VGA_Mandelbrot_Set.dir/home/gerard/pico/pico-sdk/src/rp2_common/pico_mem_ops/mem_ops_aeabi.S.o
                0x10002bc0                __wrap___aeabi_memcpy
                0x10002bc0                __wrap_memcpy
 .text._out_null
                0x10002bcc        0x4 CMakeFiles/VGA_Mandelbrot_Set.dir/home/gerard/pico/pico-sdk/src/rp2_common/pico_printf/printf.c.o
 .text._out_rev
                0x10002bd0       0x90 CMakeFiles/VGA_Mandelbrot_Set.dir/home/gerard/pico/pico-sdk/src/rp2_common/pico_printf/printf.c.o
 .text._ntoa_format
                0x10002c60      0x1f4 CMakeFiles/VGA_Mandelbrot_Set.dir/home/gerard/pico/pico-sdk/src/rp2_common/pico_printf/printf.c.o
 .text._out_char
                0x10002e54       0x10 CMakeFiles/VGA_Mandelbrot_Set.dir/home/gerard/pico/pico-sdk/src/rp2_common/pico_printf/printf.c.o
 .text._out_fct
                0x10002e64       0x10 CMakeFiles/VGA_Mandelbrot_Set.dir/home/gerard/pico/pico-sdk/src/rp2_common/pico_printf/printf.c.o
 .text._etoa    0x10002e74      0x454 CMakeFiles/VGA_Mandelbrot_Set.dir/home/gerard/pico/pico-sdk/src/rp2_common/pico_printf/printf.c.o
 .text._ftoa    0x100032c8      0x3c4 CMakeFiles/VGA_Mandelbrot_Set.dir/home/gerard/pico/pico-sdk/src/rp2_common/pico_printf/printf.c.o
 .text._vsnprintf
                0x1000368c      0xb24 CMakeFiles/VGA_Mandelbrot_Set.dir/home/gerard/pico/pico-sdk/src/rp2_common/pico_printf/printf.c.o
 .text.vfctprintf
                0x100041b0       0x20 CMakeFiles/VGA_Mandelbrot_Set.dir/home/gerard/pico/pico-sdk/src/rp2_common/pico_printf/printf.c.o
                0x100041b0                vfctprintf
 .text.weak_raw_vprintf
                0x100041d0       0x30 CMakeFiles/VGA_Mandelbrot_Set.dir/home/gerard/pico/pico-sdk/src/rp2_common/pico_printf/printf.c.o
                0x100041d0                weak_raw_vprintf
 .text._exit    0x10004200        0x4 CMakeFiles/VGA_Mandelbrot_Set.dir/home/gerard/pico/pico-sdk/src/rp2_common/pico_clib_interface/newlib_interface.c.o
                0x10004200                _exit
 .text.exit     0x10004204        0x8 CMakeFiles/VGA_Mandelbrot_Set.dir/home/gerard/pico/pico-sdk/src/rp2_common/pico_clib_interface/newlib_interface.c.o
                0x10004204                exit
 .text.runtime_init
                0x1000420c       0x2c CMakeFiles/VGA_Mandelbrot_Set.dir/home/gerard/pico/pico-sdk/src/rp2_common/pico_clib_interface/newlib_interface.c.o
                0x1000420c                runtime_init
 .text.stdio_out_chars_no_crlf
                0x10004238       0x10 CMakeFiles/VGA_Mandelbrot_Set.dir/home/gerard/pico/pico-sdk/src/rp2_common/pico_stdio/stdio.c.o
 .text.stdio_out_chars_crlf
                0x10004248       0xbc CMakeFiles/VGA_Mandelbrot_Set.dir/home/gerard/pico/pico-sdk/src/rp2_common/pico_stdio/stdio.c.o
 .text.stdio_buffered_printer
                0x10004304       0x64 CMakeFiles/VGA_Mandelbrot_Set.dir/home/gerard/pico/pico-sdk/src/rp2_common/pico_stdio/stdio.c.o
 .text.stdio_put_string
                0x10004368      0x100 CMakeFiles/VGA_Mandelbrot_Set.dir/home/gerard/pico/pico-sdk/src/rp2_common/pico_stdio/stdio.c.o
                0x10004368                stdio_put_string
 .text.stdio_set_driver_enabled
                0x10004468       0x30 CMakeFiles/VGA_Mandelbrot_Set.dir/home/gerard/pico/pico-sdk/src/rp2_common/pico_stdio/stdio.c.o
                0x10004468                stdio_set_driver_enabled
 .text.stdio_init_all
                0x10004498        0xc CMakeFiles/VGA_Mandelbrot_Set.dir/home/gerard/pico/pico-sdk/src/rp2_common/pico_stdio/stdio.c.o
                0x10004498                stdio_init_all
 .text.__wrap_putchar
                0x100044a4       0x98 CMakeFiles/VGA_Mandelbrot_Set.dir/home/gerard/pico/pico-sdk/src/rp2_common/pico_stdio/stdio.c.o
                0x100044a4                stdio_putchar
                0x100044a4                __wrap_putchar
 .text.__wrap_puts
                0x1000453c       0x3c CMakeFiles/VGA_Mandelbrot_Set.dir/home/gerard/pico/pico-sdk/src/rp2_common/pico_stdio/stdio.c.o
                0x1000453c                __wrap_puts
                0x1000453c                stdio_puts
 .text.__wrap_vprintf
                0x10004578       0xd4 CMakeFiles/VGA_Mandelbrot_Set.dir/home/gerard/pico/pico-sdk/src/rp2_common/pico_stdio/stdio.c.o
                0x10004578                __wrap_vprintf
                0x10004578                stdio_vprintf
 .text.__wrap_printf
                0x1000464c       0x18 CMakeFiles/VGA_Mandelbrot_Set.dir/home/gerard/pico/pico-sdk/src/rp2_common/pico_stdio/stdio.c.o
                0x1000464c                stdio_printf
                0x1000464c                __wrap_printf
 .text.stdio_uart_out_chars
                0x10004664       0x4c CMakeFiles/VGA_Mandelbrot_Set.dir/home/gerard/pico/pico-sdk/src/rp2_common/pico_stdio_uart/stdio_uart.c.o
 .text.stdio_uart_in_chars
                0x100046b0       0x98 CMakeFiles/VGA_Mandelbrot_Set.dir/home/gerard/pico/pico-sdk/src/rp2_common/pico_stdio_uart/stdio_uart.c.o
                0x100046b0                stdio_uart_in_chars
 .text.on_uart_rx
                0x10004748       0x28 CMakeFiles/VGA_Mandelbrot_Set.dir/home/gerard/pico/pico-sdk/src/rp2_common/pico_stdio_uart/stdio_uart.c.o
 .text.stdio_uart_out_flush
                0x10004770       0x14 CMakeFiles/VGA_Mandelbrot_Set.dir/home/gerard/pico/pico-sdk/src/rp2_common/pico_stdio_uart/stdio_uart.c.o
 .text.stdio_uart_set_chars_available_callback
                0x10004784       0x88 CMakeFiles/VGA_Mandelbrot_Set.dir/home/gerard/pico/pico-sdk/src/rp2_common/pico_stdio_uart/stdio_uart.c.o
 .text.stdio_uart_init
                0x1000480c       0x50 CMakeFiles/VGA_Mandelbrot_Set.dir/home/gerard/pico/pico-sdk/src/rp2_common/pico_stdio_uart/stdio_uart.c.o
                0x1000480c                stdio_uart_init
 .text.core1_trampoline
                0x1000485c        0x4 CMakeFiles/VGA_Mandelbrot_Set.dir/home/gerard/pico/pico-sdk/src/rp2_common/pico_multicore/multicore.c.o
 .text.core1_wrapper
                0x10004860        0xc CMakeFiles/VGA_Mandelbrot_Set.dir/home/gerard/pico/pico-sdk/src/rp2_common/pico_multicore/multicore.c.o
                0x10004860                core1_wrapper
 .text.multicore_fifo_push_blocking
                0x1000486c       0x14 CMakeFiles/VGA_Mandelbrot_Set.dir/home/gerard/pico/pico-sdk/src/rp2_common/pico_multicore/multicore.c.o
                0x1000486c                multicore_fifo_push_blocking
 .text.multicore_fifo_pop_blocking
                0x10004880       0x1c CMakeFiles/VGA_Mandelbrot_Set.dir/home/gerard/pico/pico-sdk/src/rp2_common/pico_multicore/multicore.c.o
                0x10004880                multicore_fifo_pop_blocking
 .text.multicore_launch_core1_raw
                0x1000489c       0x84 CMakeFiles/VGA_Mandelbrot_Set.dir/home/gerard/pico/pico-sdk/src/rp2_common/pico_multicore/multicore.c.o
                0x1000489c                multicore_launch_core1_raw
 .text.multicore_launch_core1
                0x10004920       0x58 CMakeFiles/VGA_Mandelbrot_Set.dir/home/gerard/pico/pico-sdk/src/rp2_common/pico_multicore/multicore.c.o
                0x10004920                multicore_launch_core1
 .text.pio_add_program
                0x10004978      0x104 CMakeFiles/VGA_Mandelbrot_Set.dir/home/gerard/pico/pico-sdk/src/rp2_common/hardware_pio/pio.c.o
                0x10004978                pio_add_program
 .text.pio_sm_set_consecutive_pindirs
                0x10004a7c       0xb4 CMakeFiles/VGA_Mandelbrot_Set.dir/home/gerard/pico/pico-sdk/src/rp2_common/hardware_pio/pio.c.o
                0x10004a7c                pio_sm_set_consecutive_pindirs
 .text.pio_sm_init
                0x10004b30       0x9c CMakeFiles/VGA_Mandelbrot_Set.dir/home/gerard/pico/pico-sdk/src/rp2_common/hardware_pio/pio.c.o
                0x10004b30                pio_sm_init
 .text.dma_claim_unused_channel
                0x10004bcc       0x24 CMakeFiles/VGA_Mandelbrot_Set.dir/home/gerard/pico/pico-sdk/src/rp2_common/hardware_dma/dma.c.o
                0x10004bcc                dma_claim_unused_channel
 .text          0x10004bf0       0x5c /usr/lib/gcc/arm-none-eabi/12.2.1/../../../arm-none-eabi/lib/thumb/v6-m/nofp/libg.a(lib_a-strlen-stub.o)
                0x10004bf0                strlen
 *(.fini)
 .fini          0x10004c4c        0x4 /usr/lib/gcc/arm-none-eabi/12.2.1/thumb/v6-m/nofp/crti.o
                0x10004c4c                _fini
 .fini.__stub   0x10004c50       0x40 linker stubs
 *crtbegin.o(.ctors)
 *crtbegin?.o(.ctors)
 *(EXCLUDE_FILE(*crtend.o *crtend?.o) .ctors)
 *(SORT_BY_NAME(.ctors.*))
 *(.ctors)
 *crtbegin.o(.dtors)
 *crtbegin?.o(.dtors)
 *(EXCLUDE_FILE(*crtend.o *crtend?.o) .dtors)
 *(SORT_BY_NAME(.dtors.*))
 *(.dtors)
                0x10004c90                        . = ALIGN (0x4)
                0x10004c90                        PROVIDE (__preinit_array_start = .)
 *(SORT_BY_NAME(.preinit_array.*))
 .preinit_array.00100
                0x10004c90        0x4 CMakeFiles/VGA_Mandelbrot_Set.dir/home/gerard/pico/pico-sdk/src/rp2_common/pico_runtime_init/runtime_init.c.o
                0x10004c90                __pre_init_runtime_init_early_resets
 .preinit_array.00101
                0x10004c94        0x4 CMakeFiles/VGA_Mandelbrot_Set.dir/home/gerard/pico/pico-sdk/src/rp2_common/pico_runtime_init/runtime_init.c.o
                0x10004c94                __pre_init_runtime_init_usb_power_down
 .preinit_array.00275
                0x10004c98        0x4 CMakeFiles/VGA_Mandelbrot_Set.dir/home/gerard/pico/pico-sdk/src/rp2_common/pico_bit_ops/bit_ops_aeabi.S.o
 .preinit_array.00300
                0x10004c9c        0x4 CMakeFiles/VGA_Mandelbrot_Set.dir/home/gerard/pico/pico-sdk/src/rp2_common/pico_mem_ops/mem_ops_aeabi.S.o
 .preinit_array.00350
                0x10004ca0        0x4 CMakeFiles/VGA_Mandelbrot_Set.dir/home/gerard/pico/pico-sdk/src/rp2_common/pico_double/double_aeabi_rp2040.S.o
 .preinit_array.00350
                0x10004ca4        0x4 CMakeFiles/VGA_Mandelbrot_Set.dir/home/gerard/pico/pico-sdk/src/rp2_common/pico_float/float_aeabi_rp2040.S.o
 .preinit_array.00500
                0x10004ca8        0x4 CMakeFiles/VGA_Mandelbrot_Set.dir/home/gerard/pico/pico-sdk/src/rp2_common/pico_runtime_init/runtime_init.c.o
                0x10004ca8                __pre_init_runtime_init_clocks
 .preinit_array.00600
                0x10004cac        0x4 CMakeFiles/VGA_Mandelbrot_Set.dir/home/gerard/pico/pico-sdk/src/rp2_common/pico_runtime_init/runtime_init.c.o
                0x10004cac                __pre_init_runtime_init_post_clock_resets
 .preinit_array.00700
                0x10004cb0        0x4 CMakeFiles/VGA_Mandelbrot_Set.dir/home/gerard/pico/pico-sdk/src/rp2_common/pico_runtime_init/runtime_init.c.o
                0x10004cb0                __pre_init_runtime_init_rp2040_gpio_ie_disable
 .preinit_array.01000
                0x10004cb4        0x4 CMakeFiles/VGA_Mandelbrot_Set.dir/home/gerard/pico/pico-sdk/src/rp2_common/pico_runtime_init/runtime_init.c.o
                0x10004cb4                __pre_init_runtime_init_spin_locks_reset
 .preinit_array.01100
                0x10004cb8        0x4 CMakeFiles/VGA_Mandelbrot_Set.dir/home/gerard/pico/pico-sdk/src/common/pico_sync/mutex.c.o
                0x10004cb8                __pre_init_runtime_init_mutex
 .preinit_array.10080
                0x10004cbc        0x4 CMakeFiles/VGA_Mandelbrot_Set.dir/home/gerard/pico/pico-sdk/src/rp2_common/pico_runtime_init/runtime_init.c.o
                0x10004cbc                __pre_init_runtime_init_install_ram_vector_table
 .preinit_array.11000
                0x10004cc0        0x4 CMakeFiles/VGA_Mandelbrot_Set.dir/home/gerard/pico/pico-sdk/src/common/pico_time/time.c.o
                0x10004cc0                __pre_init_runtime_init_default_alarm_pool
 .preinit_array.YYYYY
                0x10004cc4        0x4 CMakeFiles/VGA_Mandelbrot_Set.dir/home/gerard/pico/pico-sdk/src/rp2_common/pico_runtime/runtime.c.o
                0x10004cc4                __pre_init_first_per_core_initializer
 .preinit_array.ZZZZZ.01200
                0x10004cc8        0x4 CMakeFiles/VGA_Mandelbrot_Set.dir/home/gerard/pico/pico-sdk/src/rp2_common/hardware_irq/irq.c.o
                0x10004cc8                __pre_init_runtime_init_per_core_irq_priorities
 *(.preinit_array)
                0x10004ccc                        PROVIDE (__preinit_array_end = .)
                0x10004ccc                        . = ALIGN (0x4)
                0x10004ccc                        PROVIDE (__init_array_start = .)
 *(SORT_BY_NAME(.init_array.*))
 *(.init_array)
 .init_array    0x10004ccc        0x4 /usr/lib/gcc/arm-none-eabi/12.2.1/thumb/v6-m/nofp/crtbegin.o
                0x10004cd0                        PROVIDE (__init_array_end = .)
                0x10004cd0                        . = ALIGN (0x4)
                0x10004cd0                        PROVIDE (__fini_array_start = .)
 *(SORT_BY_NAME(.fini_array.*))
 *(.fini_array)
                0x10004cd0                        PROVIDE (__fini_array_end = .)
 *(.eh_frame*)
 .eh_frame      0x10004cd0        0x0 /usr/lib/gcc/arm-none-eabi/12.2.1/thumb/v6-m/nofp/crtbegin.o
                0x10004cd0                        . = ALIGN (0x4)

.glue_7         0x10004cd0        0x0
 .glue_7        0x10004cd0        0x0 linker stubs

.glue_7t        0x10004cd0        0x0
 .glue_7t       0x10004cd0        0x0 linker stubs

.vfp11_veneer   0x10004cd0        0x0
 .vfp11_veneer  0x10004cd0        0x0 linker stubs

.v4_bx          0x10004cd0        0x0
 .v4_bx         0x10004cd0        0x0 linker stubs

.iplt           0x10004cd0        0x0
 .iplt          0x10004cd0        0x0 /usr/lib/gcc/arm-none-eabi/12.2.1/thumb/v6-m/nofp/crtbegin.o

.rodata         0x10004cd0      0x3f4
 *(EXCLUDE_FILE(*libm.a: *libc.a:*lib_a-mem*.o *libgcc.a:) .rodata*)
 .rodata.main.str1.4
                0x10004cd0       0x48 CMakeFiles/VGA_Mandelbrot_Set.dir/mandelbrot_fixvfloat.c.o
 .rodata.rgb_program
                0x10004d18        0x8 CMakeFiles/VGA_Mandelbrot_Set.dir/vga16_graphics.c.o
 .rodata.rgb_program_instructions
                0x10004d20       0x12 CMakeFiles/VGA_Mandelbrot_Set.dir/vga16_graphics.c.o
 *fill*         0x10004d32        0x2 
 .rodata.vsync_program
                0x10004d34        0x8 CMakeFiles/VGA_Mandelbrot_Set.dir/vga16_graphics.c.o
 .rodata.vsync_program_instructions
                0x10004d3c       0x1c CMakeFiles/VGA_Mandelbrot_Set.dir/vga16_graphics.c.o
 .rodata.hsync_program
                0x10004d58        0x8 CMakeFiles/VGA_Mandelbrot_Set.dir/vga16_graphics.c.o
 .rodata.hsync_program_instructions
                0x10004d60       0x12 CMakeFiles/VGA_Mandelbrot_Set.dir/vga16_graphics.c.o
 *fill*         0x10004d72        0x2 
 .rodata.panic.str1.4
                0x10004d74       0x12 CMakeFiles/VGA_Mandelbrot_Set.dir/home/gerard/pico/pico-sdk/src/rp2_common/pico_platform_panic/panic.c.o
 *fill*         0x10004d86        0x2 
 .rodata.timer_hardware_alarm_claim.str1.4
                0x10004d88       0x22 CMakeFiles/VGA_Mandelbrot_Set.dir/home/gerard/pico/pico-sdk/src/rp2_common/hardware_timer/timer.c.o
 *fill*         0x10004daa        0x2 
 .rodata.hard_assertion_failure.str1.4
                0x10004dac        0xc CMakeFiles/VGA_Mandelbrot_Set.dir/home/gerard/pico/pico-sdk/src/rp2_common/pico_runtime/runtime.c.o
 .rodata.str1.4
                0x10004db8       0x48 CMakeFiles/VGA_Mandelbrot_Set.dir/home/gerard/pico/pico-sdk/src/rp2_common/pico_standard_binary_info/standard_binary_info.c.o
 .rodata.__bi_84
                0x10004e00        0xc CMakeFiles/VGA_Mandelbrot_Set.dir/home/gerard/pico/pico-sdk/src/rp2_common/pico_standard_binary_info/standard_binary_info.c.o
 .rodata.__bi_78
                0x10004e0c        0xc CMakeFiles/VGA_Mandelbrot_Set.dir/home/gerard/pico/pico-sdk/src/rp2_common/pico_standard_binary_info/standard_binary_info.c.o
 .rodata.__bi_54
                0x10004e18        0xc CMakeFiles/VGA_Mandelbrot_Set.dir/home/gerard/pico/pico-sdk/src/rp2_common/pico_standard_binary_info/standard_binary_info.c.o
 .rodata.__bi_48
                0x10004e24        0xc CMakeFiles/VGA_Mandelbrot_Set.dir/home/gerard/pico/pico-sdk/src/rp2_common/pico_standard_binary_info/standard_binary_info.c.o
 .rodata.__bi_42
                0x10004e30        0xc CMakeFiles/VGA_Mandelbrot_Set.dir/home/gerard/pico/pico-sdk/src/rp2_common/pico_standard_binary_info/standard_binary_info.c.o
 .rodata.__bi_34
                0x10004e3c        0xc CMakeFiles/VGA_Mandelbrot_Set.dir/home/gerard/pico/pico-sdk/src/rp2_common/pico_standard_binary_info/standard_binary_info.c.o
 .rodata.__bi_26
                0x10004e48        0xc CMakeFiles/VGA_Mandelbrot_Set.dir/home/gerard/pico/pico-sdk/src/rp2_common/pico_standard_binary_info/standard_binary_info.c.o
 .rodata._ftoa.str1.4
                0x10004e54       0x15 CMakeFiles/VGA_Mandelbrot_Set.dir/home/gerard/pico/pico-sdk/src/rp2_common/pico_printf/printf.c.o
 *fill*         0x10004e69        0x3 
 .rodata._vsnprintf
                0x10004e6c      0x19c CMakeFiles/VGA_Mandelbrot_Set.dir/home/gerard/pico/pico-sdk/src/rp2_common/pico_printf/printf.c.o
 .rodata.pow10.0
                0x10005008       0x50 CMakeFiles/VGA_Mandelbrot_Set.dir/home/gerard/pico/pico-sdk/src/rp2_common/pico_printf/printf.c.o
 .rodata.crlf_str.0
                0x10005058        0x2 CMakeFiles/VGA_Mandelbrot_Set.dir/home/gerard/pico/pico-sdk/src/rp2_common/pico_stdio/stdio.c.o
 *fill*         0x1000505a        0x2 
 .rodata.str1.4
                0x1000505c       0x2c CMakeFiles/VGA_Mandelbrot_Set.dir/home/gerard/pico/pico-sdk/src/rp2_common/pico_stdio_uart/stdio_uart.c.o
 .rodata.__bi_45.4
                0x10005088        0xc CMakeFiles/VGA_Mandelbrot_Set.dir/home/gerard/pico/pico-sdk/src/rp2_common/pico_stdio_uart/stdio_uart.c.o
 .rodata.__bi_49.5
                0x10005094        0x8 CMakeFiles/VGA_Mandelbrot_Set.dir/home/gerard/pico/pico-sdk/src/rp2_common/pico_stdio_uart/stdio_uart.c.o
 .rodata.__bi_50.6
                0x1000509c        0x8 CMakeFiles/VGA_Mandelbrot_Set.dir/home/gerard/pico/pico-sdk/src/rp2_common/pico_stdio_uart/stdio_uart.c.o
 .rodata.dma_claim_unused_channel.str1.4
                0x100050a4       0x1e CMakeFiles/VGA_Mandelbrot_Set.dir/home/gerard/pico/pico-sdk/src/rp2_common/hardware_dma/dma.c.o
                0x100050c4                        . = ALIGN (0x4)
 *fill*         0x100050c2        0x2 
 *(SORT_BY_ALIGNMENT(SORT_BY_NAME(.flashdata*)))
                0x100050c4                        . = ALIGN (0x4)

.ARM.extab
 *(.ARM.extab* .gnu.linkonce.armextab.*)
                0x100050c4                        __exidx_start = .

.ARM.exidx
 *(.ARM.exidx* .gnu.linkonce.armexidx.*)
                0x100050c4                        __exidx_end = .
                0x100050c4                        . = ALIGN (0x4)
                0x100050c4                        __binary_info_start = .

.binary_info    0x100050c4       0x28
 *(.binary_info.keep.*)
 .binary_info.keep.__bi_ptr84
                0x100050c4        0x4 CMakeFiles/VGA_Mandelbrot_Set.dir/home/gerard/pico/pico-sdk/src/rp2_common/pico_standard_binary_info/standard_binary_info.c.o
 .binary_info.keep.__bi_ptr78
                0x100050c8        0x4 CMakeFiles/VGA_Mandelbrot_Set.dir/home/gerard/pico/pico-sdk/src/rp2_common/pico_standard_binary_info/standard_binary_info.c.o
 .binary_info.keep.__bi_ptr54
                0x100050cc        0x4 CMakeFiles/VGA_Mandelbrot_Set.dir/home/gerard/pico/pico-sdk/src/rp2_common/pico_standard_binary_info/standard_binary_info.c.o
 .binary_info.keep.__bi_ptr48
                0x100050d0        0x4 CMakeFiles/VGA_Mandelbrot_Set.dir/home/gerard/pico/pico-sdk/src/rp2_common/pico_standard_binary_info/standard_binary_info.c.o
 .binary_info.keep.__bi_ptr42
                0x100050d4        0x4 CMakeFiles/VGA_Mandelbrot_Set.dir/home/gerard/pico/pico-sdk/src/rp2_common/pico_standard_binary_info/standard_binary_info.c.o
 .binary_info.keep.__bi_ptr34
                0x100050d8        0x4 CMakeFiles/VGA_Mandelbrot_Set.dir/home/gerard/pico/pico-sdk/src/rp2_common/pico_standard_binary_info/standard_binary_info.c.o
 .binary_info.keep.__bi_ptr26
                0x100050dc        0x4 CMakeFiles/VGA_Mandelbrot_Set.dir/home/gerard/pico/pico-sdk/src/rp2_common/pico_standard_binary_info/standard_binary_info.c.o
 *(.binary_info.*)
 .binary_info.__bi_ptr50
                0x100050e0        0x4 CMakeFiles/VGA_Mandelbrot_Set.dir/home/gerard/pico/pico-sdk/src/rp2_common/pico_stdio_uart/stdio_uart.c.o
 .binary_info.__bi_ptr49
                0x100050e4        0x4 CMakeFiles/VGA_Mandelbrot_Set.dir/home/gerard/pico/pico-sdk/src/rp2_common/pico_stdio_uart/stdio_uart.c.o
 .binary_info.__bi_ptr45
                0x100050e8        0x4 CMakeFiles/VGA_Mandelbrot_Set.dir/home/gerard/pico/pico-sdk/src/rp2_common/pico_stdio_uart/stdio_uart.c.o
                0x100050ec                        __binary_info_end = .

.rel.dyn        0x100050ec        0x0
 .rel.iplt      0x100050ec        0x0 /usr/lib/gcc/arm-none-eabi/12.2.1/thumb/v6-m/nofp/crtbegin.o
                0x100050ec                        . = ALIGN (0x4)

.ram_vector_table
                0x20000000       0xc0
 *(.ram_vector_table)
 .ram_vector_table
                0x20000000       0xc0 CMakeFiles/VGA_Mandelbrot_Set.dir/home/gerard/pico/pico-sdk/src/rp2_common/pico_runtime_init/runtime_init.c.o
                0x20000000                ram_vector_table

.uninitialized_data
                0x200000c0        0x0
                0x200000c0                        . = ALIGN (0x4)
 *(.uninitialized_data*)

.data           0x200000c0      0x188 load address 0x100050ec
                0x200000c0                        __data_start__ = .
 *(vtable)
 *(.time_critical*)
 .time_critical.mutex_try_enter_block_until
                0x200000c0       0x9c CMakeFiles/VGA_Mandelbrot_Set.dir/home/gerard/pico/pico-sdk/src/common/pico_sync/mutex.c.o
                0x200000c0                mutex_try_enter_block_until
 .time_critical.mutex_exit
                0x2000015c       0x28 CMakeFiles/VGA_Mandelbrot_Set.dir/home/gerard/pico/pico-sdk/src/common/pico_sync/mutex.c.o
                0x2000015c                mutex_exit
 *(.text*)
 .text          0x20000184        0x4 /usr/lib/gcc/arm-none-eabi/12.2.1/thumb/v6-m/nofp/libgcc.a(_dvmd_tls.o)
                0x20000184                __aeabi_ldiv0
                0x20000184                __aeabi_idiv0
 .text.__stub   0x20000188       0x10 linker stubs
                0x20000198                        . = ALIGN (0x4)
 *(.rodata*)
                0x20000198                        . = ALIGN (0x4)
 *(.data*)
 .data.address_pointer
                0x20000198        0x4 CMakeFiles/VGA_Mandelbrot_Set.dir/vga16_graphics.c.o
                0x20000198                address_pointer
 .data.striped_spin_lock_num
                0x2000019c        0x1 CMakeFiles/VGA_Mandelbrot_Set.dir/home/gerard/pico/pico-sdk/src/rp2_common/hardware_sync/sync.c.o
 *fill*         0x2000019d        0x3 
 .data          0x200001a0       0x48 CMakeFiles/VGA_Mandelbrot_Set.dir/home/gerard/pico/pico-sdk/src/rp2_common/hardware_irq/irq_handler_chain.S.o
                0x200001a0                irq_handler_chain_slots
                0x200001d0                irq_handler_chain_first_slot
                0x200001da                irq_handler_chain_remove_tail
 .data.default_alarm_pool
                0x200001e8       0x18 CMakeFiles/VGA_Mandelbrot_Set.dir/home/gerard/pico/pico-sdk/src/common/pico_time/time.c.o
 .data.aeabi_bits_funcs
                0x20000200       0x10 CMakeFiles/VGA_Mandelbrot_Set.dir/home/gerard/pico/pico-sdk/src/rp2_common/pico_bit_ops/bit_ops_aeabi.S.o
                0x20000200                aeabi_bits_funcs
                0x20000210                aeabi_bits_funcs_end
 .data.aeabi_mem_funcs
                0x20000210       0x10 CMakeFiles/VGA_Mandelbrot_Set.dir/home/gerard/pico/pico-sdk/src/rp2_common/pico_mem_ops/mem_ops_aeabi.S.o
                0x20000210                aeabi_mem_funcs
                0x20000220                aeabi_mem_funcs_end
 .data.stdio_uart
                0x20000220       0x18 CMakeFiles/VGA_Mandelbrot_Set.dir/home/gerard/pico/pico-sdk/src/rp2_common/pico_stdio_uart/stdio_uart.c.o
                0x20000220                stdio_uart
                0x20000238                        . = ALIGN (0x4)
 *(.after_data.*)
                0x20000238                        . = ALIGN (0x4)
                0x20000238                        PROVIDE (__mutex_array_start = .)
 *(SORT_BY_NAME(.mutex_array.*))
 *(.mutex_array)
 .mutex_array   0x20000238        0x8 CMakeFiles/VGA_Mandelbrot_Set.dir/home/gerard/pico/pico-sdk/src/rp2_common/pico_malloc/malloc.c.o
 .mutex_array   0x20000240        0x8 CMakeFiles/VGA_Mandelbrot_Set.dir/home/gerard/pico/pico-sdk/src/rp2_common/pico_stdio/stdio.c.o
                0x20000248                        PROVIDE (__mutex_array_end = .)
                0x20000248                        . = ALIGN (0x4)
 *(.jcr)
                0x20000248                        . = ALIGN (0x4)

.tm_clone_table
                0x20000248        0x0 load address 0x10005274
 .tm_clone_table
                0x20000248        0x0 /usr/lib/gcc/arm-none-eabi/12.2.1/thumb/v6-m/nofp/crtbegin.o
 .tm_clone_table
                0x20000248        0x0 /usr/lib/gcc/arm-none-eabi/12.2.1/thumb/v6-m/nofp/crtend.o

.igot.plt       0x20000248        0x0 load address 0x10005274
 .igot.plt      0x20000248        0x0 /usr/lib/gcc/arm-none-eabi/12.2.1/thumb/v6-m/nofp/crtbegin.o

.tdata          0x20000248        0x0 load address 0x10005274
                0x20000248                        . = ALIGN (0x4)
 *(.tdata .tdata.* .gnu.linkonce.td.*)
                0x20000248                        __tdata_end = .
                0x20000248                        PROVIDE (__data_end__ = .)
                0x100050ec                        __etext = LOADADDR (.data)

.tbss           0x20000248        0x0 load address 0x10005274
                0x20000248                        . = ALIGN (0x4)
                0x20000248                        __bss_start__ = .
                0x20000248                        __tls_base = .
 *(.tbss .tbss.* .gnu.linkonce.tb.*)
 *(.tcommon)
                0x20000248                        __tls_end = .

.bss            0x20000248    0x25c08 load address 0x10005274
                0x20000248                        . = ALIGN (0x4)
                0x20000248                        __tbss_end = .
 *(SORT_BY_ALIGNMENT(SORT_BY_NAME(.bss*)))
 .bss.default_alarm_pool_entries
                0x20000248      0x180 CMakeFiles/VGA_Mandelbrot_Set.dir/home/gerard/pico/pico-sdk/src/common/pico_time/time.c.o
 .bss.sd_table  0x200003c8      0x100 CMakeFiles/VGA_Mandelbrot_Set.dir/home/gerard/pico/pico-sdk/src/rp2_common/pico_double/double_init_rom_rp2040.c.o
                0x200003c8                sd_table
 .bss.sf_table  0x200004c8      0x100 CMakeFiles/VGA_Mandelbrot_Set.dir/home/gerard/pico/pico-sdk/src/rp2_common/pico_float/float_init_rom_rp2040.c.o
                0x200004c8                sf_table
 .bss           0x200005c8       0x1c /usr/lib/gcc/arm-none-eabi/12.2.1/thumb/v6-m/nofp/crtbegin.o
 .bss._used_instruction_space
                0x200005e4        0x8 CMakeFiles/VGA_Mandelbrot_Set.dir/home/gerard/pico/pico-sdk/src/rp2_common/hardware_pio/pio.c.o
 .bss.chars_available_callback
                0x200005ec        0x4 CMakeFiles/VGA_Mandelbrot_Set.dir/home/gerard/pico/pico-sdk/src/rp2_common/pico_stdio_uart/stdio_uart.c.o
 .bss.chars_available_param
                0x200005f0        0x4 CMakeFiles/VGA_Mandelbrot_Set.dir/home/gerard/pico/pico-sdk/src/rp2_common/pico_stdio_uart/stdio_uart.c.o
 .bss.claimed   0x200005f4        0x1 CMakeFiles/VGA_Mandelbrot_Set.dir/home/gerard/pico/pico-sdk/src/rp2_common/hardware_timer/timer.c.o
 *fill*         0x200005f5        0x3 
 .bss.configured_freq
                0x200005f8       0x28 CMakeFiles/VGA_Mandelbrot_Set.dir/home/gerard/pico/pico-sdk/src/rp2_common/hardware_clocks/clocks.c.o
 .bss.drivers   0x20000620        0x4 CMakeFiles/VGA_Mandelbrot_Set.dir/home/gerard/pico/pico-sdk/src/rp2_common/pico_stdio/stdio.c.o
 .bss.filter    0x20000624        0x4 CMakeFiles/VGA_Mandelbrot_Set.dir/home/gerard/pico/pico-sdk/src/rp2_common/pico_stdio/stdio.c.o
 .bss.lazy_vsnprintf
                0x20000628        0x4 CMakeFiles/VGA_Mandelbrot_Set.dir/home/gerard/pico/pico-sdk/src/rp2_common/pico_printf/printf.c.o
 .bss.pools     0x2000062c       0x10 CMakeFiles/VGA_Mandelbrot_Set.dir/home/gerard/pico/pico-sdk/src/common/pico_time/time.c.o
 .bss.sf_clz_func
                0x2000063c        0x4 CMakeFiles/VGA_Mandelbrot_Set.dir/home/gerard/pico/pico-sdk/src/rp2_common/pico_double/double_init_rom_rp2040.c.o
                0x2000063c                sf_clz_func
 .bss.sleep_notifier
                0x20000640        0x4 CMakeFiles/VGA_Mandelbrot_Set.dir/home/gerard/pico/pico-sdk/src/common/pico_time/time.c.o
 .bss.uart_char_to_line_feed
                0x20000644        0x4 CMakeFiles/VGA_Mandelbrot_Set.dir/home/gerard/pico/pico-sdk/src/rp2_common/hardware_uart/uart.c.o
                0x20000644                uart_char_to_line_feed
 .bss.uart_instance
                0x20000648        0x4 CMakeFiles/VGA_Mandelbrot_Set.dir/home/gerard/pico/pico-sdk/src/rp2_common/pico_stdio_uart/stdio_uart.c.o
 .bss.vga_data_array
                0x2000064c    0x25800 CMakeFiles/VGA_Mandelbrot_Set.dir/vga16_graphics.c.o
                0x2000064c                vga_data_array
 .bss._claimed  0x20025e4c        0x2 CMakeFiles/VGA_Mandelbrot_Set.dir/home/gerard/pico/pico-sdk/src/rp2_common/hardware_dma/dma.c.o
 .bss.irq_handler_chain_free_slot_head
                0x20025e4e        0x1 CMakeFiles/VGA_Mandelbrot_Set.dir/home/gerard/pico/pico-sdk/src/rp2_common/hardware_irq/irq.c.o
 *(COMMON)
                0x20025e50                        . = ALIGN (0x4)
 *fill*         0x20025e4f        0x1 
                0x20025e50                        __bss_end__ = .

.heap           0x20025e50      0x800 load address 0x10005274
                0x20025e50                        __end__ = .
                0x20025e50                        end = __end__
 *(.heap*)
 .heap          0x20025e50      0x800 CMakeFiles/VGA_Mandelbrot_Set.dir/home/gerard/pico/pico-sdk/src/rp2_common/pico_crt0/crt0.S.o
                0x20040000                        __HeapLimit = (ORIGIN (RAM) + LENGTH (RAM))

.scratch_x      0x20040000        0x0 load address 0x10005274
                0x20040000                        __scratch_x_start__ = .
 *(.scratch_x.*)
                0x20040000                        . = ALIGN (0x4)
                0x20040000                        __scratch_x_end__ = .
                0x10005274                        __scratch_x_source__ = LOADADDR (.scratch_x)

.scratch_y      0x20041000        0x0 load address 0x10005274
                0x20041000                        __scratch_y_start__ = .
 *(.scratch_y.*)
                0x20041000                        . = ALIGN (0x4)
                0x20041000                        __scratch_y_end__ = .
                0x10005274                        __scratch_y_source__ = LOADADDR (.scratch_y)

.stack1_dummy   0x20040000      0x800
 *(.stack1*)
 .stack1        0x20040000      0x800 CMakeFiles/VGA_Mandelbrot_Set.dir/home/gerard/pico/pico-sdk/src/rp2_common/pico_multicore/multicore.c.o

.stack_dummy    0x20041000      0x800
 *(.stack*)
 .stack         0x20041000      0x800 CMakeFiles/VGA_Mandelbrot_Set.dir/home/gerard/pico/pico-sdk/src/rp2_common/pico_crt0/crt0.S.o

.flash_end      0x10005274        0x0
 *(.embedded_end_block*)
                0x10005274                        PROVIDE (__flash_binary_end = .)
                0x20040000                        __StackLimit = (ORIGIN (RAM) + LENGTH (RAM))
                0x20041000                        __StackOneTop = (ORIGIN (SCRATCH_X) + LENGTH (SCRATCH_X))
                0x20042000                        __StackTop = (ORIGIN (SCRATCH_Y) + LENGTH (SCRATCH_Y))
                0x20040800                        __StackOneBottom = (__StackOneTop - SIZEOF (.stack1_dummy))
                0x20041800                        __StackBottom = (__StackTop - SIZEOF (.stack_dummy))
                0x20042000                        PROVIDE (__stack = __StackTop)
                [!provide]                        PROVIDE (__heap_start = __end__)
                [!provide]                        PROVIDE (__heap_end = __HeapLimit)
                [!provide]                        PROVIDE (__tls_align = MAX (ALIGNOF (.tdata), ALIGNOF (.tbss)))
                [!provide]                        PROVIDE (__tls_size_align = (((__tls_size + __tls_align) - 0x1) & ~ ((__tls_align - 0x1))))
                [!provide]                        PROVIDE (__arm32_tls_tcb_offset = MAX (0x8, __tls_align))
                [!provide]                        PROVIDE (_end = __end__)
                [!provide]                        PROVIDE (__llvm_libc_heap_limit = __HeapLimit)
                0x00000001                        ASSERT ((__StackLimit >= __HeapLimit), region RAM overflowed)
                0x00000001                        ASSERT (((__binary_info_header_end - __logical_binary_start) <= 0x100), Binary info must be in first 256 bytes of the binary)
LOAD CMakeFiles/VGA_Mandelbrot_Set.dir/mandelbrot_fixvfloat.c.o
LOAD CMakeFiles/VGA_Mandelbrot_Set.dir/vga16_graphics.c.o
LOAD CMakeFiles/VGA_Mandelbrot_Set.dir/home/gerard/pico/pico-sdk/src/rp2_common/pico_stdlib/stdlib.c.o
LOAD CMakeFiles/VGA_Mandelbrot_Set.dir/home/gerard/pico/pico-sdk/src/rp2_common/hardware_gpio/gpio.c.o
LOAD CMakeFiles/VGA_Mandelbrot_Set.dir/home/gerard/pico/pico-sdk/src/rp2040/pico_platform/platform.c.o
LOAD CMakeFiles/VGA_Mandelbrot_Set.dir/home/gerard/pico/pico-sdk/src/rp2_common/pico_platform_panic/panic.c.o
LOAD CMakeFiles/VGA_Mandelbrot_Set.dir/home/gerard/pico/pico-sdk/src/common/hardware_claim/claim.c.o
LOAD CMakeFiles/VGA_Mandelbrot_Set.dir/home/gerard/pico/pico-sdk/src/rp2_common/hardware_sync/sync.c.o
LOAD CMakeFiles/VGA_Mandelbrot_Set.dir/home/gerard/pico/pico-sdk/src/rp2_common/hardware_sync_spin_lock/sync_spin_lock.c.o
LOAD CMakeFiles/VGA_Mandelbrot_Set.dir/home/gerard/pico/pico-sdk/src/rp2_common/hardware_irq/irq.c.o
LOAD CMakeFiles/VGA_Mandelbrot_Set.dir/home/gerard/pico/pico-sdk/src/rp2_common/hardware_irq/irq_handler_chain.S.o
LOAD CMakeFiles/VGA_Mandelbrot_Set.dir/home/gerard/pico/pico-sdk/src/common/pico_sync/sem.c.o
LOAD CMakeFiles/VGA_Mandelbrot_Set.dir/home/gerard/pico/pico-sdk/src/common/pico_sync/lock_core.c.o
LOAD CMakeFiles/VGA_Mandelbrot_Set.dir/home/gerard/pico/pico-sdk/src/common/pico_sync/mutex.c.o
LOAD CMakeFiles/VGA_Mandelbrot_Set.dir/home/gerard/pico/pico-sdk/src/common/pico_sync/critical_section.c.o
LOAD CMakeFiles/VGA_Mandelbrot_Set.dir/home/gerard/pico/pico-sdk/src/common/pico_time/time.c.o
LOAD CMakeFiles/VGA_Mandelbrot_Set.dir/home/gerard/pico/pico-sdk/src/common/pico_time/timeout_helper.c.o
LOAD CMakeFiles/VGA_Mandelbrot_Set.dir/home/gerard/pico/pico-sdk/src/rp2_common/hardware_timer/timer.c.o
LOAD CMakeFiles/VGA_Mandelbrot_Set.dir/home/gerard/pico/pico-sdk/src/common/pico_util/datetime.c.o
LOAD CMakeFiles/VGA_Mandelbrot_Set.dir/home/gerard/pico/pico-sdk/src/common/pico_util/pheap.c.o
LOAD CMakeFiles/VGA_Mandelbrot_Set.dir/home/gerard/pico/pico-sdk/src/common/pico_util/queue.c.o
LOAD CMakeFiles/VGA_Mandelbrot_Set.dir/home/gerard/pico/pico-sdk/src/rp2_common/hardware_uart/uart.c.o
LOAD CMakeFiles/VGA_Mandelbrot_Set.dir/home/gerard/pico/pico-sdk/src/rp2_common/hardware_clocks/clocks.c.o
LOAD CMakeFiles/VGA_Mandelbrot_Set.dir/home/gerard/pico/pico-sdk/src/rp2_common/hardware_pll/pll.c.o
LOAD CMakeFiles/VGA_Mandelbrot_Set.dir/home/gerard/pico/pico-sdk/src/rp2_common/hardware_vreg/vreg.c.o
LOAD CMakeFiles/VGA_Mandelbrot_Set.dir/home/gerard/pico/pico-sdk/src/rp2_common/hardware_watchdog/watchdog.c.o
LOAD CMakeFiles/VGA_Mandelbrot_Set.dir/home/gerard/pico/pico-sdk/src/rp2_common/hardware_ticks/ticks.c.o
LOAD CMakeFiles/VGA_Mandelbrot_Set.dir/home/gerard/pico/pico-sdk/src/rp2_common/pico_bootrom/bootrom.c.o
LOAD CMakeFiles/VGA_Mandelbrot_Set.dir/home/gerard/pico/pico-sdk/src/rp2_common/pico_bootrom/bootrom_lock.c.o
LOAD CMakeFiles/VGA_Mandelbrot_Set.dir/home/gerard/pico/pico-sdk/src/rp2_common/hardware_boot_lock/boot_lock.c.o
LOAD CMakeFiles/VGA_Mandelbrot_Set.dir/home/gerard/pico/pico-sdk/src/rp2_common/pico_flash/flash.c.o
LOAD CMakeFiles/VGA_Mandelbrot_Set.dir/home/gerard/pico/pico-sdk/src/rp2_common/hardware_xosc/xosc.c.o
LOAD CMakeFiles/VGA_Mandelbrot_Set.dir/home/gerard/pico/pico-sdk/src/rp2_common/hardware_divider/divider.S.o
LOAD CMakeFiles/VGA_Mandelbrot_Set.dir/home/gerard/pico/pico-sdk/src/rp2_common/pico_runtime/runtime.c.o
LOAD CMakeFiles/VGA_Mandelbrot_Set.dir/home/gerard/pico/pico-sdk/src/rp2_common/pico_runtime_init/runtime_init.c.o
LOAD CMakeFiles/VGA_Mandelbrot_Set.dir/home/gerard/pico/pico-sdk/src/rp2_common/pico_runtime_init/runtime_init_clocks.c.o
LOAD CMakeFiles/VGA_Mandelbrot_Set.dir/home/gerard/pico/pico-sdk/src/rp2_common/pico_runtime_init/runtime_init_stack_guard.c.o
LOAD CMakeFiles/VGA_Mandelbrot_Set.dir/home/gerard/pico/pico-sdk/src/rp2_common/pico_bit_ops/bit_ops_aeabi.S.o
LOAD CMakeFiles/VGA_Mandelbrot_Set.dir/home/gerard/pico/pico-sdk/src/rp2_common/pico_divider/divider_hardware.S.o
LOAD CMakeFiles/VGA_Mandelbrot_Set.dir/home/gerard/pico/pico-sdk/src/rp2_common/pico_double/double_aeabi_rp2040.S.o
LOAD CMakeFiles/VGA_Mandelbrot_Set.dir/home/gerard/pico/pico-sdk/src/rp2_common/pico_double/double_init_rom_rp2040.c.o
LOAD CMakeFiles/VGA_Mandelbrot_Set.dir/home/gerard/pico/pico-sdk/src/rp2_common/pico_double/double_math.c.o
LOAD CMakeFiles/VGA_Mandelbrot_Set.dir/home/gerard/pico/pico-sdk/src/rp2_common/pico_double/double_v1_rom_shim_rp2040.S.o
LOAD CMakeFiles/VGA_Mandelbrot_Set.dir/home/gerard/pico/pico-sdk/src/rp2_common/pico_int64_ops/pico_int64_ops_aeabi.S.o
LOAD CMakeFiles/VGA_Mandelbrot_Set.dir/home/gerard/pico/pico-sdk/src/rp2_common/pico_float/float_aeabi_rp2040.S.o
LOAD CMakeFiles/VGA_Mandelbrot_Set.dir/home/gerard/pico/pico-sdk/src/rp2_common/pico_float/float_init_rom_rp2040.c.o
LOAD CMakeFiles/VGA_Mandelbrot_Set.dir/home/gerard/pico/pico-sdk/src/rp2_common/pico_float/float_math.c.o
LOAD CMakeFiles/VGA_Mandelbrot_Set.dir/home/gerard/pico/pico-sdk/src/rp2_common/pico_float/float_v1_rom_shim_rp2040.S.o
LOAD CMakeFiles/VGA_Mandelbrot_Set.dir/home/gerard/pico/pico-sdk/src/rp2_common/pico_malloc/malloc.c.o
LOAD CMakeFiles/VGA_Mandelbrot_Set.dir/home/gerard/pico/pico-sdk/src/rp2_common/pico_mem_ops/mem_ops_aeabi.S.o
LOAD CMakeFiles/VGA_Mandelbrot_Set.dir/home/gerard/pico/pico-sdk/src/rp2_common/pico_atomic/atomic.c.o
LOAD CMakeFiles/VGA_Mandelbrot_Set.dir/home/gerard/pico/pico-sdk/src/rp2_common/pico_cxx_options/new_delete.cpp.o
LOAD CMakeFiles/VGA_Mandelbrot_Set.dir/home/gerard/pico/pico-sdk/src/rp2_common/pico_standard_binary_info/standard_binary_info.c.o
LOAD CMakeFiles/VGA_Mandelbrot_Set.dir/home/gerard/pico/pico-sdk/src/rp2_common/pico_printf/printf.c.o
LOAD CMakeFiles/VGA_Mandelbrot_Set.dir/home/gerard/pico/pico-sdk/src/rp2_common/pico_crt0/crt0.S.o
LOAD CMakeFiles/VGA_Mandelbrot_Set.dir/home/gerard/pico/pico-sdk/src/rp2_common/pico_clib_interface/newlib_interface.c.o
LOAD CMakeFiles/VGA_Mandelbrot_Set.dir/home/gerard/pico/pico-sdk/src/rp2_common/pico_stdio/stdio.c.o
LOAD CMakeFiles/VGA_Mandelbrot_Set.dir/home/gerard/pico/pico-sdk/src/rp2_common/pico_stdio_uart/stdio_uart.c.o
LOAD CMakeFiles/VGA_Mandelbrot_Set.dir/home/gerard/pico/pico-sdk/src/rp2_common/pico_multicore/multicore.c.o
LOAD CMakeFiles/VGA_Mandelbrot_Set.dir/home/gerard/pico/pico-sdk/src/rp2_common/hardware_pio/pio.c.o
LOAD CMakeFiles/VGA_Mandelbrot_Set.dir/home/gerard/pico/pico-sdk/src/rp2_common/hardware_dma/dma.c.o
LOAD ../../pico-sdk/src/rp2040/boot_stage2/CMakeFiles/bs2_default_library.dir/bs2_default_padded_checksummed.S.o
LOAD /usr/lib/gcc/arm-none-eabi/12.2.1/../../../arm-none-eabi/lib/thumb/v6-m/nofp/libstdc++.a
LOAD /usr/lib/gcc/arm-none-eabi/12.2.1/../../../arm-none-eabi/lib/thumb/v6-m/nofp/libm.a
START GROUP
LOAD /usr/lib/gcc/arm-none-eabi/12.2.1/thumb/v6-m/nofp/libgcc.a
LOAD /usr/lib/gcc/arm-none-eabi/12.2.1/../../../arm-none-eabi/lib/thumb/v6-m/nofp/libg.a
LOAD /usr/lib/gcc/arm-none-eabi/12.2.1/../../../arm-none-eabi/lib/thumb/v6-m/nofp/libc.a
END GROUP
START GROUP
LOAD /usr/lib/gcc/arm-none-eabi/12.2.1/thumb/v6-m/nofp/libgcc.a
LOAD /usr/lib/gcc/arm-none-eabi/12.2.1/../../../arm-none-eabi/lib/thumb/v6-m/nofp/libc.a
LOAD /usr/lib/gcc/arm-none-eabi/12.2.1/../../../arm-none-eabi/lib/thumb/v6-m/nofp/libnosys.a
END GROUP
LOAD /usr/lib/gcc/arm-none-eabi/12.2.1/thumb/v6-m/nofp/crtend.o
LOAD /usr/lib/gcc/arm-none-eabi/12.2.1/thumb/v6-m/nofp/crtn.o
OUTPUT(VGA_Mandelbrot_Set.elf elf32-littlearm)
LOAD linker stubs

.ARM.attributes
                0x00000000       0x28
 .ARM.attributes
                0x00000000       0x1e /usr/lib/gcc/arm-none-eabi/12.2.1/thumb/v6-m/nofp/crti.o
 .ARM.attributes
                0x0000001e       0x2c /usr/lib/gcc/arm-none-eabi/12.2.1/thumb/v6-m/nofp/crtbegin.o
 .ARM.attributes
                0x0000004a       0x2c CMakeFiles/VGA_Mandelbrot_Set.dir/mandelbrot_fixvfloat.c.o
 .ARM.attributes
                0x00000076       0x2c CMakeFiles/VGA_Mandelbrot_Set.dir/vga16_graphics.c.o
 .ARM.attributes
                0x000000a2       0x2c CMakeFiles/VGA_Mandelbrot_Set.dir/home/gerard/pico/pico-sdk/src/rp2_common/hardware_gpio/gpio.c.o
 .ARM.attributes
                0x000000ce       0x2c CMakeFiles/VGA_Mandelbrot_Set.dir/home/gerard/pico/pico-sdk/src/rp2_common/pico_platform_panic/panic.c.o
 .ARM.attributes
                0x000000fa       0x2c CMakeFiles/VGA_Mandelbrot_Set.dir/home/gerard/pico/pico-sdk/src/common/hardware_claim/claim.c.o
 .ARM.attributes
                0x00000126       0x2c CMakeFiles/VGA_Mandelbrot_Set.dir/home/gerard/pico/pico-sdk/src/rp2_common/hardware_sync/sync.c.o
 .ARM.attributes
                0x00000152       0x2c CMakeFiles/VGA_Mandelbrot_Set.dir/home/gerard/pico/pico-sdk/src/rp2_common/hardware_sync_spin_lock/sync_spin_lock.c.o
 .ARM.attributes
                0x0000017e       0x2c CMakeFiles/VGA_Mandelbrot_Set.dir/home/gerard/pico/pico-sdk/src/rp2_common/hardware_irq/irq.c.o
 .ARM.attributes
                0x000001aa       0x22 CMakeFiles/VGA_Mandelbrot_Set.dir/home/gerard/pico/pico-sdk/src/rp2_common/hardware_irq/irq_handler_chain.S.o
 .ARM.attributes
                0x000001cc       0x2c CMakeFiles/VGA_Mandelbrot_Set.dir/home/gerard/pico/pico-sdk/src/common/pico_sync/lock_core.c.o
 .ARM.attributes
                0x000001f8       0x2c CMakeFiles/VGA_Mandelbrot_Set.dir/home/gerard/pico/pico-sdk/src/common/pico_sync/mutex.c.o
 .ARM.attributes
                0x00000224       0x2c CMakeFiles/VGA_Mandelbrot_Set.dir/home/gerard/pico/pico-sdk/src/common/pico_time/time.c.o
 .ARM.attributes
                0x00000250       0x2c CMakeFiles/VGA_Mandelbrot_Set.dir/home/gerard/pico/pico-sdk/src/rp2_common/hardware_timer/timer.c.o
 .ARM.attributes
                0x0000027c       0x2c CMakeFiles/VGA_Mandelbrot_Set.dir/home/gerard/pico/pico-sdk/src/rp2_common/hardware_uart/uart.c.o
 .ARM.attributes
                0x000002a8       0x2c CMakeFiles/VGA_Mandelbrot_Set.dir/home/gerard/pico/pico-sdk/src/rp2_common/hardware_clocks/clocks.c.o
 .ARM.attributes
                0x000002d4       0x2c CMakeFiles/VGA_Mandelbrot_Set.dir/home/gerard/pico/pico-sdk/src/rp2_common/hardware_pll/pll.c.o
 .ARM.attributes
                0x00000300       0x2c CMakeFiles/VGA_Mandelbrot_Set.dir/home/gerard/pico/pico-sdk/src/rp2_common/hardware_ticks/ticks.c.o
 .ARM.attributes
                0x0000032c       0x2c CMakeFiles/VGA_Mandelbrot_Set.dir/home/gerard/pico/pico-sdk/src/rp2_common/pico_bootrom/bootrom.c.o
 .ARM.attributes
                0x00000358       0x2c CMakeFiles/VGA_Mandelbrot_Set.dir/home/gerard/pico/pico-sdk/src/rp2_common/hardware_xosc/xosc.c.o
 .ARM.attributes
                0x00000384       0x2c CMakeFiles/VGA_Mandelbrot_Set.dir/home/gerard/pico/pico-sdk/src/rp2_common/pico_runtime/runtime.c.o
 .ARM.attributes
                0x000003b0       0x2c CMakeFiles/VGA_Mandelbrot_Set.dir/home/gerard/pico/pico-sdk/src/rp2_common/pico_runtime_init/runtime_init.c.o
 .ARM.attributes
                0x000003dc       0x2c CMakeFiles/VGA_Mandelbrot_Set.dir/home/gerard/pico/pico-sdk/src/rp2_common/pico_runtime_init/runtime_init_clocks.c.o
 .ARM.attributes
                0x00000408       0x22 CMakeFiles/VGA_Mandelbrot_Set.dir/home/gerard/pico/pico-sdk/src/rp2_common/pico_bit_ops/bit_ops_aeabi.S.o
 .ARM.attributes
                0x0000042a       0x22 CMakeFiles/VGA_Mandelbrot_Set.dir/home/gerard/pico/pico-sdk/src/rp2_common/pico_divider/divider_hardware.S.o
 .ARM.attributes
                0x0000044c       0x22 CMakeFiles/VGA_Mandelbrot_Set.dir/home/gerard/pico/pico-sdk/src/rp2_common/pico_double/double_aeabi_rp2040.S.o
 .ARM.attributes
                0x0000046e       0x2c CMakeFiles/VGA_Mandelbrot_Set.dir/home/gerard/pico/pico-sdk/src/rp2_common/pico_double/double_init_rom_rp2040.c.o
 .ARM.attributes
                0x0000049a       0x22 CMakeFiles/VGA_Mandelbrot_Set.dir/home/gerard/pico/pico-sdk/src/rp2_common/pico_double/double_v1_rom_shim_rp2040.S.o
 .ARM.attributes
                0x000004bc       0x22 CMakeFiles/VGA_Mandelbrot_Set.dir/home/gerard/pico/pico-sdk/src/rp2_common/pico_int64_ops/pico_int64_ops_aeabi.S.o
 .ARM.attributes
                0x000004de       0x22 CMakeFiles/VGA_Mandelbrot_Set.dir/home/gerard/pico/pico-sdk/src/rp2_common/pico_float/float_aeabi_rp2040.S.o
 .ARM.attributes
                0x00000500       0x2c CMakeFiles/VGA_Mandelbrot_Set.dir/home/gerard/pico/pico-sdk/src/rp2_common/pico_float/float_init_rom_rp2040.c.o
 .ARM.attributes
                0x0000052c       0x22 CMakeFiles/VGA_Mandelbrot_Set.dir/home/gerard/pico/pico-sdk/src/rp2_common/pico_float/float_v1_rom_shim_rp2040.S.o
 .ARM.attributes
                0x0000054e       0x2c CMakeFiles/VGA_Mandelbrot_Set.dir/home/gerard/pico/pico-sdk/src/rp2_common/pico_malloc/malloc.c.o
 .ARM.attributes
                0x0000057a       0x22 CMakeFiles/VGA_Mandelbrot_Set.dir/home/gerard/pico/pico-sdk/src/rp2_common/pico_mem_ops/mem_ops_aeabi.S.o
 .ARM.attributes
                0x0000059c       0x2c CMakeFiles/VGA_Mandelbrot_Set.dir/home/gerard/pico/pico-sdk/src/rp2_common/pico_standard_binary_info/standard_binary_info.c.o
 .ARM.attributes
                0x000005c8       0x2c CMakeFiles/VGA_Mandelbrot_Set.dir/home/gerard/pico/pico-sdk/src/rp2_common/pico_printf/printf.c.o
 .ARM.attributes
                0x000005f4       0x22 CMakeFiles/VGA_Mandelbrot_Set.dir/home/gerard/pico/pico-sdk/src/rp2_common/pico_crt0/crt0.S.o
 .ARM.attributes
                0x00000616       0x2c CMakeFiles/VGA_Mandelbrot_Set.dir/home/gerard/pico/pico-sdk/src/rp2_common/pico_clib_interface/newlib_interface.c.o
 .ARM.attributes
                0x00000642       0x2c CMakeFiles/VGA_Mandelbrot_Set.dir/home/gerard/pico/pico-sdk/src/rp2_common/pico_stdio/stdio.c.o
 .ARM.attributes
                0x0000066e       0x2c CMakeFiles/VGA_Mandelbrot_Set.dir/home/gerard/pico/pico-sdk/src/rp2_common/pico_stdio_uart/stdio_uart.c.o
 .ARM.attributes
                0x0000069a       0x2c CMakeFiles/VGA_Mandelbrot_Set.dir/home/gerard/pico/pico-sdk/src/rp2_common/pico_multicore/multicore.c.o
 .ARM.attributes
                0x000006c6       0x2c CMakeFiles/VGA_Mandelbrot_Set.dir/home/gerard/pico/pico-sdk/src/rp2_common/hardware_pio/pio.c.o
 .ARM.attributes
                0x000006f2       0x2c CMakeFiles/VGA_Mandelbrot_Set.dir/home/gerard/pico/pico-sdk/src/rp2_common/hardware_dma/dma.c.o
 .ARM.attributes
                0x0000071e       0x22 ../../pico-sdk/src/rp2040/boot_stage2/CMakeFiles/bs2_default_library.dir/bs2_default_padded_checksummed.S.o
 .ARM.attributes
                0x00000740       0x1e /usr/lib/gcc/arm-none-eabi/12.2.1/thumb/v6-m/nofp/libgcc.a(_dvmd_tls.o)
 .ARM.attributes
                0x0000075e       0x2c /usr/lib/gcc/arm-none-eabi/12.2.1/../../../arm-none-eabi/lib/thumb/v6-m/nofp/libg.a(lib_a-strlen-stub.o)
 .ARM.attributes
                0x0000078a       0x2c /usr/lib/gcc/arm-none-eabi/12.2.1/thumb/v6-m/nofp/crtend.o

.comment        0x00000000       0x26
 .comment       0x00000000       0x26 /usr/lib/gcc/arm-none-eabi/12.2.1/thumb/v6-m/nofp/crtbegin.o
                                 0x27 (size before relaxing)
 .comment       0x00000026       0x27 CMakeFiles/VGA_Mandelbrot_Set.dir/mandelbrot_fixvfloat.c.o
 .comment       0x00000026       0x27 CMakeFiles/VGA_Mandelbrot_Set.dir/vga16_graphics.c.o
 .comment       0x00000026       0x27 CMakeFiles/VGA_Mandelbrot_Set.dir/home/gerard/pico/pico-sdk/src/rp2_common/hardware_gpio/gpio.c.o
 .comment       0x00000026       0x27 CMakeFiles/VGA_Mandelbrot_Set.dir/home/gerard/pico/pico-sdk/src/rp2_common/pico_platform_panic/panic.c.o
 .comment       0x00000026       0x27 CMakeFiles/VGA_Mandelbrot_Set.dir/home/gerard/pico/pico-sdk/src/common/hardware_claim/claim.c.o
 .comment       0x00000026       0x27 CMakeFiles/VGA_Mandelbrot_Set.dir/home/gerard/pico/pico-sdk/src/rp2_common/hardware_sync/sync.c.o
 .comment       0x00000026       0x27 CMakeFiles/VGA_Mandelbrot_Set.dir/home/gerard/pico/pico-sdk/src/rp2_common/hardware_sync_spin_lock/sync_spin_lock.c.o
 .comment       0x00000026       0x27 CMakeFiles/VGA_Mandelbrot_Set.dir/home/gerard/pico/pico-sdk/src/rp2_common/hardware_irq/irq.c.o
 .comment       0x00000026       0x27 CMakeFiles/VGA_Mandelbrot_Set.dir/home/gerard/pico/pico-sdk/src/common/pico_sync/lock_core.c.o
 .comment       0x00000026       0x27 CMakeFiles/VGA_Mandelbrot_Set.dir/home/gerard/pico/pico-sdk/src/common/pico_sync/mutex.c.o
 .comment       0x00000026       0x27 CMakeFiles/VGA_Mandelbrot_Set.dir/home/gerard/pico/pico-sdk/src/common/pico_time/time.c.o
 .comment       0x00000026       0x27 CMakeFiles/VGA_Mandelbrot_Set.dir/home/gerard/pico/pico-sdk/src/rp2_common/hardware_timer/timer.c.o
 .comment       0x00000026       0x27 CMakeFiles/VGA_Mandelbrot_Set.dir/home/gerard/pico/pico-sdk/src/rp2_common/hardware_uart/uart.c.o
 .comment       0x00000026       0x27 CMakeFiles/VGA_Mandelbrot_Set.dir/home/gerard/pico/pico-sdk/src/rp2_common/hardware_clocks/clocks.c.o
 .comment       0x00000026       0x27 CMakeFiles/VGA_Mandelbrot_Set.dir/home/gerard/pico/pico-sdk/src/rp2_common/hardware_pll/pll.c.o
 .comment       0x00000026       0x27 CMakeFiles/VGA_Mandelbrot_Set.dir/home/gerard/pico/pico-sdk/src/rp2_common/hardware_ticks/ticks.c.o
 .comment       0x00000026       0x27 CMakeFiles/VGA_Mandelbrot_Set.dir/home/gerard/pico/pico-sdk/src/rp2_common/pico_bootrom/bootrom.c.o
 .comment       0x00000026       0x27 CMakeFiles/VGA_Mandelbrot_Set.dir/home/gerard/pico/pico-sdk/src/rp2_common/hardware_xosc/xosc.c.o
 .comment       0x00000026       0x27 CMakeFiles/VGA_Mandelbrot_Set.dir/home/gerard/pico/pico-sdk/src/rp2_common/pico_runtime/runtime.c.o
 .comment       0x00000026       0x27 CMakeFiles/VGA_Mandelbrot_Set.dir/home/gerard/pico/pico-sdk/src/rp2_common/pico_runtime_init/runtime_init.c.o
 .comment       0x00000026       0x27 CMakeFiles/VGA_Mandelbrot_Set.dir/home/gerard/pico/pico-sdk/src/rp2_common/pico_runtime_init/runtime_init_clocks.c.o
 .comment       0x00000026       0x27 CMakeFiles/VGA_Mandelbrot_Set.dir/home/gerard/pico/pico-sdk/src/rp2_common/pico_double/double_init_rom_rp2040.c.o
 .comment       0x00000026       0x27 CMakeFiles/VGA_Mandelbrot_Set.dir/home/gerard/pico/pico-sdk/src/rp2_common/pico_float/float_init_rom_rp2040.c.o
 .comment       0x00000026       0x27 CMakeFiles/VGA_Mandelbrot_Set.dir/home/gerard/pico/pico-sdk/src/rp2_common/pico_malloc/malloc.c.o
 .comment       0x00000026       0x27 CMakeFiles/VGA_Mandelbrot_Set.dir/home/gerard/pico/pico-sdk/src/rp2_common/pico_standard_binary_info/standard_binary_info.c.o
 .comment       0x00000026       0x27 CMakeFiles/VGA_Mandelbrot_Set.dir/home/gerard/pico/pico-sdk/src/rp2_common/pico_printf/printf.c.o
 .comment       0x00000026       0x27 CMakeFiles/VGA_Mandelbrot_Set.dir/home/gerard/pico/pico-sdk/src/rp2_common/pico_clib_interface/newlib_interface.c.o
 .comment       0x00000026       0x27 CMakeFiles/VGA_Mandelbrot_Set.dir/home/gerard/pico/pico-sdk/src/rp2_common/pico_stdio/stdio.c.o
 .comment       0x00000026       0x27 CMakeFiles/VGA_Mandelbrot_Set.dir/home/gerard/pico/pico-sdk/src/rp2_common/pico_stdio_uart/stdio_uart.c.o
 .comment       0x00000026       0x27 CMakeFiles/VGA_Mandelbrot_Set.dir/home/gerard/pico/pico-sdk/src/rp2_common/pico_multicore/multicore.c.o
 .comment       0x00000026       0x27 CMakeFiles/VGA_Mandelbrot_Set.dir/home/gerard/pico/pico-sdk/src/rp2_common/hardware_pio/pio.c.o
 .comment       0x00000026       0x27 CMakeFiles/VGA_Mandelbrot_Set.dir/home/gerard/pico/pico-sdk/src/rp2_common/hardware_dma/dma.c.o
 .comment       0x00000026       0x27 /usr/lib/gcc/arm-none-eabi/12.2.1/../../../arm-none-eabi/lib/thumb/v6-m/nofp/libg.a(lib_a-strlen-stub.o)
 .comment       0x00000026       0x27 /usr/lib/gcc/arm-none-eabi/12.2.1/thumb/v6-m/nofp/crtend.o

.debug_info     0x00000000    0x2787b
 .debug_info    0x00000000      0xa22 CMakeFiles/VGA_Mandelbrot_Set.dir/mandelbrot_fixvfloat.c.o
 .debug_info    0x00000a22     0x5255 CMakeFiles/VGA_Mandelbrot_Set.dir/vga16_graphics.c.o
 .debug_info    0x00005c77     0x2425 CMakeFiles/VGA_Mandelbrot_Set.dir/home/gerard/pico/pico-sdk/src/rp2_common/hardware_gpio/gpio.c.o
 .debug_info    0x0000809c      0x1bf CMakeFiles/VGA_Mandelbrot_Set.dir/home/gerard/pico/pico-sdk/src/rp2_common/pico_platform_panic/panic.c.o
 .debug_info    0x0000825b      0x97f CMakeFiles/VGA_Mandelbrot_Set.dir/home/gerard/pico/pico-sdk/src/common/hardware_claim/claim.c.o
 .debug_info    0x00008bda      0x421 CMakeFiles/VGA_Mandelbrot_Set.dir/home/gerard/pico/pico-sdk/src/rp2_common/hardware_sync/sync.c.o
 .debug_info    0x00008ffb      0x239 CMakeFiles/VGA_Mandelbrot_Set.dir/home/gerard/pico/pico-sdk/src/rp2_common/hardware_sync_spin_lock/sync_spin_lock.c.o
 .debug_info    0x00009234     0x21a6 CMakeFiles/VGA_Mandelbrot_Set.dir/home/gerard/pico/pico-sdk/src/rp2_common/hardware_irq/irq.c.o
 .debug_info    0x0000b3da      0x153 CMakeFiles/VGA_Mandelbrot_Set.dir/home/gerard/pico/pico-sdk/src/common/pico_sync/lock_core.c.o
 .debug_info    0x0000b52d     0x27c5 CMakeFiles/VGA_Mandelbrot_Set.dir/home/gerard/pico/pico-sdk/src/common/pico_sync/mutex.c.o
 .debug_info    0x0000dcf2     0x47ca CMakeFiles/VGA_Mandelbrot_Set.dir/home/gerard/pico/pico-sdk/src/common/pico_time/time.c.o
 .debug_info    0x000124bc     0x2a99 CMakeFiles/VGA_Mandelbrot_Set.dir/home/gerard/pico/pico-sdk/src/rp2_common/hardware_timer/timer.c.o
 .debug_info    0x00014f55     0x193b CMakeFiles/VGA_Mandelbrot_Set.dir/home/gerard/pico/pico-sdk/src/rp2_common/hardware_uart/uart.c.o
 .debug_info    0x00016890     0x2901 CMakeFiles/VGA_Mandelbrot_Set.dir/home/gerard/pico/pico-sdk/src/rp2_common/hardware_clocks/clocks.c.o
 .debug_info    0x00019191      0x4cd CMakeFiles/VGA_Mandelbrot_Set.dir/home/gerard/pico/pico-sdk/src/rp2_common/hardware_pll/pll.c.o
 .debug_info    0x0001965e      0x230 CMakeFiles/VGA_Mandelbrot_Set.dir/home/gerard/pico/pico-sdk/src/rp2_common/hardware_ticks/ticks.c.o
 .debug_info    0x0001988e      0x648 CMakeFiles/VGA_Mandelbrot_Set.dir/home/gerard/pico/pico-sdk/src/rp2_common/pico_bootrom/bootrom.c.o
 .debug_info    0x00019ed6      0x1b8 CMakeFiles/VGA_Mandelbrot_Set.dir/home/gerard/pico/pico-sdk/src/rp2_common/hardware_xosc/xosc.c.o
 .debug_info    0x0001a08e      0x20e CMakeFiles/VGA_Mandelbrot_Set.dir/home/gerard/pico/pico-sdk/src/rp2_common/pico_runtime/runtime.c.o
 .debug_info    0x0001a29c      0x77d CMakeFiles/VGA_Mandelbrot_Set.dir/home/gerard/pico/pico-sdk/src/rp2_common/pico_runtime_init/runtime_init.c.o
 .debug_info    0x0001aa19      0x768 CMakeFiles/VGA_Mandelbrot_Set.dir/home/gerard/pico/pico-sdk/src/rp2_common/pico_runtime_init/runtime_init_clocks.c.o
 .debug_info    0x0001b181       0x23 CMakeFiles/VGA_Mandelbrot_Set.dir/home/gerard/pico/pico-sdk/src/rp2_common/pico_bit_ops/bit_ops_aeabi.S.o
 .debug_info    0x0001b1a4       0x23 CMakeFiles/VGA_Mandelbrot_Set.dir/home/gerard/pico/pico-sdk/src/rp2_common/pico_divider/divider_hardware.S.o
 .debug_info    0x0001b1c7       0x23 CMakeFiles/VGA_Mandelbrot_Set.dir/home/gerard/pico/pico-sdk/src/rp2_common/pico_double/double_aeabi_rp2040.S.o
 .debug_info    0x0001b1ea      0x266 CMakeFiles/VGA_Mandelbrot_Set.dir/home/gerard/pico/pico-sdk/src/rp2_common/pico_double/double_init_rom_rp2040.c.o
 .debug_info    0x0001b450       0x23 CMakeFiles/VGA_Mandelbrot_Set.dir/home/gerard/pico/pico-sdk/src/rp2_common/pico_double/double_v1_rom_shim_rp2040.S.o
 .debug_info    0x0001b473       0x24 CMakeFiles/VGA_Mandelbrot_Set.dir/home/gerard/pico/pico-sdk/src/rp2_common/pico_int64_ops/pico_int64_ops_aeabi.S.o
 .debug_info    0x0001b497       0x23 CMakeFiles/VGA_Mandelbrot_Set.dir/home/gerard/pico/pico-sdk/src/rp2_common/pico_float/float_aeabi_rp2040.S.o
 .debug_info    0x0001b4ba      0x266 CMakeFiles/VGA_Mandelbrot_Set.dir/home/gerard/pico/pico-sdk/src/rp2_common/pico_float/float_init_rom_rp2040.c.o
 .debug_info    0x0001b720       0x23 CMakeFiles/VGA_Mandelbrot_Set.dir/home/gerard/pico/pico-sdk/src/rp2_common/pico_float/float_v1_rom_shim_rp2040.S.o
 .debug_info    0x0001b743      0x601 CMakeFiles/VGA_Mandelbrot_Set.dir/home/gerard/pico/pico-sdk/src/rp2_common/pico_malloc/malloc.c.o
 .debug_info    0x0001bd44       0x23 CMakeFiles/VGA_Mandelbrot_Set.dir/home/gerard/pico/pico-sdk/src/rp2_common/pico_mem_ops/mem_ops_aeabi.S.o
 .debug_info    0x0001bd67      0x288 CMakeFiles/VGA_Mandelbrot_Set.dir/home/gerard/pico/pico-sdk/src/rp2_common/pico_standard_binary_info/standard_binary_info.c.o
 .debug_info    0x0001bfef     0x212e CMakeFiles/VGA_Mandelbrot_Set.dir/home/gerard/pico/pico-sdk/src/rp2_common/pico_printf/printf.c.o
 .debug_info    0x0001e11d       0x23 CMakeFiles/VGA_Mandelbrot_Set.dir/home/gerard/pico/pico-sdk/src/rp2_common/pico_crt0/crt0.S.o
 .debug_info    0x0001e140      0xb36 CMakeFiles/VGA_Mandelbrot_Set.dir/home/gerard/pico/pico-sdk/src/rp2_common/pico_clib_interface/newlib_interface.c.o
 .debug_info    0x0001ec76     0x1ce5 CMakeFiles/VGA_Mandelbrot_Set.dir/home/gerard/pico/pico-sdk/src/rp2_common/pico_stdio/stdio.c.o
 .debug_info    0x0002095b     0x149b CMakeFiles/VGA_Mandelbrot_Set.dir/home/gerard/pico/pico-sdk/src/rp2_common/pico_stdio_uart/stdio_uart.c.o
 .debug_info    0x00021df6     0x1f9b CMakeFiles/VGA_Mandelbrot_Set.dir/home/gerard/pico/pico-sdk/src/rp2_common/pico_multicore/multicore.c.o
 .debug_info    0x00023d91     0x2fe4 CMakeFiles/VGA_Mandelbrot_Set.dir/home/gerard/pico/pico-sdk/src/rp2_common/hardware_pio/pio.c.o
 .debug_info    0x00026d75      0x9e2 CMakeFiles/VGA_Mandelbrot_Set.dir/home/gerard/pico/pico-sdk/src/rp2_common/hardware_dma/dma.c.o
 .debug_info    0x00027757       0x39 /usr/lib/gcc/arm-none-eabi/12.2.1/thumb/v6-m/nofp/libgcc.a(_dvmd_tls.o)
 .debug_info    0x00027790       0xeb /usr/lib/gcc/arm-none-eabi/12.2.1/../../../arm-none-eabi/lib/thumb/v6-m/nofp/libg.a(lib_a-strlen-stub.o)

.debug_abbrev   0x00000000     0x68b0
 .debug_abbrev  0x00000000      0x235 CMakeFiles/VGA_Mandelbrot_Set.dir/mandelbrot_fixvfloat.c.o
 .debug_abbrev  0x00000235      0x5c0 CMakeFiles/VGA_Mandelbrot_Set.dir/vga16_graphics.c.o
 .debug_abbrev  0x000007f5      0x4ef CMakeFiles/VGA_Mandelbrot_Set.dir/home/gerard/pico/pico-sdk/src/rp2_common/hardware_gpio/gpio.c.o
 .debug_abbrev  0x00000ce4      0x12b CMakeFiles/VGA_Mandelbrot_Set.dir/home/gerard/pico/pico-sdk/src/rp2_common/pico_platform_panic/panic.c.o
 .debug_abbrev  0x00000e0f      0x326 CMakeFiles/VGA_Mandelbrot_Set.dir/home/gerard/pico/pico-sdk/src/common/hardware_claim/claim.c.o
 .debug_abbrev  0x00001135      0x20d CMakeFiles/VGA_Mandelbrot_Set.dir/home/gerard/pico/pico-sdk/src/rp2_common/hardware_sync/sync.c.o
 .debug_abbrev  0x00001342      0x1bb CMakeFiles/VGA_Mandelbrot_Set.dir/home/gerard/pico/pico-sdk/src/rp2_common/hardware_sync_spin_lock/sync_spin_lock.c.o
 .debug_abbrev  0x000014fd      0x600 CMakeFiles/VGA_Mandelbrot_Set.dir/home/gerard/pico/pico-sdk/src/rp2_common/hardware_irq/irq.c.o
 .debug_abbrev  0x00001afd       0xee CMakeFiles/VGA_Mandelbrot_Set.dir/home/gerard/pico/pico-sdk/src/common/pico_sync/lock_core.c.o
 .debug_abbrev  0x00001beb      0x489 CMakeFiles/VGA_Mandelbrot_Set.dir/home/gerard/pico/pico-sdk/src/common/pico_sync/mutex.c.o
 .debug_abbrev  0x00002074      0x689 CMakeFiles/VGA_Mandelbrot_Set.dir/home/gerard/pico/pico-sdk/src/common/pico_time/time.c.o
 .debug_abbrev  0x000026fd      0x4f2 CMakeFiles/VGA_Mandelbrot_Set.dir/home/gerard/pico/pico-sdk/src/rp2_common/hardware_timer/timer.c.o
 .debug_abbrev  0x00002bef      0x365 CMakeFiles/VGA_Mandelbrot_Set.dir/home/gerard/pico/pico-sdk/src/rp2_common/hardware_uart/uart.c.o
 .debug_abbrev  0x00002f54      0x4d0 CMakeFiles/VGA_Mandelbrot_Set.dir/home/gerard/pico/pico-sdk/src/rp2_common/hardware_clocks/clocks.c.o
 .debug_abbrev  0x00003424      0x1d2 CMakeFiles/VGA_Mandelbrot_Set.dir/home/gerard/pico/pico-sdk/src/rp2_common/hardware_pll/pll.c.o
 .debug_abbrev  0x000035f6      0x145 CMakeFiles/VGA_Mandelbrot_Set.dir/home/gerard/pico/pico-sdk/src/rp2_common/hardware_ticks/ticks.c.o
 .debug_abbrev  0x0000373b      0x1bc CMakeFiles/VGA_Mandelbrot_Set.dir/home/gerard/pico/pico-sdk/src/rp2_common/pico_bootrom/bootrom.c.o
 .debug_abbrev  0x000038f7      0x11d CMakeFiles/VGA_Mandelbrot_Set.dir/home/gerard/pico/pico-sdk/src/rp2_common/hardware_xosc/xosc.c.o
 .debug_abbrev  0x00003a14      0x182 CMakeFiles/VGA_Mandelbrot_Set.dir/home/gerard/pico/pico-sdk/src/rp2_common/pico_runtime/runtime.c.o
 .debug_abbrev  0x00003b96      0x222 CMakeFiles/VGA_Mandelbrot_Set.dir/home/gerard/pico/pico-sdk/src/rp2_common/pico_runtime_init/runtime_init.c.o
 .debug_abbrev  0x00003db8      0x294 CMakeFiles/VGA_Mandelbrot_Set.dir/home/gerard/pico/pico-sdk/src/rp2_common/pico_runtime_init/runtime_init_clocks.c.o
 .debug_abbrev  0x0000404c       0x12 CMakeFiles/VGA_Mandelbrot_Set.dir/home/gerard/pico/pico-sdk/src/rp2_common/pico_bit_ops/bit_ops_aeabi.S.o
 .debug_abbrev  0x0000405e       0x12 CMakeFiles/VGA_Mandelbrot_Set.dir/home/gerard/pico/pico-sdk/src/rp2_common/pico_divider/divider_hardware.S.o
 .debug_abbrev  0x00004070       0x12 CMakeFiles/VGA_Mandelbrot_Set.dir/home/gerard/pico/pico-sdk/src/rp2_common/pico_double/double_aeabi_rp2040.S.o
 .debug_abbrev  0x00004082      0x17a CMakeFiles/VGA_Mandelbrot_Set.dir/home/gerard/pico/pico-sdk/src/rp2_common/pico_double/double_init_rom_rp2040.c.o
 .debug_abbrev  0x000041fc       0x12 CMakeFiles/VGA_Mandelbrot_Set.dir/home/gerard/pico/pico-sdk/src/rp2_common/pico_double/double_v1_rom_shim_rp2040.S.o
 .debug_abbrev  0x0000420e       0x14 CMakeFiles/VGA_Mandelbrot_Set.dir/home/gerard/pico/pico-sdk/src/rp2_common/pico_int64_ops/pico_int64_ops_aeabi.S.o
 .debug_abbrev  0x00004222       0x12 CMakeFiles/VGA_Mandelbrot_Set.dir/home/gerard/pico/pico-sdk/src/rp2_common/pico_float/float_aeabi_rp2040.S.o
 .debug_abbrev  0x00004234      0x173 CMakeFiles/VGA_Mandelbrot_Set.dir/home/gerard/pico/pico-sdk/src/rp2_common/pico_float/float_init_rom_rp2040.c.o
 .debug_abbrev  0x000043a7       0x12 CMakeFiles/VGA_Mandelbrot_Set.dir/home/gerard/pico/pico-sdk/src/rp2_common/pico_float/float_v1_rom_shim_rp2040.S.o
 .debug_abbrev  0x000043b9      0x211 CMakeFiles/VGA_Mandelbrot_Set.dir/home/gerard/pico/pico-sdk/src/rp2_common/pico_malloc/malloc.c.o
 .debug_abbrev  0x000045ca       0x12 CMakeFiles/VGA_Mandelbrot_Set.dir/home/gerard/pico/pico-sdk/src/rp2_common/pico_mem_ops/mem_ops_aeabi.S.o
 .debug_abbrev  0x000045dc       0xb8 CMakeFiles/VGA_Mandelbrot_Set.dir/home/gerard/pico/pico-sdk/src/rp2_common/pico_standard_binary_info/standard_binary_info.c.o
 .debug_abbrev  0x00004694      0x52a CMakeFiles/VGA_Mandelbrot_Set.dir/home/gerard/pico/pico-sdk/src/rp2_common/pico_printf/printf.c.o
 .debug_abbrev  0x00004bbe       0x12 CMakeFiles/VGA_Mandelbrot_Set.dir/home/gerard/pico/pico-sdk/src/rp2_common/pico_crt0/crt0.S.o
 .debug_abbrev  0x00004bd0      0x352 CMakeFiles/VGA_Mandelbrot_Set.dir/home/gerard/pico/pico-sdk/src/rp2_common/pico_clib_interface/newlib_interface.c.o
 .debug_abbrev  0x00004f22      0x601 CMakeFiles/VGA_Mandelbrot_Set.dir/home/gerard/pico/pico-sdk/src/rp2_common/pico_stdio/stdio.c.o
 .debug_abbrev  0x00005523      0x497 CMakeFiles/VGA_Mandelbrot_Set.dir/home/gerard/pico/pico-sdk/src/rp2_common/pico_stdio_uart/stdio_uart.c.o
 .debug_abbrev  0x000059ba      0x64e CMakeFiles/VGA_Mandelbrot_Set.dir/home/gerard/pico/pico-sdk/src/rp2_common/pico_multicore/multicore.c.o
 .debug_abbrev  0x00006008      0x52b CMakeFiles/VGA_Mandelbrot_Set.dir/home/gerard/pico/pico-sdk/src/rp2_common/hardware_pio/pio.c.o
 .debug_abbrev  0x00006533      0x2ce CMakeFiles/VGA_Mandelbrot_Set.dir/home/gerard/pico/pico-sdk/src/rp2_common/hardware_dma/dma.c.o
 .debug_abbrev  0x00006801       0x1f /usr/lib/gcc/arm-none-eabi/12.2.1/thumb/v6-m/nofp/libgcc.a(_dvmd_tls.o)
 .debug_abbrev  0x00006820       0x90 /usr/lib/gcc/arm-none-eabi/12.2.1/../../../arm-none-eabi/lib/thumb/v6-m/nofp/libg.a(lib_a-strlen-stub.o)

.debug_loclists
                0x00000000    0x19f83
 .debug_loclists
                0x00000000      0x411 CMakeFiles/VGA_Mandelbrot_Set.dir/mandelbrot_fixvfloat.c.o
 .debug_loclists
                0x00000411     0x7a9a CMakeFiles/VGA_Mandelbrot_Set.dir/vga16_graphics.c.o
 .debug_loclists
                0x00007eab     0x1966 CMakeFiles/VGA_Mandelbrot_Set.dir/home/gerard/pico/pico-sdk/src/rp2_common/hardware_gpio/gpio.c.o
 .debug_loclists
                0x00009811      0x30a CMakeFiles/VGA_Mandelbrot_Set.dir/home/gerard/pico/pico-sdk/src/common/hardware_claim/claim.c.o
 .debug_loclists
                0x00009b1b       0xd2 CMakeFiles/VGA_Mandelbrot_Set.dir/home/gerard/pico/pico-sdk/src/rp2_common/hardware_sync/sync.c.o
 .debug_loclists
                0x00009bed       0x77 CMakeFiles/VGA_Mandelbrot_Set.dir/home/gerard/pico/pico-sdk/src/rp2_common/hardware_sync_spin_lock/sync_spin_lock.c.o
 .debug_loclists
                0x00009c64     0x1092 CMakeFiles/VGA_Mandelbrot_Set.dir/home/gerard/pico/pico-sdk/src/rp2_common/hardware_irq/irq.c.o
 .debug_loclists
                0x0000acf6       0x3b CMakeFiles/VGA_Mandelbrot_Set.dir/home/gerard/pico/pico-sdk/src/common/pico_sync/lock_core.c.o
 .debug_loclists
                0x0000ad31      0xa9d CMakeFiles/VGA_Mandelbrot_Set.dir/home/gerard/pico/pico-sdk/src/common/pico_sync/mutex.c.o
 .debug_loclists
                0x0000b7ce     0x22cf CMakeFiles/VGA_Mandelbrot_Set.dir/home/gerard/pico/pico-sdk/src/common/pico_time/time.c.o
 .debug_loclists
                0x0000da9d     0x18b4 CMakeFiles/VGA_Mandelbrot_Set.dir/home/gerard/pico/pico-sdk/src/rp2_common/hardware_timer/timer.c.o
 .debug_loclists