Archive member included to satisfy reference by file (symbol)

/usr/lib/gcc/arm-none-eabi/12.2.1/thumb/v6-m/nofp/libgcc.a(_dvmd_tls.o)
                              CMakeFiles/MPU6050_IMU.dir/home/gerard/pico/pico-sdk/src/rp2_common/pico_divider/divider_hardware.S.o (__aeabi_idiv0)
/usr/lib/gcc/arm-none-eabi/12.2.1/../../../arm-none-eabi/lib/thumb/v6-m/nofp/libg.a(lib_a-atexit.o)
                              /usr/lib/gcc/arm-none-eabi/12.2.1/../../../arm-none-eabi/lib/thumb/v6-m/nofp/crt0.o (atexit)
/usr/lib/gcc/arm-none-eabi/12.2.1/../../../arm-none-eabi/lib/thumb/v6-m/nofp/libg.a(lib_a-calloc.o)
                              CMakeFiles/MPU6050_IMU.dir/home/gerard/pico/pico-sdk/src/rp2_common/pico_malloc/malloc.c.o (calloc)
/usr/lib/gcc/arm-none-eabi/12.2.1/../../../arm-none-eabi/lib/thumb/v6-m/nofp/libg.a(lib_a-callocr.o)
                              /usr/lib/gcc/arm-none-eabi/12.2.1/../../../arm-none-eabi/lib/thumb/v6-m/nofp/libg.a(lib_a-calloc.o) (_calloc_r)
/usr/lib/gcc/arm-none-eabi/12.2.1/../../../arm-none-eabi/lib/thumb/v6-m/nofp/libg.a(lib_a-fini.o)
                              /usr/lib/gcc/arm-none-eabi/12.2.1/../../../arm-none-eabi/lib/thumb/v6-m/nofp/crt0.o (__libc_fini_array)
/usr/lib/gcc/arm-none-eabi/12.2.1/../../../arm-none-eabi/lib/thumb/v6-m/nofp/libg.a(lib_a-impure.o)
                              /usr/lib/gcc/arm-none-eabi/12.2.1/../../../arm-none-eabi/lib/thumb/v6-m/nofp/libg.a(lib_a-calloc.o) (_impure_ptr)
/usr/lib/gcc/arm-none-eabi/12.2.1/../../../arm-none-eabi/lib/thumb/v6-m/nofp/libg.a(lib_a-init.o)
                              /usr/lib/gcc/arm-none-eabi/12.2.1/../../../arm-none-eabi/lib/thumb/v6-m/nofp/crt0.o (__libc_init_array)
/usr/lib/gcc/arm-none-eabi/12.2.1/../../../arm-none-eabi/lib/thumb/v6-m/nofp/libg.a(lib_a-lcltime_r.o)
                              CMakeFiles/MPU6050_IMU.dir/home/gerard/pico/pico-sdk/src/common/pico_util/datetime.c.o (localtime_r)
/usr/lib/gcc/arm-none-eabi/12.2.1/../../../arm-none-eabi/lib/thumb/v6-m/nofp/libg.a(lib_a-malloc.o)
                              CMakeFiles/MPU6050_IMU.dir/home/gerard/pico/pico-sdk/src/rp2_common/pico_malloc/malloc.c.o (malloc)
/usr/lib/gcc/arm-none-eabi/12.2.1/../../../arm-none-eabi/lib/thumb/v6-m/nofp/libg.a(lib_a-mallocr.o)
                              /usr/lib/gcc/arm-none-eabi/12.2.1/../../../arm-none-eabi/lib/thumb/v6-m/nofp/libg.a(lib_a-callocr.o) (_malloc_r)
/usr/lib/gcc/arm-none-eabi/12.2.1/../../../arm-none-eabi/lib/thumb/v6-m/nofp/libg.a(lib_a-memcmp.o)
                              CMakeFiles/MPU6050_IMU.dir/home/gerard/pico/pico-sdk/src/rp2_common/pico_atomic/atomic.c.o (memcmp)
/usr/lib/gcc/arm-none-eabi/12.2.1/../../../arm-none-eabi/lib/thumb/v6-m/nofp/libg.a(lib_a-mktime.o)
                              CMakeFiles/MPU6050_IMU.dir/home/gerard/pico/pico-sdk/src/common/pico_util/datetime.c.o (mktime)
/usr/lib/gcc/arm-none-eabi/12.2.1/../../../arm-none-eabi/lib/thumb/v6-m/nofp/libg.a(lib_a-mlock.o)
                              /usr/lib/gcc/arm-none-eabi/12.2.1/../../../arm-none-eabi/lib/thumb/v6-m/nofp/libg.a(lib_a-mallocr.o) (__malloc_lock)
/usr/lib/gcc/arm-none-eabi/12.2.1/../../../arm-none-eabi/lib/thumb/v6-m/nofp/libg.a(lib_a-month_lengths.o)
                              /usr/lib/gcc/arm-none-eabi/12.2.1/../../../arm-none-eabi/lib/thumb/v6-m/nofp/libg.a(lib_a-lcltime_r.o) (__month_lengths)
/usr/lib/gcc/arm-none-eabi/12.2.1/../../../arm-none-eabi/lib/thumb/v6-m/nofp/libg.a(lib_a-realloc.o)
                              CMakeFiles/MPU6050_IMU.dir/home/gerard/pico/pico-sdk/src/rp2_common/pico_malloc/malloc.c.o (realloc)
/usr/lib/gcc/arm-none-eabi/12.2.1/../../../arm-none-eabi/lib/thumb/v6-m/nofp/libg.a(lib_a-reallocr.o)
                              /usr/lib/gcc/arm-none-eabi/12.2.1/../../../arm-none-eabi/lib/thumb/v6-m/nofp/libg.a(lib_a-realloc.o) (_realloc_r)
/usr/lib/gcc/arm-none-eabi/12.2.1/../../../arm-none-eabi/lib/thumb/v6-m/nofp/libg.a(lib_a-sbrkr.o)
                              /usr/lib/gcc/arm-none-eabi/12.2.1/../../../arm-none-eabi/lib/thumb/v6-m/nofp/libg.a(lib_a-mallocr.o) (_sbrk_r)
/usr/lib/gcc/arm-none-eabi/12.2.1/../../../arm-none-eabi/lib/thumb/v6-m/nofp/libg.a(lib_a-sscanf.o)
                              CMakeFiles/MPU6050_IMU.dir/imu_demo.c.o (sscanf)
/usr/lib/gcc/arm-none-eabi/12.2.1/../../../arm-none-eabi/lib/thumb/v6-m/nofp/libg.a(lib_a-stdio.o)
                              /usr/lib/gcc/arm-none-eabi/12.2.1/../../../arm-none-eabi/lib/thumb/v6-m/nofp/libg.a(lib_a-sscanf.o) (__seofread)
/usr/lib/gcc/arm-none-eabi/12.2.1/../../../arm-none-eabi/lib/thumb/v6-m/nofp/libg.a(lib_a-strlen-stub.o)
                              CMakeFiles/MPU6050_IMU.dir/home/gerard/pico/pico-sdk/src/rp2_common/pico_stdio/stdio.c.o (strlen)
/usr/lib/gcc/arm-none-eabi/12.2.1/../../../arm-none-eabi/lib/thumb/v6-m/nofp/libg.a(lib_a-svfscanf.o)
                              /usr/lib/gcc/arm-none-eabi/12.2.1/../../../arm-none-eabi/lib/thumb/v6-m/nofp/libg.a(lib_a-sscanf.o) (__ssvfscanf_r)
[...]
Memory Configuration

Name             Origin             Length             Attributes
FLASH            0x10000000         0x00200000         xr
RAM              0x20000000         0x00040000         xrw
SCRATCH_X        0x20040000         0x00001000         xrw
SCRATCH_Y        0x20041000         0x00001000         xrw
*default*        0x00000000         0xffffffff

Linker script and memory map

LOAD /usr/lib/gcc/arm-none-eabi/12.2.1/thumb/v6-m/nofp/crti.o
LOAD /usr/lib/gcc/arm-none-eabi/12.2.1/thumb/v6-m/nofp/crtbegin.o
LOAD /usr/lib/gcc/arm-none-eabi/12.2.1/../../../arm-none-eabi/lib/thumb/v6-m/nofp/crt0.o

.flash_begin    0x10000000        0x0
                0x10000000                        __flash_binary_start = .

.boot2          0x10000000      0x100
                0x10000000                        __boot2_start__ = .
 *(.boot2)
 .boot2         0x10000000      0x100 ../../pico-sdk/src/rp2040/boot_stage2/CMakeFiles/bs2_default_library.dir/bs2_default_padded_checksummed.S.o
                0x10000100                        __boot2_end__ = .
                0x00000001                        ASSERT (((__boot2_end__ - __boot2_start__) == 0x100), ERROR: Pico second stage bootloader must be 256 bytes in size)

.text           0x10000100     0xc314
                0x10000100                        __logical_binary_start = .
 *(.vectors)
 .vectors       0x10000100       0xd4 CMakeFiles/MPU6050_IMU.dir/home/gerard/pico/pico-sdk/src/rp2_common/pico_crt0/crt0.S.o
                0x10000100                __vectors
                0x10000100                __VECTOR_TABLE
                0x100001c0                isr_invalid
                0x100001c0                __default_isrs_start
                0x100001c2                isr_nmi
                0x100001c4                isr_hardfault
                0x100001c6                isr_svcall
                0x100001c8                isr_pendsv
                0x100001ca                isr_systick
                0x100001cc                isr_irq30
                0x100001cc                __unhandled_user_irq
                0x100001cc                isr_irq13
                0x100001cc                isr_irq27
                0x100001cc                isr_irq31
                0x100001cc                isr_irq5
                0x100001cc                isr_irq11
                0x100001cc                isr_irq23
                0x100001cc                isr_irq18
                0x100001cc                isr_irq28
                0x100001cc                isr_irq19
                0x100001cc                isr_irq0
                0x100001cc                isr_irq6
                0x100001cc                isr_irq22
                0x100001cc                isr_irq17
                0x100001cc                isr_irq14
                0x100001cc                isr_irq2
                0x100001cc                isr_irq10
                0x100001cc                isr_irq8
                0x100001cc                isr_irq24
                0x100001cc                isr_irq1
                0x100001cc                isr_irq7
                0x100001cc                isr_irq21
                0x100001cc                isr_irq20
                0x100001cc                isr_irq15
                0x100001cc                isr_irq25
                0x100001cc                isr_irq4
                0x100001cc                isr_irq16
                0x100001cc                isr_irq29
                0x100001cc                isr_irq26
                0x100001cc                __default_isrs_end
                0x100001cc                isr_irq3
                0x100001cc                isr_irq12
                0x100001cc                isr_irq9
                0x100001d2                unhandled_user_irq_num_in_r0
 *(.binary_info_header)
 .binary_info_header
                0x100001d4       0x14 CMakeFiles/MPU6050_IMU.dir/home/gerard/pico/pico-sdk/src/rp2_common/pico_crt0/crt0.S.o
                0x100001e8                        __binary_info_header_end = .
 *(.embedded_block)
                0x100001e8                        __embedded_block_end = .
 *(.reset)
 .reset         0x100001e8       0x9c CMakeFiles/MPU6050_IMU.dir/home/gerard/pico/pico-sdk/src/rp2_common/pico_crt0/crt0.S.o
                0x100001e8                _entry_point
 *(.init)
 .init          0x10000284        0x4 /usr/lib/gcc/arm-none-eabi/12.2.1/thumb/v6-m/nofp/crti.o
                0x10000284                _init
 *(EXCLUDE_FILE(*libm.a: *libc.a:*lib_a-mem*.o *libgcc.a:) .text*)
 .text          0x10000288       0x98 /usr/lib/gcc/arm-none-eabi/12.2.1/thumb/v6-m/nofp/crtbegin.o
 .text.on_pwm_wrap
                0x10000320       0x2c CMakeFiles/MPU6050_IMU.dir/imu_demo.c.o
                0x10000320                on_pwm_wrap
 .text.protothread_vga
                0x1000034c      0x360 CMakeFiles/MPU6050_IMU.dir/imu_demo.c.o
 .text.pt_serialin_polled.constprop.0
                0x100006ac      0x240 CMakeFiles/MPU6050_IMU.dir/imu_demo.c.o
 .text.protothread_sched.constprop.0.isra.0
                0x100008ec      0x154 CMakeFiles/MPU6050_IMU.dir/imu_demo.c.o
 .text.protothread_sched1.constprop.0.isra.0
                0x10000a40      0x154 CMakeFiles/MPU6050_IMU.dir/imu_demo.c.o
 .text.core1_entry
                0x10000b94       0x84 CMakeFiles/MPU6050_IMU.dir/imu_demo.c.o
                0x10000b94                core1_entry
 .text.pt_serialout_polled
                0x10000c18       0x98 CMakeFiles/MPU6050_IMU.dir/imu_demo.c.o
                0x10000c18                pt_serialout_polled
 .text.protothread_serial
                0x10000cb0       0xe4 CMakeFiles/MPU6050_IMU.dir/imu_demo.c.o
 .text.startup.main
                0x10000d94      0x150 CMakeFiles/MPU6050_IMU.dir/imu_demo.c.o
                0x10000d94                main
 .text.initVGA  0x10000ee4      0x23c CMakeFiles/MPU6050_IMU.dir/vga16_graphics.c.o
                0x10000ee4                initVGA
 .text.drawPixel
                0x10001120       0x60 CMakeFiles/MPU6050_IMU.dir/vga16_graphics.c.o
                0x10001120                drawPixel
 .text.drawVLine
                0x10001180       0xa0 CMakeFiles/MPU6050_IMU.dir/vga16_graphics.c.o
                0x10001180                drawVLine
 .text.drawHLine
                0x10001220       0x9c CMakeFiles/MPU6050_IMU.dir/vga16_graphics.c.o
                0x10001220                drawHLine
 .text.drawChar
                0x100012bc      0x318 CMakeFiles/MPU6050_IMU.dir/vga16_graphics.c.o
                0x100012bc                drawChar
 .text.setCursor
                0x100015d4       0x14 CMakeFiles/MPU6050_IMU.dir/vga16_graphics.c.o
                0x100015d4                setCursor
 .text.setTextSize
                0x100015e8       0x14 CMakeFiles/MPU6050_IMU.dir/vga16_graphics.c.o
                0x100015e8                setTextSize
 .text.setTextColor
                0x100015fc       0x14 CMakeFiles/MPU6050_IMU.dir/vga16_graphics.c.o
                0x100015fc                setTextColor
 .text.writeString
                0x10001610       0xd4 CMakeFiles/MPU6050_IMU.dir/vga16_graphics.c.o
                0x10001610                writeString
 .text.mpu6050_reset
                0x100016e4       0x88 CMakeFiles/MPU6050_IMU.dir/mpu6050.c.o
                0x100016e4                mpu6050_reset
 .text.mpu6050_read_raw
                0x1000176c      0x154 CMakeFiles/MPU6050_IMU.dir/mpu6050.c.o
                0x1000176c                mpu6050_read_raw
 .text.gpio_set_function
                0x100018c0       0x34 CMakeFiles/MPU6050_IMU.dir/home/gerard/pico/pico-sdk/src/rp2_common/hardware_gpio/gpio.c.o
                0x100018c0                gpio_set_function
 .text.panic    0x100018f4       0x30 CMakeFiles/MPU6050_IMU.dir/home/gerard/pico/pico-sdk/src/rp2_common/pico_platform_panic/panic.c.o
                0x100018f4                panic
 .text.hw_claim_lock
                0x10001924       0x18 CMakeFiles/MPU6050_IMU.dir/home/gerard/pico/pico-sdk/src/common/hardware_claim/claim.c.o
                0x10001924                hw_claim_lock
 .text.hw_claim_unlock
                0x1000193c       0x14 CMakeFiles/MPU6050_IMU.dir/home/gerard/pico/pico-sdk/src/common/hardware_claim/claim.c.o
                0x1000193c                hw_claim_unlock
 .text.hw_claim_or_assert
                0x10001950       0x44 CMakeFiles/MPU6050_IMU.dir/home/gerard/pico/pico-sdk/src/common/hardware_claim/claim.c.o
                0x10001950                hw_claim_or_assert
 .text.hw_claim_unused_from_range
                0x10001994       0x9c CMakeFiles/MPU6050_IMU.dir/home/gerard/pico/pico-sdk/src/common/hardware_claim/claim.c.o
                0x10001994                hw_claim_unused_from_range
 .text.next_striped_spin_lock_num
                0x10001a30       0x18 CMakeFiles/MPU6050_IMU.dir/home/gerard/pico/pico-sdk/src/rp2_common/hardware_sync/sync.c.o
                0x10001a30                next_striped_spin_lock_num
 .text.spin_locks_reset
                0x10001a48       0x1c CMakeFiles/MPU6050_IMU.dir/home/gerard/pico/pico-sdk/src/rp2_common/hardware_sync_spin_lock/sync_spin_lock.c.o
                0x10001a48                spin_locks_reset
 .text.runtime_init_per_core_irq_priorities
                0x10001a64       0x24 CMakeFiles/MPU6050_IMU.dir/home/gerard/pico/pico-sdk/src/rp2_common/hardware_irq/irq.c.o
                0x10001a64                runtime_init_per_core_irq_priorities
 .text.irq_set_enabled
                0x10001a88       0x24 CMakeFiles/MPU6050_IMU.dir/home/gerard/pico/pico-sdk/src/rp2_common/hardware_irq/irq.c.o
                0x10001a88                irq_set_enabled
 .text.irq_is_enabled
                0x10001aac       0x18 CMakeFiles/MPU6050_IMU.dir/home/gerard/pico/pico-sdk/src/rp2_common/hardware_irq/irq.c.o
                0x10001aac                irq_is_enabled
 .text.irq_set_exclusive_handler
                0x10001ac4       0x54 CMakeFiles/MPU6050_IMU.dir/home/gerard/pico/pico-sdk/src/rp2_common/hardware_irq/irq.c.o
                0x10001ac4                irq_set_exclusive_handler
 .text.irq_remove_handler
                0x10001b18      0x1d4 CMakeFiles/MPU6050_IMU.dir/home/gerard/pico/pico-sdk/src/rp2_common/hardware_irq/irq.c.o
                0x10001b18                irq_remove_handler
 .text.irq_add_tail_to_free_list
                0x10001cec       0xb4 CMakeFiles/MPU6050_IMU.dir/home/gerard/pico/pico-sdk/src/rp2_common/hardware_irq/irq.c.o
                0x10001cec                irq_add_tail_to_free_list
 .text.lock_init
                0x10001da0       0x10 CMakeFiles/MPU6050_IMU.dir/home/gerard/pico/pico-sdk/src/common/pico_sync/lock_core.c.o
                0x10001da0                lock_init
 .text.runtime_init_mutex
                0x10001db0       0x58 CMakeFiles/MPU6050_IMU.dir/home/gerard/pico/pico-sdk/src/common/pico_sync/mutex.c.o
                0x10001db0                runtime_init_mutex
 .text.sleep_until_callback
                0x10001e08       0x30 CMakeFiles/MPU6050_IMU.dir/home/gerard/pico/pico-sdk/src/common/pico_time/time.c.o
 .text.alarm_pool_irq_handler
                0x10001e38      0x300 CMakeFiles/MPU6050_IMU.dir/home/gerard/pico/pico-sdk/src/common/pico_time/time.c.o
 .text.runtime_init_default_alarm_pool
                0x10002138       0xdc CMakeFiles/MPU6050_IMU.dir/home/gerard/pico/pico-sdk/src/common/pico_time/time.c.o
                0x10002138                runtime_init_default_alarm_pool
 .text.alarm_pool_add_alarm_at_force_in_context
                0x10002214       0xb0 CMakeFiles/MPU6050_IMU.dir/home/gerard/pico/pico-sdk/src/common/pico_time/time.c.o
                0x10002214                alarm_pool_add_alarm_at_force_in_context
 .text.alarm_pool_cancel_alarm
                0x100022c4       0x74 CMakeFiles/MPU6050_IMU.dir/home/gerard/pico/pico-sdk/src/common/pico_time/time.c.o
                0x100022c4                alarm_pool_cancel_alarm
 .text.best_effort_wfe_or_timeout
                0x10002338       0xfc CMakeFiles/MPU6050_IMU.dir/home/gerard/pico/pico-sdk/src/common/pico_time/time.c.o
                0x10002338                best_effort_wfe_or_timeout
 .text.timer_hardware_alarm_claim
                0x10002434       0x14 CMakeFiles/MPU6050_IMU.dir/home/gerard/pico/pico-sdk/src/rp2_common/hardware_timer/timer.c.o
                0x10002434                timer_hardware_alarm_claim
 .text.timer_time_us_64
                0x10002448       0x10 CMakeFiles/MPU6050_IMU.dir/home/gerard/pico/pico-sdk/src/rp2_common/hardware_timer/timer.c.o
                0x10002448                timer_time_us_64
 .text.time_us_64
                0x10002458       0x14 CMakeFiles/MPU6050_IMU.dir/home/gerard/pico/pico-sdk/src/rp2_common/hardware_timer/timer.c.o
                0x10002458                time_us_64
 .text.busy_wait_us
                0x1000246c       0x68 CMakeFiles/MPU6050_IMU.dir/home/gerard/pico/pico-sdk/src/rp2_common/hardware_timer/timer.c.o
                0x1000246c                busy_wait_us
 .text.uart_init
                0x100024d4      0x11c CMakeFiles/MPU6050_IMU.dir/home/gerard/pico/pico-sdk/src/rp2_common/hardware_uart/uart.c.o
                0x100024d4                uart_init
 .text.clock_configure_int_divider
                0x100025f0       0xf4 CMakeFiles/MPU6050_IMU.dir/home/gerard/pico/pico-sdk/src/rp2_common/hardware_clocks/clocks.c.o
                0x100025f0                clock_configure_int_divider
 .text.clock_configure_undivided
                0x100026e4       0xe8 CMakeFiles/MPU6050_IMU.dir/home/gerard/pico/pico-sdk/src/rp2_common/hardware_clocks/clocks.c.o
                0x100026e4                clock_configure_undivided
 .text.clock_get_hz
                0x100027cc        0xc CMakeFiles/MPU6050_IMU.dir/home/gerard/pico/pico-sdk/src/rp2_common/hardware_clocks/clocks.c.o
                0x100027cc                clock_get_hz
 .text.pll_init
                0x100027d8       0xa0 CMakeFiles/MPU6050_IMU.dir/home/gerard/pico/pico-sdk/src/rp2_common/hardware_pll/pll.c.o
                0x100027d8                pll_init
 .text.tick_start
                0x10002878       0x10 CMakeFiles/MPU6050_IMU.dir/home/gerard/pico/pico-sdk/src/rp2_common/hardware_ticks/ticks.c.o
                0x10002878                tick_start
 .text.rom_func_lookup
                0x10002888       0x10 CMakeFiles/MPU6050_IMU.dir/home/gerard/pico/pico-sdk/src/rp2_common/pico_bootrom/bootrom.c.o
                0x10002888                rom_func_lookup
 .text.rom_data_lookup
                0x10002898       0x10 CMakeFiles/MPU6050_IMU.dir/home/gerard/pico/pico-sdk/src/rp2_common/pico_bootrom/bootrom.c.o
                0x10002898                rom_data_lookup
 .text.rom_funcs_lookup
                0x100028a8       0x44 CMakeFiles/MPU6050_IMU.dir/home/gerard/pico/pico-sdk/src/rp2_common/pico_bootrom/bootrom.c.o
                0x100028a8                rom_funcs_lookup
 .text.rom_reset_usb_boot_extra
                0x100028ec       0x28 CMakeFiles/MPU6050_IMU.dir/home/gerard/pico/pico-sdk/src/rp2_common/pico_bootrom/bootrom.c.o
                0x100028ec                rom_reset_usb_boot_extra
 .text.xosc_init
                0x10002914       0x28 CMakeFiles/MPU6050_IMU.dir/home/gerard/pico/pico-sdk/src/rp2_common/hardware_xosc/xosc.c.o
                0x10002914                xosc_init
 .text.first_per_core_initializer
                0x1000293c        0x4 CMakeFiles/MPU6050_IMU.dir/home/gerard/pico/pico-sdk/src/rp2_common/pico_runtime/runtime.c.o
 .text.hard_assertion_failure
                0x10002940        0xc CMakeFiles/MPU6050_IMU.dir/home/gerard/pico/pico-sdk/src/rp2_common/pico_runtime/runtime.c.o
                0x10002940                hard_assertion_failure
 .text.runtime_run_initializers
                0x1000294c       0x28 CMakeFiles/MPU6050_IMU.dir/home/gerard/pico/pico-sdk/src/rp2_common/pico_runtime/runtime.c.o
                0x1000294c                runtime_run_initializers
 .text.runtime_run_per_core_initializers
                0x10002974       0x28 CMakeFiles/MPU6050_IMU.dir/home/gerard/pico/pico-sdk/src/rp2_common/pico_runtime/runtime.c.o
                0x10002974                runtime_run_per_core_initializers
 .text.runtime_init_early_resets
                0x1000299c       0x2c CMakeFiles/MPU6050_IMU.dir/home/gerard/pico/pico-sdk/src/rp2_common/pico_runtime_init/runtime_init.c.o
                0x1000299c                runtime_init_early_resets
 .text.runtime_init_usb_power_down
                0x100029c8       0x1c CMakeFiles/MPU6050_IMU.dir/home/gerard/pico/pico-sdk/src/rp2_common/pico_runtime_init/runtime_init.c.o
                0x100029c8                runtime_init_usb_power_down
 .text.runtime_init_post_clock_resets
                0x100029e4       0x20 CMakeFiles/MPU6050_IMU.dir/home/gerard/pico/pico-sdk/src/rp2_common/pico_runtime_init/runtime_init.c.o
                0x100029e4                runtime_init_post_clock_resets
 .text.runtime_init_rp2040_gpio_ie_disable
                0x10002a04       0x14 CMakeFiles/MPU6050_IMU.dir/home/gerard/pico/pico-sdk/src/rp2_common/pico_runtime_init/runtime_init.c.o
                0x10002a04                runtime_init_rp2040_gpio_ie_disable
 .text.runtime_init_spin_locks_reset
                0x10002a18        0x8 CMakeFiles/MPU6050_IMU.dir/home/gerard/pico/pico-sdk/src/rp2_common/pico_runtime_init/runtime_init.c.o
                0x10002a18                runtime_init_spin_locks_reset
 .text.runtime_init_install_ram_vector_table
                0x10002a20       0x1c CMakeFiles/MPU6050_IMU.dir/home/gerard/pico/pico-sdk/src/rp2_common/pico_runtime_init/runtime_init.c.o
                0x10002a20                runtime_init_install_ram_vector_table
 .text.runtime_init_clocks
                0x10002a3c       0xd8 CMakeFiles/MPU6050_IMU.dir/home/gerard/pico/pico-sdk/src/rp2_common/pico_runtime_init/runtime_init_clocks.c.o
                0x10002a3c                runtime_init_clocks
 .text          0x10002b14       0x10 CMakeFiles/MPU6050_IMU.dir/home/gerard/pico/pico-sdk/src/rp2_common/pico_bit_ops/bit_ops_aeabi.S.o
 .text.__wrap___aeabi_idiv
                0x10002b24       0x50 CMakeFiles/MPU6050_IMU.dir/home/gerard/pico/pico-sdk/src/rp2_common/pico_divider/divider_hardware.S.o
                0x10002b24                __wrap___aeabi_idivmod
                0x10002b24                divmod_s32s32
                0x10002b24                div_s32s32
                0x10002b24                __wrap___aeabi_idiv
                0x10002b2c                divmod_s32s32_unsafe
                0x10002b58                divmod_s32s32_savestate
 .text.__wrap___aeabi_uidiv
                0x10002b74       0x4c CMakeFiles/MPU6050_IMU.dir/home/gerard/pico/pico-sdk/src/rp2_common/pico_divider/divider_hardware.S.o
                0x10002b74                __wrap___aeabi_uidiv
                0x10002b74                __wrap___aeabi_uidivmod
                0x10002b74                div_u32u32
                0x10002b74                divmod_u32u32
                0x10002b7c                divmod_u32u32_unsafe
                0x10002ba4                divmod_u32u32_savestate
 .text.__wrap___aeabi_ldiv
                0x10002bc0      0x424 CMakeFiles/MPU6050_IMU.dir/home/gerard/pico/pico-sdk/src/rp2_common/pico_divider/divider_hardware.S.o
                0x10002bc0                div_s64s64
                0x10002bc0                divmod_s64s64
                0x10002bc0                __wrap___aeabi_ldivmod
                0x10002bf0                div_u64u64
                0x10002bf0                divmod_u64u64
                0x10002bf0                __wrap___aeabi_uldivmod
                0x10002c00                divmod_u64u64_savestate
                0x10002c20                divmod_s64s64_unsafe
                0x10002ca8                divmod_u64u64_unsafe
 .text.__wrap___aeabi_darithmetic
                0x10002fe4       0x80 CMakeFiles/MPU6050_IMU.dir/home/gerard/pico/pico-sdk/src/rp2_common/pico_double/double_aeabi_rp2040.S.o
                0x10002fe4                __wrap___aeabi_drsub
                0x10002fea                __wrap___aeabi_dsub
                0x10002ffc                __wrap___aeabi_dadd
                0x1000300e                __wrap___aeabi_ddiv
                0x1000304a                __wrap___aeabi_dmul
 .text.__wrap___aeabi_cdcmple
                0x10003064       0x6c CMakeFiles/MPU6050_IMU.dir/home/gerard/pico/pico-sdk/src/rp2_common/pico_double/double_aeabi_rp2040.S.o
                0x10003064                __wrap___aeabi_cdrcmple
                0x10003074                __wrap___aeabi_cdcmple
                0x10003074                __wrap___aeabi_cdcmpeq
 .text.__wrap___aeabi_dcmpeq
                0x100030d0       0x10 CMakeFiles/MPU6050_IMU.dir/home/gerard/pico/pico-sdk/src/rp2_common/pico_double/double_aeabi_rp2040.S.o
                0x100030d0                __wrap___aeabi_dcmpeq
 .text.__wrap___aeabi_dcmplt
                0x100030e0        0xc CMakeFiles/MPU6050_IMU.dir/home/gerard/pico/pico-sdk/src/rp2_common/pico_double/double_aeabi_rp2040.S.o
                0x100030e0                __wrap___aeabi_dcmplt
 .text.__wrap___aeabi_dcmple
                0x100030ec       0x10 CMakeFiles/MPU6050_IMU.dir/home/gerard/pico/pico-sdk/src/rp2_common/pico_double/double_aeabi_rp2040.S.o
                0x100030ec                __wrap___aeabi_dcmple
 .text.__wrap___aeabi_dcmpge
                0x100030fc       0x10 CMakeFiles/MPU6050_IMU.dir/home/gerard/pico/pico-sdk/src/rp2_common/pico_double/double_aeabi_rp2040.S.o
                0x100030fc                __wrap___aeabi_dcmpge
 .text.__wrap___aeabi_dcmpgt
                0x1000310c        0xa CMakeFiles/MPU6050_IMU.dir/home/gerard/pico/pico-sdk/src/rp2_common/pico_double/double_aeabi_rp2040.S.o
                0x1000310c                __wrap___aeabi_dcmpgt
 .text.__wrap___aeabi_dcmpun
                0x10003116       0x18 CMakeFiles/MPU6050_IMU.dir/home/gerard/pico/pico-sdk/src/rp2_common/pico_double/double_aeabi_rp2040.S.o
                0x10003116                __wrap___aeabi_dcmpun
 *fill*         0x1000312e        0x2 
 .text.__wrap___aeabi_i2d
                0x10003130       0x38 CMakeFiles/MPU6050_IMU.dir/home/gerard/pico/pico-sdk/src/rp2_common/pico_double/double_aeabi_rp2040.S.o
                0x10003130                __wrap___aeabi_ui2d
                0x10003130                uint2double
                0x10003138                __wrap___aeabi_i2d
                0x10003138                int2double
 .text.__wrap___aeabi_d2iz
                0x10003168       0x48 CMakeFiles/MPU6050_IMU.dir/home/gerard/pico/pico-sdk/src/rp2_common/pico_double/double_aeabi_rp2040.S.o
                0x10003168                __wrap___aeabi_d2iz
                0x10003168                double2int_z
 .text.__wrap___aeabi_d2uiz
                0x100031b0       0x18 CMakeFiles/MPU6050_IMU.dir/home/gerard/pico/pico-sdk/src/rp2_common/pico_double/double_aeabi_rp2040.S.o
                0x100031b0                double2uint_z
                0x100031b0                double2uint
                0x100031b0                __wrap___aeabi_d2uiz
 .text.__wrap___aeabi_l2d
                0x100031c8       0x18 CMakeFiles/MPU6050_IMU.dir/home/gerard/pico/pico-sdk/src/rp2_common/pico_double/double_aeabi_rp2040.S.o
                0x100031c8                __wrap___aeabi_l2d
                0x100031c8                int642double
 .text.__wrap___aeabi_d2lz
                0x100031e0       0x26 CMakeFiles/MPU6050_IMU.dir/home/gerard/pico/pico-sdk/src/rp2_common/pico_double/double_aeabi_rp2040.S.o
                0x100031e0                __wrap___aeabi_d2lz
                0x100031e0                double2int64_z
 *fill*         0x10003206        0x2 
 .text.double2int64
                0x10003208       0x18 CMakeFiles/MPU6050_IMU.dir/home/gerard/pico/pico-sdk/src/rp2_common/pico_double/double_aeabi_rp2040.S.o
                0x10003208                double2int64
 .text.double2ufix64
                0x10003220       0x18 CMakeFiles/MPU6050_IMU.dir/home/gerard/pico/pico-sdk/src/rp2_common/pico_double/double_aeabi_rp2040.S.o
                0x10003220                double2ufix64
                0x10003220                double2ufix64_z
 .text.__wrap___aeabi_d2f
                0x10003238       0x18 CMakeFiles/MPU6050_IMU.dir/home/gerard/pico/pico-sdk/src/rp2_common/pico_double/double_aeabi_rp2040.S.o
                0x10003238                __wrap___aeabi_d2f
 .text.__aeabi_double_init
                0x10003250       0xa4 CMakeFiles/MPU6050_IMU.dir/home/gerard/pico/pico-sdk/src/rp2_common/pico_double/double_init_rom_rp2040.c.o
                0x10003250                __aeabi_double_init
 .text.double_table_shim_on_use_helper
                0x100032f4       0x2c CMakeFiles/MPU6050_IMU.dir/home/gerard/pico/pico-sdk/src/rp2_common/pico_double/double_v1_rom_shim_rp2040.S.o
                0x100032f4                double_table_shim_on_use_helper
 .text.__wrap___aeabi_dsub
                0x10003320       0x10 CMakeFiles/MPU6050_IMU.dir/home/gerard/pico/pico-sdk/src/rp2_common/pico_double/double_v1_rom_shim_rp2040.S.o
                0x10003320                drsub_shim
                0x10003326                dsub_shim
 .text.dadd_shim
                0x10003330      0x15c CMakeFiles/MPU6050_IMU.dir/home/gerard/pico/pico-sdk/src/rp2_common/pico_double/double_v1_rom_shim_rp2040.S.o
                0x10003330                dadd_shim
 .text.dmul_shim
                0x1000348c      0x15c CMakeFiles/MPU6050_IMU.dir/home/gerard/pico/pico-sdk/src/rp2_common/pico_double/double_v1_rom_shim_rp2040.S.o
                0x1000348c                dmul_shim
 .text.ddiv_shim
                0x100035e8      0x1b0 CMakeFiles/MPU6050_IMU.dir/home/gerard/pico/pico-sdk/src/rp2_common/pico_double/double_v1_rom_shim_rp2040.S.o
                0x100035e8                ddiv_shim
 .text.double2uint_shim
                0x10003798        0xe CMakeFiles/MPU6050_IMU.dir/home/gerard/pico/pico-sdk/src/rp2_common/pico_double/double_v1_rom_shim_rp2040.S.o
                0x10003798                double2uint_shim
                0x1000379a                double2ufix_shim
 .text.double2int64_shim
                0x100037a6       0x1a CMakeFiles/MPU6050_IMU.dir/home/gerard/pico/pico-sdk/src/rp2_common/pico_double/double_v1_rom_shim_rp2040.S.o
                0x100037a6                double2int64_shim
                0x100037a8                double2fix64_shim
 .text.double2uint64_shim
                0x100037c0       0x70 CMakeFiles/MPU6050_IMU.dir/home/gerard/pico/pico-sdk/src/rp2_common/pico_double/double_v1_rom_shim_rp2040.S.o
                0x100037c0                double2uint64_shim
                0x100037c2                double2ufix64_shim
                0x100037e2                d2fix_a
 .text.double2float_shim
                0x10003830       0x5c CMakeFiles/MPU6050_IMU.dir/home/gerard/pico/pico-sdk/src/rp2_common/pico_double/double_v1_rom_shim_rp2040.S.o
                0x10003830                double2float_shim
 .text.x2double_shims
                0x1000388c       0x90 CMakeFiles/MPU6050_IMU.dir/home/gerard/pico/pico-sdk/src/rp2_common/pico_double/double_v1_rom_shim_rp2040.S.o
                0x1000388c                uint2double_shim
                0x1000388e                ufix2double_shim
                0x10003894                int2double_shim
                0x10003896                fix2double_shim
                0x1000389c                uint642double_shim
                0x1000389e                ufix642double_shim
                0x100038a4                int642double_shim
                0x100038a6                fix642double_shim
 .text.dunpacks
                0x1000391c       0x3c CMakeFiles/MPU6050_IMU.dir/home/gerard/pico/pico-sdk/src/rp2_common/pico_double/double_v1_rom_shim_rp2040.S.o
                0x1000391c                dunpacks
 .text.__aeabi_lmul
                0x10003958       0x32 CMakeFiles/MPU6050_IMU.dir/home/gerard/pico/pico-sdk/src/rp2_common/pico_int64_ops/pico_int64_ops_aeabi.S.o
                0x10003958                __wrap___aeabi_lmul
 *fill*         0x1000398a        0x2 
 .text.__wrap___aeabi_farithmetic
                0x1000398c       0x48 CMakeFiles/MPU6050_IMU.dir/home/gerard/pico/pico-sdk/src/rp2_common/pico_float/float_aeabi_rp2040.S.o
                0x1000398c                __wrap___aeabi_frsub
                0x10003992                __wrap___aeabi_fsub
                0x10003998                __wrap___aeabi_fadd
                0x1000399e                __wrap___aeabi_fdiv
                0x100039c6                __wrap___aeabi_fmul
 .text.__wrap___aeabi_cfcmple
                0x100039d4       0x50 CMakeFiles/MPU6050_IMU.dir/home/gerard/pico/pico-sdk/src/rp2_common/pico_float/float_aeabi_rp2040.S.o
                0x100039d4                __wrap___aeabi_cfrcmple
                0x100039e0                __wrap___aeabi_cfcmpeq
                0x100039e0                __wrap___aeabi_cfcmple
 .text.__wrap___aeabi_fcmple
                0x10003a24       0x10 CMakeFiles/MPU6050_IMU.dir/home/gerard/pico/pico-sdk/src/rp2_common/pico_float/float_aeabi_rp2040.S.o
                0x10003a24                __wrap___aeabi_fcmple
 .text.__wrap___aeabi_fcmpun
                0x10003a34       0x18 CMakeFiles/MPU6050_IMU.dir/home/gerard/pico/pico-sdk/src/rp2_common/pico_float/float_aeabi_rp2040.S.o
                0x10003a34                __wrap___aeabi_fcmpun
 .text.__wrap___aeabi_i2f
                0x10003a4c       0x44 CMakeFiles/MPU6050_IMU.dir/home/gerard/pico/pico-sdk/src/rp2_common/pico_float/float_aeabi_rp2040.S.o
                0x10003a4c                int2float
                0x10003a4c                __wrap___aeabi_i2f
 .text.__wrap___aeabi_f2iz
                0x10003a90       0x4e CMakeFiles/MPU6050_IMU.dir/home/gerard/pico/pico-sdk/src/rp2_common/pico_float/float_aeabi_rp2040.S.o
                0x10003a90                __wrap___aeabi_f2iz
                0x10003a90                float2int_z
 *fill*         0x10003ade        0x2 
 .text.float2int
                0x10003ae0       0x14 CMakeFiles/MPU6050_IMU.dir/home/gerard/pico/pico-sdk/src/rp2_common/pico_float/float_aeabi_rp2040.S.o
                0x10003ae0                float2int
 .text.__wrap___aeabi_f2uiz
                0x10003af4        0xc CMakeFiles/MPU6050_IMU.dir/home/gerard/pico/pico-sdk/src/rp2_common/pico_float/float_aeabi_rp2040.S.o
                0x10003af4                float2uint
                0x10003af4                float2uint_z
                0x10003af4                __wrap___aeabi_f2uiz
 .text.__wrap___aeabi_f2d
                0x10003b00       0x14 CMakeFiles/MPU6050_IMU.dir/home/gerard/pico/pico-sdk/src/rp2_common/pico_float/float_aeabi_rp2040.S.o
                0x10003b00                __wrap___aeabi_f2d
 .text.__aeabi_float_init
                0x10003b14       0x64 CMakeFiles/MPU6050_IMU.dir/home/gerard/pico/pico-sdk/src/rp2_common/pico_float/float_init_rom_rp2040.c.o
                0x10003b14                __aeabi_float_init
 .text.float_table_shim_on_use_helper
                0x10003b78       0x2c CMakeFiles/MPU6050_IMU.dir/home/gerard/pico/pico-sdk/src/rp2_common/pico_float/float_v1_rom_shim_rp2040.S.o
                0x10003b78                float_table_shim_on_use_helper
 .text.float232_shims
                0x10003ba4       0x18 CMakeFiles/MPU6050_IMU.dir/home/gerard/pico/pico-sdk/src/rp2_common/pico_float/float_v1_rom_shim_rp2040.S.o
                0x10003ba4                float2int_shim
                0x10003ba6                float2fix_shim
 .text.float2double_shim
                0x10003bbc       0x30 CMakeFiles/MPU6050_IMU.dir/home/gerard/pico/pico-sdk/src/rp2_common/pico_float/float_v1_rom_shim_rp2040.S.o
                0x10003bbc                float2double_shim
 .text          0x10003bec       0x10 CMakeFiles/MPU6050_IMU.dir/home/gerard/pico/pico-sdk/src/rp2_common/pico_mem_ops/mem_ops_aeabi.S.o
                0x10003bec                __aeabi_mem_init
 .text.memset   0x10003bfc        0xc CMakeFiles/MPU6050_IMU.dir/home/gerard/pico/pico-sdk/src/rp2_common/pico_mem_ops/mem_ops_aeabi.S.o
                0x10003bfc                __wrap_memset
 .text.memcpy   0x10003c08        0xc CMakeFiles/MPU6050_IMU.dir/home/gerard/pico/pico-sdk/src/rp2_common/pico_mem_ops/mem_ops_aeabi.S.o
                0x10003c08                __wrap___aeabi_memcpy
                0x10003c08                __wrap_memcpy
 .text._out_buffer
                0x10003c14        0x8 CMakeFiles/MPU6050_IMU.dir/home/gerard/pico/pico-sdk/src/rp2_common/pico_printf/printf.c.o
 .text._out_null
                0x10003c1c        0x4 CMakeFiles/MPU6050_IMU.dir/home/gerard/pico/pico-sdk/src/rp2_common/pico_printf/printf.c.o
 .text._out_rev
                0x10003c20       0x90 CMakeFiles/MPU6050_IMU.dir/home/gerard/pico/pico-sdk/src/rp2_common/pico_printf/printf.c.o
 .text._ntoa_format
                0x10003cb0      0x1f4 CMakeFiles/MPU6050_IMU.dir/home/gerard/pico/pico-sdk/src/rp2_common/pico_printf/printf.c.o
 .text._out_char
                0x10003ea4       0x10 CMakeFiles/MPU6050_IMU.dir/home/gerard/pico/pico-sdk/src/rp2_common/pico_printf/printf.c.o
 .text._etoa    0x10003eb4      0x454 CMakeFiles/MPU6050_IMU.dir/home/gerard/pico/pico-sdk/src/rp2_common/pico_printf/printf.c.o
 .text._ftoa    0x10004308      0x3c4 CMakeFiles/MPU6050_IMU.dir/home/gerard/pico/pico-sdk/src/rp2_common/pico_printf/printf.c.o
 .text._vsnprintf
                0x100046cc      0xb24 CMakeFiles/MPU6050_IMU.dir/home/gerard/pico/pico-sdk/src/rp2_common/pico_printf/printf.c.o
 .text.__wrap_sprintf
                0x100051f0       0x2c CMakeFiles/MPU6050_IMU.dir/home/gerard/pico/pico-sdk/src/rp2_common/pico_printf/printf.c.o
                0x100051f0                __wrap_sprintf
 .text.weak_raw_printf
                0x1000521c       0x40 CMakeFiles/MPU6050_IMU.dir/home/gerard/pico/pico-sdk/src/rp2_common/pico_printf/printf.c.o
                0x1000521c                weak_raw_printf
 .text.weak_raw_vprintf
                0x1000525c       0x30 CMakeFiles/MPU6050_IMU.dir/home/gerard/pico/pico-sdk/src/rp2_common/pico_printf/printf.c.o
                0x1000525c                weak_raw_vprintf
 .text._exit    0x1000528c        0x4 CMakeFiles/MPU6050_IMU.dir/home/gerard/pico/pico-sdk/src/rp2_common/pico_clib_interface/newlib_interface.c.o
                0x1000528c                _exit
 .text._sbrk    0x10005290       0x34 CMakeFiles/MPU6050_IMU.dir/home/gerard/pico/pico-sdk/src/rp2_common/pico_clib_interface/newlib_interface.c.o
                0x10005290                _sbrk
 .text._read    0x100052c4       0x24 CMakeFiles/MPU6050_IMU.dir/home/gerard/pico/pico-sdk/src/rp2_common/pico_clib_interface/newlib_interface.c.o
                0x100052c4                _read
 .text._write   0x100052e8       0x24 CMakeFiles/MPU6050_IMU.dir/home/gerard/pico/pico-sdk/src/rp2_common/pico_clib_interface/newlib_interface.c.o
                0x100052e8                _write
 .text._close   0x1000530c        0x8 CMakeFiles/MPU6050_IMU.dir/home/gerard/pico/pico-sdk/src/rp2_common/pico_clib_interface/newlib_interface.c.o
                0x1000530c                _close
 .text._lseek   0x10005314        0x8 CMakeFiles/MPU6050_IMU.dir/home/gerard/pico/pico-sdk/src/rp2_common/pico_clib_interface/newlib_interface.c.o
                0x10005314                _lseek
 .text.exit     0x1000531c        0x8 CMakeFiles/MPU6050_IMU.dir/home/gerard/pico/pico-sdk/src/rp2_common/pico_clib_interface/newlib_interface.c.o
                0x1000531c                exit
 .text.__assert_func
                0x10005324       0x38 CMakeFiles/MPU6050_IMU.dir/home/gerard/pico/pico-sdk/src/rp2_common/pico_clib_interface/newlib_interface.c.o
                0x10005324                __assert_func
 .text.runtime_init
                0x1000535c       0x2c CMakeFiles/MPU6050_IMU.dir/home/gerard/pico/pico-sdk/src/rp2_common/pico_clib_interface/newlib_interface.c.o
                0x1000535c                runtime_init
 .text.stdio_out_chars_no_crlf
                0x10005388       0x10 CMakeFiles/MPU6050_IMU.dir/home/gerard/pico/pico-sdk/src/rp2_common/pico_stdio/stdio.c.o
 .text.stdio_out_chars_crlf
                0x10005398       0xbc CMakeFiles/MPU6050_IMU.dir/home/gerard/pico/pico-sdk/src/rp2_common/pico_stdio/stdio.c.o
 .text.stdio_put_string
                0x10005454      0x100 CMakeFiles/MPU6050_IMU.dir/home/gerard/pico/pico-sdk/src/rp2_common/pico_stdio/stdio.c.o
                0x10005454                stdio_put_string
 .text.stdio_get_until
                0x10005554       0x84 CMakeFiles/MPU6050_IMU.dir/home/gerard/pico/pico-sdk/src/rp2_common/pico_stdio/stdio.c.o
                0x10005554                stdio_get_until
 .text.stdio_set_driver_enabled
                0x100055d8       0x30 CMakeFiles/MPU6050_IMU.dir/home/gerard/pico/pico-sdk/src/rp2_common/pico_stdio/stdio.c.o
                0x100055d8                stdio_set_driver_enabled
 .text.stdio_init_all
                0x10005608        0xc CMakeFiles/MPU6050_IMU.dir/home/gerard/pico/pico-sdk/src/rp2_common/pico_stdio/stdio.c.o
                0x10005608                stdio_init_all
 .text.__wrap_putchar
                0x10005614       0x98 CMakeFiles/MPU6050_IMU.dir/home/gerard/pico/pico-sdk/src/rp2_common/pico_stdio/stdio.c.o
                0x10005614                stdio_putchar
                0x10005614                __wrap_putchar
 .text.__wrap_puts
                0x100056ac       0x3c CMakeFiles/MPU6050_IMU.dir/home/gerard/pico/pico-sdk/src/rp2_common/pico_stdio/stdio.c.o
                0x100056ac                __wrap_puts
                0x100056ac                stdio_puts
 .text.stdio_uart_out_chars
                0x100056e8       0x4c CMakeFiles/MPU6050_IMU.dir/home/gerard/pico/pico-sdk/src/rp2_common/pico_stdio_uart/stdio_uart.c.o
 .text.stdio_uart_in_chars
                0x10005734       0x98 CMakeFiles/MPU6050_IMU.dir/home/gerard/pico/pico-sdk/src/rp2_common/pico_stdio_uart/stdio_uart.c.o
                0x10005734                stdio_uart_in_chars
 .text.on_uart_rx
                0x100057cc       0x28 CMakeFiles/MPU6050_IMU.dir/home/gerard/pico/pico-sdk/src/rp2_common/pico_stdio_uart/stdio_uart.c.o
 .text.stdio_uart_out_flush
                0x100057f4       0x14 CMakeFiles/MPU6050_IMU.dir/home/gerard/pico/pico-sdk/src/rp2_common/pico_stdio_uart/stdio_uart.c.o
 .text.stdio_uart_set_chars_available_callback
                0x10005808       0x88 CMakeFiles/MPU6050_IMU.dir/home/gerard/pico/pico-sdk/src/rp2_common/pico_stdio_uart/stdio_uart.c.o
 .text.stdio_uart_init
                0x10005890       0x50 CMakeFiles/MPU6050_IMU.dir/home/gerard/pico/pico-sdk/src/rp2_common/pico_stdio_uart/stdio_uart.c.o
                0x10005890                stdio_uart_init
 .text.startup.boot_double_tap_check
                0x100058e0       0x5c CMakeFiles/MPU6050_IMU.dir/home/gerard/pico/pico-sdk/src/rp2_common/pico_bootsel_via_double_reset/pico_bootsel_via_double_reset.c.o
 .text.core1_trampoline
                0x1000593c        0x4 CMakeFiles/MPU6050_IMU.dir/home/gerard/pico/pico-sdk/src/rp2_common/pico_multicore/multicore.c.o
 .text.core1_wrapper
                0x10005940        0xc CMakeFiles/MPU6050_IMU.dir/home/gerard/pico/pico-sdk/src/rp2_common/pico_multicore/multicore.c.o
                0x10005940                core1_wrapper
 .text.multicore_reset_core1
                0x1000594c       0x60 CMakeFiles/MPU6050_IMU.dir/home/gerard/pico/pico-sdk/src/rp2_common/pico_multicore/multicore.c.o
                0x1000594c                multicore_reset_core1
 .text.multicore_launch_core1_raw
                0x100059ac       0x84 CMakeFiles/MPU6050_IMU.dir/home/gerard/pico/pico-sdk/src/rp2_common/pico_multicore/multicore.c.o
                0x100059ac                multicore_launch_core1_raw
 .text.multicore_launch_core1
                0x10005a30       0x58 CMakeFiles/MPU6050_IMU.dir/home/gerard/pico/pico-sdk/src/rp2_common/pico_multicore/multicore.c.o
                0x10005a30                multicore_launch_core1
 .text.dma_claim_unused_channel
                0x10005a88       0x24 CMakeFiles/MPU6050_IMU.dir/home/gerard/pico/pico-sdk/src/rp2_common/hardware_dma/dma.c.o
                0x10005a88                dma_claim_unused_channel
 .text.pio_add_program
                0x10005aac      0x104 CMakeFiles/MPU6050_IMU.dir/home/gerard/pico/pico-sdk/src/rp2_common/hardware_pio/pio.c.o
                0x10005aac                pio_add_program
 .text.pio_sm_set_consecutive_pindirs
                0x10005bb0       0xb4 CMakeFiles/MPU6050_IMU.dir/home/gerard/pico/pico-sdk/src/rp2_common/hardware_pio/pio.c.o
                0x10005bb0                pio_sm_set_consecutive_pindirs
 .text.pio_sm_init
                0x10005c64       0x9c CMakeFiles/MPU6050_IMU.dir/home/gerard/pico/pico-sdk/src/rp2_common/hardware_pio/pio.c.o
                0x10005c64                pio_sm_init
 .text.i2c_read_blocking_internal.constprop.0
                0x10005d00       0x98 CMakeFiles/MPU6050_IMU.dir/home/gerard/pico/pico-sdk/src/rp2_common/hardware_i2c/i2c.c.o
 .text.i2c_write_blocking_internal.constprop.0
                0x10005d98       0xd0 CMakeFiles/MPU6050_IMU.dir/home/gerard/pico/pico-sdk/src/rp2_common/hardware_i2c/i2c.c.o
 .text.i2c_set_baudrate
                0x10005e68       0xc0 CMakeFiles/MPU6050_IMU.dir/home/gerard/pico/pico-sdk/src/rp2_common/hardware_i2c/i2c.c.o
                0x10005e68                i2c_set_baudrate
 .text.i2c_init
                0x10005f28       0x54 CMakeFiles/MPU6050_IMU.dir/home/gerard/pico/pico-sdk/src/rp2_common/hardware_i2c/i2c.c.o
                0x10005f28                i2c_init
 .text.i2c_write_blocking
                0x10005f7c       0x14 CMakeFiles/MPU6050_IMU.dir/home/gerard/pico/pico-sdk/src/rp2_common/hardware_i2c/i2c.c.o
                0x10005f7c                i2c_write_blocking
 .text.i2c_read_blocking
                0x10005f90       0x14 CMakeFiles/MPU6050_IMU.dir/home/gerard/pico/pico-sdk/src/rp2_common/hardware_i2c/i2c.c.o
                0x10005f90                i2c_read_blocking
 .text          0x10005fa4       0x5c /usr/lib/gcc/arm-none-eabi/12.2.1/../../../arm-none-eabi/lib/thumb/v6-m/nofp/libg.a(lib_a-callocr.o)
                0x10005fa4                _calloc_r
 .text          0x10006000      0x548 /usr/lib/gcc/arm-none-eabi/12.2.1/../../../arm-none-eabi/lib/thumb/v6-m/nofp/libg.a(lib_a-mallocr.o)
                0x10006000                _malloc_r
 .text          0x10006548        0x8 /usr/lib/gcc/arm-none-eabi/12.2.1/../../../arm-none-eabi/lib/thumb/v6-m/nofp/libg.a(lib_a-mlock.o)
                0x10006548                __malloc_lock
                0x1000654c                __malloc_unlock
 .text          0x10006550      0x3c8 /usr/lib/gcc/arm-none-eabi/12.2.1/../../../arm-none-eabi/lib/thumb/v6-m/nofp/libg.a(lib_a-reallocr.o)
                0x10006550                _realloc_r
 .text          0x10006918       0x24 /usr/lib/gcc/arm-none-eabi/12.2.1/../../../arm-none-eabi/lib/thumb/v6-m/nofp/libg.a(lib_a-sbrkr.o)
                0x10006918                _sbrk_r
 .text          0x1000693c       0xa0 /usr/lib/gcc/arm-none-eabi/12.2.1/../../../arm-none-eabi/lib/thumb/v6-m/nofp/libg.a(lib_a-sscanf.o)
                0x1000693c                sscanf
                0x1000698c                _sscanf_r
 .text          0x100069dc       0xa8 /usr/lib/gcc/arm-none-eabi/12.2.1/../../../arm-none-eabi/lib/thumb/v6-m/nofp/libg.a(lib_a-stdio.o)
                0x100069dc                __sread
                0x10006a04                __seofread
                0x10006a08                __swrite
                0x10006a48                __sseek
                0x10006a78                __sclose
 .text          0x10006a84       0x5c /usr/lib/gcc/arm-none-eabi/12.2.1/../../../arm-none-eabi/lib/thumb/v6-m/nofp/libg.a(lib_a-strlen-stub.o)
                0x10006a84                strlen
 .text          0x10006ae0      0xfa0 /usr/lib/gcc/arm-none-eabi/12.2.1/../../../arm-none-eabi/lib/thumb/v6-m/nofp/libg.a(lib_a-svfscanf.o)
                0x10006ae0                __ssvfscanf_r
 .text          0x10007a80       0x28 /usr/lib/gcc/arm-none-eabi/12.2.1/../../../arm-none-eabi/lib/thumb/v6-m/nofp/libg.a(lib_a-writer.o)
                0x10007a80                _write_r
 .text          0x10007aa8       0x24 /usr/lib/gcc/arm-none-eabi/12.2.1/../../../arm-none-eabi/lib/thumb/v6-m/nofp/libg.a(lib_a-closer.o)
                0x10007aa8                _close_r
 .text          0x10007acc      0x268 /usr/lib/gcc/arm-none-eabi/12.2.1/../../../arm-none-eabi/lib/thumb/v6-m/nofp/libg.a(lib_a-freer.o)
                0x10007acc                _malloc_trim_r
                0x10007b74                _free_r
 .text          0x10007d34        0xc /usr/lib/gcc/arm-none-eabi/12.2.1/../../../arm-none-eabi/lib/thumb/v6-m/nofp/libg.a(lib_a-iswspace.o)
                0x10007d34                iswspace
 .text          0x10007d40       0x18 /usr/lib/gcc/arm-none-eabi/12.2.1/../../../arm-none-eabi/lib/thumb/v6-m/nofp/libg.a(lib_a-iswspace_l.o)
                0x10007d40                iswspace_l
 .text          0x10007d58       0x98 /usr/lib/gcc/arm-none-eabi/12.2.1/../../../arm-none-eabi/lib/thumb/v6-m/nofp/libg.a(lib_a-locale.o)
                0x10007d58                _setlocale_r
                0x10007d9c                __locale_mb_cur_max
                0x10007dac                setlocale
 .text          0x10007df0       0x14 /usr/lib/gcc/arm-none-eabi/12.2.1/../../../arm-none-eabi/lib/thumb/v6-m/nofp/libg.a(lib_a-localeconv.o)
                0x10007df0                __localeconv_l
                0x10007df4                _localeconv_r
                0x10007dfc                localeconv
 .text          0x10007e04       0x28 /usr/lib/gcc/arm-none-eabi/12.2.1/../../../arm-none-eabi/lib/thumb/v6-m/nofp/libg.a(lib_a-lseekr.o)
                0x10007e04                _lseek_r
 .text          0x10007e2c       0xa0 /usr/lib/gcc/arm-none-eabi/12.2.1/../../../arm-none-eabi/lib/thumb/v6-m/nofp/libg.a(lib_a-mbrtowc.o)
                0x10007e2c                _mbrtowc_r
                0x10007e78                mbrtowc
 .text          0x10007ecc       0x44 /usr/lib/gcc/arm-none-eabi/12.2.1/../../../arm-none-eabi/lib/thumb/v6-m/nofp/libg.a(lib_a-mbtowc_r.o)
                0x10007ecc                _mbtowc_r
                0x10007ee4                __ascii_mbtowc
 .text          0x10007f10       0xb0 /usr/lib/gcc/arm-none-eabi/12.2.1/../../../arm-none-eabi/lib/thumb/v6-m/nofp/libg.a(lib_a-memmove.o)
                0x10007f10                memmove
 .text          0x10007fc0       0x28 /usr/lib/gcc/arm-none-eabi/12.2.1/../../../arm-none-eabi/lib/thumb/v6-m/nofp/libg.a(lib_a-readr.o)
                0x10007fc0                _read_r
 .text          0x10007fe8       0x80 /usr/lib/gcc/arm-none-eabi/12.2.1/../../../arm-none-eabi/lib/thumb/v6-m/nofp/libg.a(lib_a-sccl.o)
                0x10007fe8                __sccl
 .text          0x10008068        0x8 /usr/lib/gcc/arm-none-eabi/12.2.1/../../../arm-none-eabi/lib/thumb/v6-m/nofp/libg.a(lib_a-sf_nan.o)
                0x10008068                nanf
 .text          0x10008070       0x88 /usr/lib/gcc/arm-none-eabi/12.2.1/../../../arm-none-eabi/lib/thumb/v6-m/nofp/libg.a(lib_a-strcmp.o)
                0x10008070                strcmp
 .text          0x100080f8       0x68 /usr/lib/gcc/arm-none-eabi/12.2.1/../../../arm-none-eabi/lib/thumb/v6-m/nofp/libg.a(lib_a-strncmp.o)
                0x100080f8                strncmp
 .text          0x10008160     0x10b8 /usr/lib/gcc/arm-none-eabi/12.2.1/../../../arm-none-eabi/lib/thumb/v6-m/nofp/libg.a(lib_a-strtod.o)
                0x10008190                _strtod_l
                0x10009060                _strtod_r
                0x10009070                strtod_l
                0x10009088                strtod
                0x100090a4                strtof_l
                0x1000915c                strtof
 .text          0x10009218      0x190 /usr/lib/gcc/arm-none-eabi/12.2.1/../../../arm-none-eabi/lib/thumb/v6-m/nofp/libg.a(lib_a-strtol.o)
                0x10009370                _strtol_r
                0x10009378                strtol_l
                0x10009390                strtol
 .text          0x100093a8      0x1d8 /usr/lib/gcc/arm-none-eabi/12.2.1/../../../arm-none-eabi/lib/thumb/v6-m/nofp/libg.a(lib_a-strtoll.o)
                0x10009548                _strtoll_r
                0x10009550                strtoll_l
                0x10009568                strtoll
 .text          0x10009580      0x17c /usr/lib/gcc/arm-none-eabi/12.2.1/../../../arm-none-eabi/lib/thumb/v6-m/nofp/libg.a(lib_a-strtoul.o)
                0x100096c4                _strtoul_r
                0x100096cc                strtoul_l
                0x100096e4                strtoul
 .text          0x100096fc      0x1fc /usr/lib/gcc/arm-none-eabi/12.2.1/../../../arm-none-eabi/lib/thumb/v6-m/nofp/libg.a(lib_a-strtoull.o)
                0x100098c0                _strtoull_r
                0x100098c8                strtoull_l
                0x100098e0                strtoull
 .text          0x100098f8      0xfbc /usr/lib/gcc/arm-none-eabi/12.2.1/../../../arm-none-eabi/lib/thumb/v6-m/nofp/libg.a(lib_a-svfiscanf.o)
                0x100098f8                _sungetc_r
                0x10009978                __ssrefill_r
                0x100099b8                _sfread_r
                0x10009a74                __ssvfiscanf_r
 .text          0x1000a8b4      0x188 /usr/lib/gcc/arm-none-eabi/12.2.1/../../../arm-none-eabi/lib/thumb/v6-m/nofp/libg.a(lib_a-ungetc.o)
                0x1000a8b4                __submore
                0x1000a938                _ungetc_r
                0x1000aa24                ungetc
 .text          0x1000aa3c       0x2c /usr/lib/gcc/arm-none-eabi/12.2.1/../../../arm-none-eabi/lib/thumb/v6-m/nofp/libg.a(lib_a-wctomb_r.o)
                0x1000aa3c                _wctomb_r
                0x1000aa4c                __ascii_wctomb
 .text          0x1000aa68        0xc /usr/lib/gcc/arm-none-eabi/12.2.1/../../../arm-none-eabi/lib/thumb/v6-m/nofp/libg.a(lib_a-errno.o)
                0x1000aa68                __errno
 .text          0x1000aa74      0x1c8 /usr/lib/gcc/arm-none-eabi/12.2.1/../../../arm-none-eabi/lib/thumb/v6-m/nofp/libg.a(lib_a-fflush.o)
                0x1000aa74                __sflush_r
                0x1000abbc                _fflush_r
                0x1000abe8                fflush
 .text          0x1000ac3c      0x23c /usr/lib/gcc/arm-none-eabi/12.2.1/../../../arm-none-eabi/lib/thumb/v6-m/nofp/libg.a(lib_a-findfp.o)
                0x1000ac40                _cleanup_r
                0x1000ad3c                __sfmoreglue
                0x1000ad6c                __sfp
                0x1000ae10                _cleanup
                0x1000ae28                __sinit
                0x1000ae38                __sfp_lock_acquire
                0x1000ae3c                __sfp_lock_release
                0x1000ae40                __sinit_lock_acquire
                0x1000ae44                __sinit_lock_release
                0x1000ae48                __fp_lock_all
                0x1000ae60                __fp_unlock_all
 .text          0x1000ae78       0x88 /usr/lib/gcc/arm-none-eabi/12.2.1/../../../arm-none-eabi/lib/thumb/v6-m/nofp/libg.a(lib_a-fwalk.o)
                0x1000ae78                _fwalk
                0x1000aeb8                _fwalk_reent
 .text          0x1000af00      0x684 /usr/lib/gcc/arm-none-eabi/12.2.1/../../../arm-none-eabi/lib/thumb/v6-m/nofp/libg.a(lib_a-gdtoa-gethex.o)
                0x1000afb0                __gethex
 .text          0x1000b584      0x230 /usr/lib/gcc/arm-none-eabi/12.2.1/../../../arm-none-eabi/lib/thumb/v6-m/nofp/libg.a(lib_a-gdtoa-hexnan.o)
                0x1000b584                __match
                0x1000b5b0                __hexnan
 .text          0x1000b7b4      0xb20 /usr/lib/gcc/arm-none-eabi/12.2.1/../../../arm-none-eabi/lib/thumb/v6-m/nofp/libg.a(lib_a-mprec.o)
                0x1000b7b4                _Balloc
                0x1000b804                _Bfree
                0x1000b818                __multadd
                0x1000b8c0                __s2b
                0x1000b970                __hi0bits
                0x1000b9bc                __lo0bits
                0x1000ba18                __i2b
                0x1000ba78                __multiply
                0x1000bc28                __pow5mult
                0x1000bcf8                __lshift
                0x1000bdf4                __mcmp
                0x1000be30                __mdiff
                0x1000bfd4                __ulp
                0x1000c014                __b2d
                0x1000c0d4                __d2b
                0x1000c1a4                __ratio
                0x1000c20c                _mprec_log10
                0x1000c240                __copybits
                0x1000c280                __any_on
 .text          0x1000c2d4        0xc /usr/lib/gcc/arm-none-eabi/12.2.1/../../../arm-none-eabi/lib/thumb/v6-m/nofp/libg.a(lib_a-s_nan.o)
                0x1000c2d4                nan
 .text          0x1000c2e0       0xac /usr/lib/gcc/arm-none-eabi/12.2.1/../../../arm-none-eabi/lib/thumb/v6-m/nofp/libg.a(lib_a-fclose.o)
                0x1000c2e0                _fclose_r
                0x1000c378                fclose
 *(.fini)
 .fini          0x1000c38c        0x4 /usr/lib/gcc/arm-none-eabi/12.2.1/thumb/v6-m/nofp/crti.o
                0x1000c38c                _fini
 .fini.__stub   0x1000c390       0x40 linker stubs
 *crtbegin.o(.ctors)
 *crtbegin?.o(.ctors)
 *(EXCLUDE_FILE(*crtend.o *crtend?.o) .ctors)
 *(SORT_BY_NAME(.ctors.*))
 *(.ctors)
 *crtbegin.o(.dtors)
 *crtbegin?.o(.dtors)
 *(EXCLUDE_FILE(*crtend.o *crtend?.o) .dtors)
 *(SORT_BY_NAME(.dtors.*))
 *(.dtors)
                0x1000c3d0                        . = ALIGN (0x4)
                0x1000c3d0                        PROVIDE (__preinit_array_start = .)
 *(SORT_BY_NAME(.preinit_array.*))
 .preinit_array.00100
                0x1000c3d0        0x4 CMakeFiles/MPU6050_IMU.dir/home/gerard/pico/pico-sdk/src/rp2_common/pico_runtime_init/runtime_init.c.o
                0x1000c3d0                __pre_init_runtime_init_early_resets
 .preinit_array.00101
                0x1000c3d4        0x4 CMakeFiles/MPU6050_IMU.dir/home/gerard/pico/pico-sdk/src/rp2_common/pico_runtime_init/runtime_init.c.o
                0x1000c3d4                __pre_init_runtime_init_usb_power_down
 .preinit_array.00275
                0x1000c3d8        0x4 CMakeFiles/MPU6050_IMU.dir/home/gerard/pico/pico-sdk/src/rp2_common/pico_bit_ops/bit_ops_aeabi.S.o
 .preinit_array.00300
                0x1000c3dc        0x4 CMakeFiles/MPU6050_IMU.dir/home/gerard/pico/pico-sdk/src/rp2_common/pico_mem_ops/mem_ops_aeabi.S.o
 .preinit_array.00350
                0x1000c3e0        0x4 CMakeFiles/MPU6050_IMU.dir/home/gerard/pico/pico-sdk/src/rp2_common/pico_double/double_aeabi_rp2040.S.o
 .preinit_array.00350
                0x1000c3e4        0x4 CMakeFiles/MPU6050_IMU.dir/home/gerard/pico/pico-sdk/src/rp2_common/pico_float/float_aeabi_rp2040.S.o
 .preinit_array.00500
                0x1000c3e8        0x4 CMakeFiles/MPU6050_IMU.dir/home/gerard/pico/pico-sdk/src/rp2_common/pico_runtime_init/runtime_init.c.o
                0x1000c3e8                __pre_init_runtime_init_clocks
 .preinit_array.00600
                0x1000c3ec        0x4 CMakeFiles/MPU6050_IMU.dir/home/gerard/pico/pico-sdk/src/rp2_common/pico_runtime_init/runtime_init.c.o
                0x1000c3ec                __pre_init_runtime_init_post_clock_resets
 .preinit_array.00700
                0x1000c3f0        0x4 CMakeFiles/MPU6050_IMU.dir/home/gerard/pico/pico-sdk/src/rp2_common/pico_runtime_init/runtime_init.c.o
                0x1000c3f0                __pre_init_runtime_init_rp2040_gpio_ie_disable
 .preinit_array.01000
                0x1000c3f4        0x4 CMakeFiles/MPU6050_IMU.dir/home/gerard/pico/pico-sdk/src/rp2_common/pico_runtime_init/runtime_init.c.o
                0x1000c3f4                __pre_init_runtime_init_spin_locks_reset
 .preinit_array.01100
                0x1000c3f8        0x4 CMakeFiles/MPU6050_IMU.dir/home/gerard/pico/pico-sdk/src/common/pico_sync/mutex.c.o
                0x1000c3f8                __pre_init_runtime_init_mutex
 .preinit_array.10080
                0x1000c3fc        0x4 CMakeFiles/MPU6050_IMU.dir/home/gerard/pico/pico-sdk/src/rp2_common/pico_runtime_init/runtime_init.c.o
                0x1000c3fc                __pre_init_runtime_init_install_ram_vector_table
 .preinit_array.11000
                0x1000c400        0x4 CMakeFiles/MPU6050_IMU.dir/home/gerard/pico/pico-sdk/src/common/pico_time/time.c.o
                0x1000c400                __pre_init_runtime_init_default_alarm_pool
 .preinit_array.YYYYY
                0x1000c404        0x4 CMakeFiles/MPU6050_IMU.dir/home/gerard/pico/pico-sdk/src/rp2_common/pico_runtime/runtime.c.o
                0x1000c404                __pre_init_first_per_core_initializer
 .preinit_array.ZZZZZ.01200
                0x1000c408        0x4 CMakeFiles/MPU6050_IMU.dir/home/gerard/pico/pico-sdk/src/rp2_common/hardware_irq/irq.c.o
                0x1000c408                __pre_init_runtime_init_per_core_irq_priorities
 *(.preinit_array)
                0x1000c40c                        PROVIDE (__preinit_array_end = .)
                0x1000c40c                        . = ALIGN (0x4)
                0x1000c40c                        PROVIDE (__init_array_start = .)
 *(SORT_BY_NAME(.init_array.*))
 *(.init_array)
 .init_array    0x1000c40c        0x4 /usr/lib/gcc/arm-none-eabi/12.2.1/thumb/v6-m/nofp/crtbegin.o
 .init_array    0x1000c410        0x4 CMakeFiles/MPU6050_IMU.dir/home/gerard/pico/pico-sdk/src/rp2_common/pico_bootsel_via_double_reset/pico_bootsel_via_double_reset.c.o
                0x1000c414                        PROVIDE (__init_array_end = .)
                0x1000c414                        . = ALIGN (0x4)
                0x1000c414                        PROVIDE (__fini_array_start = .)
 *(SORT_BY_NAME(.fini_array.*))
 *(.fini_array)
                0x1000c414                        PROVIDE (__fini_array_end = .)
 *(.eh_frame*)
 .eh_frame      0x1000c414        0x0 /usr/lib/gcc/arm-none-eabi/12.2.1/thumb/v6-m/nofp/crtbegin.o
                0x1000c414                        . = ALIGN (0x4)

.glue_7         0x1000c414        0x0
 .glue_7        0x1000c414        0x0 linker stubs

.glue_7t        0x1000c414        0x0
 .glue_7t       0x1000c414        0x0 linker stubs

.vfp11_veneer   0x1000c414        0x0
 .vfp11_veneer  0x1000c414        0x0 linker stubs

.v4_bx          0x1000c414        0x0
 .v4_bx         0x1000c414        0x0 linker stubs

.iplt           0x1000c414        0x0
 .iplt          0x1000c414        0x0 /usr/lib/gcc/arm-none-eabi/12.2.1/thumb/v6-m/nofp/crtbegin.o

.rodata         0x1000c418     0x14f0
 *(EXCLUDE_FILE(*libm.a: *libc.a:*lib_a-mem*.o *libgcc.a:) .rodata*)
 .rodata.protothread_vga.str1.4
                0x1000c418       0x15 CMakeFiles/MPU6050_IMU.dir/imu_demo.c.o
 *fill*         0x1000c42d        0x3 
 .rodata.protothread_serial.str1.4
                0x1000c430       0x27 CMakeFiles/MPU6050_IMU.dir/imu_demo.c.o
 *fill*         0x1000c457        0x1 
 .rodata.font   0x1000c458      0x4fb CMakeFiles/MPU6050_IMU.dir/vga16_graphics.c.o
 *fill*         0x1000c953        0x1 
 .rodata.rgb_program
                0x1000c954        0x8 CMakeFiles/MPU6050_IMU.dir/vga16_graphics.c.o
 .rodata.rgb_program_instructions
                0x1000c95c       0x12 CMakeFiles/MPU6050_IMU.dir/vga16_graphics.c.o
 *fill*         0x1000c96e        0x2 
 .rodata.vsync_program
                0x1000c970        0x8 CMakeFiles/MPU6050_IMU.dir/vga16_graphics.c.o
 .rodata.vsync_program_instructions
                0x1000c978       0x1c CMakeFiles/MPU6050_IMU.dir/vga16_graphics.c.o
 .rodata.hsync_program
                0x1000c994        0x8 CMakeFiles/MPU6050_IMU.dir/vga16_graphics.c.o
 .rodata.hsync_program_instructions
                0x1000c99c       0x12 CMakeFiles/MPU6050_IMU.dir/vga16_graphics.c.o
 *fill*         0x1000c9ae        0x2 
 .rodata.panic.str1.4
                0x1000c9b0       0x12 CMakeFiles/MPU6050_IMU.dir/home/gerard/pico/pico-sdk/src/rp2_common/pico_platform_panic/panic.c.o
 *fill*         0x1000c9c2        0x6 
 .rodata.at_the_end_of_time
                0x1000c9c8        0x8 CMakeFiles/MPU6050_IMU.dir/home/gerard/pico/pico-sdk/src/common/pico_time/time.c.o
                0x1000c9c8                at_the_end_of_time
 .rodata.timer_hardware_alarm_claim.str1.4
                0x1000c9d0       0x22 CMakeFiles/MPU6050_IMU.dir/home/gerard/pico/pico-sdk/src/rp2_common/hardware_timer/timer.c.o
 *fill*         0x1000c9f2        0x2 
 .rodata.hard_assertion_failure.str1.4
                0x1000c9f4        0xc CMakeFiles/MPU6050_IMU.dir/home/gerard/pico/pico-sdk/src/rp2_common/pico_runtime/runtime.c.o
 .rodata.str1.4
                0x1000ca00       0x40 CMakeFiles/MPU6050_IMU.dir/home/gerard/pico/pico-sdk/src/rp2_common/pico_standard_binary_info/standard_binary_info.c.o
 .rodata.__bi_84
                0x1000ca40        0xc CMakeFiles/MPU6050_IMU.dir/home/gerard/pico/pico-sdk/src/rp2_common/pico_standard_binary_info/standard_binary_info.c.o
 .rodata.__bi_78
                0x1000ca4c        0xc CMakeFiles/MPU6050_IMU.dir/home/gerard/pico/pico-sdk/src/rp2_common/pico_standard_binary_info/standard_binary_info.c.o
 .rodata.__bi_54
                0x1000ca58        0xc CMakeFiles/MPU6050_IMU.dir/home/gerard/pico/pico-sdk/src/rp2_common/pico_standard_binary_info/standard_binary_info.c.o
 .rodata.__bi_48
                0x1000ca64        0xc CMakeFiles/MPU6050_IMU.dir/home/gerard/pico/pico-sdk/src/rp2_common/pico_standard_binary_info/standard_binary_info.c.o
 .rodata.__bi_42
                0x1000ca70        0xc CMakeFiles/MPU6050_IMU.dir/home/gerard/pico/pico-sdk/src/rp2_common/pico_standard_binary_info/standard_binary_info.c.o
 .rodata.__bi_34
                0x1000ca7c        0xc CMakeFiles/MPU6050_IMU.dir/home/gerard/pico/pico-sdk/src/rp2_common/pico_standard_binary_info/standard_binary_info.c.o
 .rodata.__bi_26
                0x1000ca88        0xc CMakeFiles/MPU6050_IMU.dir/home/gerard/pico/pico-sdk/src/rp2_common/pico_standard_binary_info/standard_binary_info.c.o
 .rodata._ftoa.str1.4
                0x1000ca94       0x15 CMakeFiles/MPU6050_IMU.dir/home/gerard/pico/pico-sdk/src/rp2_common/pico_printf/printf.c.o
 *fill*         0x1000caa9        0x3 
 .rodata._vsnprintf
                0x1000caac      0x19c CMakeFiles/MPU6050_IMU.dir/home/gerard/pico/pico-sdk/src/rp2_common/pico_printf/printf.c.o
 .rodata.pow10.0
                0x1000cc48       0x50 CMakeFiles/MPU6050_IMU.dir/home/gerard/pico/pico-sdk/src/rp2_common/pico_printf/printf.c.o
 .rodata.__assert_func.str1.4
                0x1000cc98       0x3f CMakeFiles/MPU6050_IMU.dir/home/gerard/pico/pico-sdk/src/rp2_common/pico_clib_interface/newlib_interface.c.o
                                 0x43 (size before relaxing)
 *fill*         0x1000ccd7        0x1 
 .rodata.crlf_str.0
                0x1000ccd8        0x2 CMakeFiles/MPU6050_IMU.dir/home/gerard/pico/pico-sdk/src/rp2_common/pico_stdio/stdio.c.o
 *fill*         0x1000ccda        0x2 
 .rodata.str1.4
                0x1000ccdc       0x2c CMakeFiles/MPU6050_IMU.dir/home/gerard/pico/pico-sdk/src/rp2_common/pico_stdio_uart/stdio_uart.c.o
 .rodata.__bi_45.4
                0x1000cd08        0xc CMakeFiles/MPU6050_IMU.dir/home/gerard/pico/pico-sdk/src/rp2_common/pico_stdio_uart/stdio_uart.c.o
 .rodata.__bi_49.5
                0x1000cd14        0x8 CMakeFiles/MPU6050_IMU.dir/home/gerard/pico/pico-sdk/src/rp2_common/pico_stdio_uart/stdio_uart.c.o
 .rodata.__bi_50.6
                0x1000cd1c        0x8 CMakeFiles/MPU6050_IMU.dir/home/gerard/pico/pico-sdk/src/rp2_common/pico_stdio_uart/stdio_uart.c.o
 .rodata.str1.4
                0x1000cd24       0x18 CMakeFiles/MPU6050_IMU.dir/home/gerard/pico/pico-sdk/src/rp2_common/pico_bootsel_via_double_reset/pico_bootsel_via_double_reset.c.o
 .rodata.__bi_50
                0x1000cd3c        0xc CMakeFiles/MPU6050_IMU.dir/home/gerard/pico/pico-sdk/src/rp2_common/pico_bootsel_via_double_reset/pico_bootsel_via_double_reset.c.o
 .rodata.dma_claim_unused_channel.str1.4
                0x1000cd48       0x1e CMakeFiles/MPU6050_IMU.dir/home/gerard/pico/pico-sdk/src/rp2_common/hardware_dma/dma.c.o
 *fill*         0x1000cd66        0x2 
 .rodata        0x1000cd68        0x4 /usr/lib/gcc/arm-none-eabi/12.2.1/../../../arm-none-eabi/lib/thumb/v6-m/nofp/libg.a(lib_a-impure.o)
                0x1000cd68                _global_impure_ptr
 .rodata.str1.4
                0x1000cd6c        0x5 /usr/lib/gcc/arm-none-eabi/12.2.1/../../../arm-none-eabi/lib/thumb/v6-m/nofp/libg.a(lib_a-svfscanf.o)
                                  0x9 (size before relaxing)
 *fill*         0x1000cd71        0x3 
 .rodata        0x1000cd74      0x3e6 /usr/lib/gcc/arm-none-eabi/12.2.1/../../../arm-none-eabi/lib/thumb/v6-m/nofp/libg.a(lib_a-svfscanf.o)
 *fill*         0x1000d15a        0x2 
 .rodata        0x1000d15c      0x101 /usr/lib/gcc/arm-none-eabi/12.2.1/../../../arm-none-eabi/lib/thumb/v6-m/nofp/libg.a(lib_a-ctype_.o)
                0x1000d15c                _ctype_
 *fill*         0x1000d25d        0x3 
 .rodata.str1.4
                0x1000d260        0xe /usr/lib/gcc/arm-none-eabi/12.2.1/../../../arm-none-eabi/lib/thumb/v6-m/nofp/libg.a(lib_a-locale.o)
                                 0x12 (size before relaxing)
 .rodata.str1.4
                0x1000d26e        0x1 /usr/lib/gcc/arm-none-eabi/12.2.1/../../../arm-none-eabi/lib/thumb/v6-m/nofp/libg.a(lib_a-mbrtowc.o)
 *fill*         0x1000d26e        0x2 
 .rodata.str1.4
                0x1000d270        0xf /usr/lib/gcc/arm-none-eabi/12.2.1/../../../arm-none-eabi/lib/thumb/v6-m/nofp/libg.a(lib_a-strtod.o)
                                 0x11 (size before relaxing)
 *fill*         0x1000d27f        0x1 
 .rodata        0x1000d280      0x120 /usr/lib/gcc/arm-none-eabi/12.2.1/../../../arm-none-eabi/lib/thumb/v6-m/nofp/libg.a(lib_a-strtod.o)
 .rodata        0x1000d3a0      0x2aa /usr/lib/gcc/arm-none-eabi/12.2.1/../../../arm-none-eabi/lib/thumb/v6-m/nofp/libg.a(lib_a-svfiscanf.o)
 *fill*         0x1000d64a        0x2 
 .rodata.str1.4
                0x1000d64c       0x4e /usr/lib/gcc/arm-none-eabi/12.2.1/../../../arm-none-eabi/lib/thumb/v6-m/nofp/libg.a(lib_a-gdtoa-gethex.o)
 *fill*         0x1000d69a        0x2 
 .rodata        0x1000d69c      0x100 /usr/lib/gcc/arm-none-eabi/12.2.1/../../../arm-none-eabi/lib/thumb/v6-m/nofp/libg.a(lib_a-gdtoa-gethex.o)
                0x1000d69c                __hexdig
 .rodata.str1.4
                0x1000d79c        0x5 /usr/lib/gcc/arm-none-eabi/12.2.1/../../../arm-none-eabi/lib/thumb/v6-m/nofp/libg.a(lib_a-lnumeric.o)
 .rodata        0x1000d79c        0xc /usr/lib/gcc/arm-none-eabi/12.2.1/../../../arm-none-eabi/lib/thumb/v6-m/nofp/libg.a(lib_a-lnumeric.o)
                0x1000d79c                _C_numeric_locale
 .rodata.str1.4
                0x1000d7a8       0x33 /usr/lib/gcc/arm-none-eabi/12.2.1/../../../arm-none-eabi/lib/thumb/v6-m/nofp/libg.a(lib_a-mprec.o)
                                 0x47 (size before relaxing)
 *fill*         0x1000d7db        0x5 
 .rodata        0x1000d7e0      0x128 /usr/lib/gcc/arm-none-eabi/12.2.1/../../../arm-none-eabi/lib/thumb/v6-m/nofp/libg.a(lib_a-mprec.o)
                0x1000d7f0                __mprec_tinytens
                0x1000d818                __mprec_bigtens
                0x1000d840                __mprec_tens
                0x1000d908                        . = ALIGN (0x4)
 *(SORT_BY_ALIGNMENT(SORT_BY_NAME(.flashdata*)))
                0x1000d908                        . = ALIGN (0x4)

.ARM.extab
 *(.ARM.extab* .gnu.linkonce.armextab.*)
                0x1000d908                        __exidx_start = .

.ARM.exidx
 *(.ARM.exidx* .gnu.linkonce.armexidx.*)
                0x1000d908                        __exidx_end = .
                0x1000d908                        . = ALIGN (0x4)
                0x1000d908                        __binary_info_start = .

.binary_info    0x1000d908       0x2c
 *(.binary_info.keep.*)
 .binary_info.keep.__bi_ptr84
                0x1000d908        0x4 CMakeFiles/MPU6050_IMU.dir/home/gerard/pico/pico-sdk/src/rp2_common/pico_standard_binary_info/standard_binary_info.c.o
 .binary_info.keep.__bi_ptr78
                0x1000d90c        0x4 CMakeFiles/MPU6050_IMU.dir/home/gerard/pico/pico-sdk/src/rp2_common/pico_standard_binary_info/standard_binary_info.c.o
 .binary_info.keep.__bi_ptr54
                0x1000d910        0x4 CMakeFiles/MPU6050_IMU.dir/home/gerard/pico/pico-sdk/src/rp2_common/pico_standard_binary_info/standard_binary_info.c.o
 .binary_info.keep.__bi_ptr48
                0x1000d914        0x4 CMakeFiles/MPU6050_IMU.dir/home/gerard/pico/pico-sdk/src/rp2_common/pico_standard_binary_info/standard_binary_info.c.o
 .binary_info.keep.__bi_ptr42
                0x1000d918        0x4 CMakeFiles/MPU6050_IMU.dir/home/gerard/pico/pico-sdk/src/rp2_common/pico_standard_binary_info/standard_binary_info.c.o
 .binary_info.keep.__bi_ptr34
                0x1000d91c        0x4 CMakeFiles/MPU6050_IMU.dir/home/gerard/pico/pico-sdk/src/rp2_common/pico_standard_binary_info/standard_binary_info.c.o
 .binary_info.keep.__bi_ptr26
                0x1000d920        0x4 CMakeFiles/MPU6050_IMU.dir/home/gerard/pico/pico-sdk/src/rp2_common/pico_standard_binary_info/standard_binary_info.c.o
 .binary_info.keep.__bi_ptr50
                0x1000d924        0x4 CMakeFiles/MPU6050_IMU.dir/home/gerard/pico/pico-sdk/src/rp2_common/pico_bootsel_via_double_reset/pico_bootsel_via_double_reset.c.o
 *(.binary_info.*)
 .binary_info.__bi_ptr50
                0x1000d928        0x4 CMakeFiles/MPU6050_IMU.dir/home/gerard/pico/pico-sdk/src/rp2_common/pico_stdio_uart/stdio_uart.c.o
 .binary_info.__bi_ptr49
                0x1000d92c        0x4 CMakeFiles/MPU6050_IMU.dir/home/gerard/pico/pico-sdk/src/rp2_common/pico_stdio_uart/stdio_uart.c.o
 .binary_info.__bi_ptr45
                0x1000d930        0x4 CMakeFiles/MPU6050_IMU.dir/home/gerard/pico/pico-sdk/src/rp2_common/pico_stdio_uart/stdio_uart.c.o
                0x1000d934                        __binary_info_end = .

.rel.dyn        0x1000d934        0x0
 .rel.iplt      0x1000d934        0x0 /usr/lib/gcc/arm-none-eabi/12.2.1/thumb/v6-m/nofp/crtbegin.o
                0x1000d934                        . = ALIGN (0x4)

.ram_vector_table
                0x20000000       0xc0
 *(.ram_vector_table)
 .ram_vector_table
                0x20000000       0xc0 CMakeFiles/MPU6050_IMU.dir/home/gerard/pico/pico-sdk/src/rp2_common/pico_runtime_init/runtime_init.c.o
                0x20000000                ram_vector_table

.uninitialized_data
                0x200000c0        0xc
                0x200000c0                        . = ALIGN (0x4)
 *(.uninitialized_data*)
 .uninitialized_data.magic_location
                0x200000c0        0xc CMakeFiles/MPU6050_IMU.dir/home/gerard/pico/pico-sdk/src/rp2_common/pico_bootsel_via_double_reset/pico_bootsel_via_double_reset.c.o

.data           0x200000d0      0xb50 load address 0x1000d934
                0x200000d0                        __data_start__ = .
 *(vtable)
 *(.time_critical*)
 .time_critical.mutex_try_enter_block_until
                0x200000d0       0x9c CMakeFiles/MPU6050_IMU.dir/home/gerard/pico/pico-sdk/src/common/pico_sync/mutex.c.o
                0x200000d0                mutex_try_enter_block_until
 .time_critical.mutex_exit
                0x2000016c       0x28 CMakeFiles/MPU6050_IMU.dir/home/gerard/pico/pico-sdk/src/common/pico_sync/mutex.c.o
                0x2000016c                mutex_exit
 *(.text*)
 .text          0x20000194        0x4 /usr/lib/gcc/arm-none-eabi/12.2.1/thumb/v6-m/nofp/libgcc.a(_dvmd_tls.o)
                0x20000194                __aeabi_ldiv0
                0x20000194                __aeabi_idiv0
 .text.__stub   0x20000198       0x10 linker stubs
                0x200001a8                        . = ALIGN (0x4)
 *(.rodata*)
                0x200001a8                        . = ALIGN (0x4)
 *(.data*)
 .data.xcoord.9
                0x200001a8        0x4 CMakeFiles/MPU6050_IMU.dir/imu_demo.c.o
 .data.threshold
                0x200001ac        0x4 CMakeFiles/MPU6050_IMU.dir/imu_demo.c.o
                0x200001ac                threshold
 .data.address_pointer
                0x200001b0        0x4 CMakeFiles/MPU6050_IMU.dir/vga16_graphics.c.o
                0x200001b0                address_pointer
 .data.striped_spin_lock_num
                0x200001b4        0x1 CMakeFiles/MPU6050_IMU.dir/home/gerard/pico/pico-sdk/src/rp2_common/hardware_sync/sync.c.o
 *fill*         0x200001b5        0x3 
 .data          0x200001b8       0x48 CMakeFiles/MPU6050_IMU.dir/home/gerard/pico/pico-sdk/src/rp2_common/hardware_irq/irq_handler_chain.S.o
                0x200001b8                irq_handler_chain_slots
                0x200001e8                irq_handler_chain_first_slot
                0x200001f2                irq_handler_chain_remove_tail
 .data.default_alarm_pool
                0x20000200       0x18 CMakeFiles/MPU6050_IMU.dir/home/gerard/pico/pico-sdk/src/common/pico_time/time.c.o
 *fill*         0x20000218        0x8 
 .data.aeabi_bits_funcs
                0x20000220       0x10 CMakeFiles/MPU6050_IMU.dir/home/gerard/pico/pico-sdk/src/rp2_common/pico_bit_ops/bit_ops_aeabi.S.o
                0x20000220                aeabi_bits_funcs
                0x20000230                aeabi_bits_funcs_end
 .data.aeabi_mem_funcs
                0x20000230       0x10 CMakeFiles/MPU6050_IMU.dir/home/gerard/pico/pico-sdk/src/rp2_common/pico_mem_ops/mem_ops_aeabi.S.o
                0x20000230                aeabi_mem_funcs
                0x20000240                aeabi_mem_funcs_end
 .data.stdio_uart
                0x20000240       0x18 CMakeFiles/MPU6050_IMU.dir/home/gerard/pico/pico-sdk/src/rp2_common/pico_stdio_uart/stdio_uart.c.o
                0x20000240                stdio_uart
 .data.i2c0_inst
                0x20000258        0x8 CMakeFiles/MPU6050_IMU.dir/home/gerard/pico/pico-sdk/src/rp2_common/hardware_i2c/i2c.c.o
                0x20000258                i2c0_inst
 .data          0x20000260      0x430 /usr/lib/gcc/arm-none-eabi/12.2.1/../../../arm-none-eabi/lib/thumb/v6-m/nofp/libg.a(lib_a-impure.o)
                0x20000260                _impure_ptr
 .data          0x20000690      0x410 /usr/lib/gcc/arm-none-eabi/12.2.1/../../../arm-none-eabi/lib/thumb/v6-m/nofp/libg.a(lib_a-mallocr.o)
                0x20000690                __malloc_sbrk_base
                0x20000694                __malloc_trim_threshold
                0x20000698                __malloc_av_
 .data          0x20000aa0      0x16c /usr/lib/gcc/arm-none-eabi/12.2.1/../../../arm-none-eabi/lib/thumb/v6-m/nofp/libg.a(lib_a-locale.o)
                0x20000aa0                __global_locale
 .data          0x20000c0c        0x2 /usr/lib/gcc/arm-none-eabi/12.2.1/../../../arm-none-eabi/lib/thumb/v6-m/nofp/libg.a(lib_a-lnumeric.o)
                0x20000c10                        . = ALIGN (0x4)
 *fill*         0x20000c0e        0x2 
 *(.after_data.*)
                0x20000c10                        . = ALIGN (0x4)
                0x20000c10                        PROVIDE (__mutex_array_start = .)
 *(SORT_BY_NAME(.mutex_array.*))
 *(.mutex_array)
 .mutex_array   0x20000c10        0x8 CMakeFiles/MPU6050_IMU.dir/home/gerard/pico/pico-sdk/src/rp2_common/pico_malloc/malloc.c.o
 .mutex_array   0x20000c18        0x8 CMakeFiles/MPU6050_IMU.dir/home/gerard/pico/pico-sdk/src/rp2_common/pico_stdio/stdio.c.o
                0x20000c20                        PROVIDE (__mutex_array_end = .)
                0x20000c20                        . = ALIGN (0x4)
 *(.jcr)
                0x20000c20                        . = ALIGN (0x4)

.tm_clone_table
                0x20000c20        0x0 load address 0x1000e484
 .tm_clone_table
                0x20000c20        0x0 /usr/lib/gcc/arm-none-eabi/12.2.1/thumb/v6-m/nofp/crtbegin.o
 .tm_clone_table
                0x20000c20        0x0 /usr/lib/gcc/arm-none-eabi/12.2.1/thumb/v6-m/nofp/crtend.o

.igot.plt       0x20000c20        0x0 load address 0x1000e484
 .igot.plt      0x20000c20        0x0 /usr/lib/gcc/arm-none-eabi/12.2.1/thumb/v6-m/nofp/crtbegin.o

.tdata          0x20000c20        0x0 load address 0x1000e484
                0x20000c20                        . = ALIGN (0x4)
 *(.tdata .tdata.* .gnu.linkonce.td.*)
                0x20000c20                        __tdata_end = .
                0x20000c20                        PROVIDE (__data_end__ = .)
                0x1000d934                        __etext = LOADADDR (.data)

.tbss           0x20000c20        0x0 load address 0x1000e484
                0x20000c20                        . = ALIGN (0x4)
                0x20000c20                        __bss_start__ = .
                0x20000c20                        __tls_base = .
 *(.tbss .tbss.* .gnu.linkonce.tb.*)
 *(.tcommon)
                0x20000c20                        __tls_end = .

.bss            0x20000c20    0x25f98 load address 0x1000e484
                0x20000c20                        . = ALIGN (0x4)
                0x20000c20                        __tbss_end = .
 *(SORT_BY_ALIGNMENT(SORT_BY_NAME(.bss*)))
 .bss.default_alarm_pool_entries
                0x20000c20      0x180 CMakeFiles/MPU6050_IMU.dir/home/gerard/pico/pico-sdk/src/common/pico_time/time.c.o
 .bss.sched_thread_time
                0x20000da0       0x50 CMakeFiles/MPU6050_IMU.dir/imu_demo.c.o
                0x20000da0                sched_thread_time
 .bss.sched_thread_time1
                0x20000df0       0x50 CMakeFiles/MPU6050_IMU.dir/imu_demo.c.o
                0x20000df0                sched_thread_time1
 .bss.sd_table  0x20000e40      0x100 CMakeFiles/MPU6050_IMU.dir/home/gerard/pico/pico-sdk/src/rp2_common/pico_double/double_init_rom_rp2040.c.o
                0x20000e40                sd_table
 .bss.sf_table  0x20000f40      0x100 CMakeFiles/MPU6050_IMU.dir/home/gerard/pico/pico-sdk/src/rp2_common/pico_float/float_init_rom_rp2040.c.o
                0x20000f40                sf_table
 .bss.thread_time
                0x20001040        0x8 CMakeFiles/MPU6050_IMU.dir/imu_demo.c.o
                0x20001040                thread_time
 .bss.thread_time1
                0x20001048        0x8 CMakeFiles/MPU6050_IMU.dir/imu_demo.c.o
                0x20001048                thread_time1
 .bss           0x20001050       0x1c /usr/lib/gcc/arm-none-eabi/12.2.1/thumb/v6-m/nofp/crtbegin.o
 .bss           0x2000106c       0x34 /usr/lib/gcc/arm-none-eabi/12.2.1/../../../arm-none-eabi/lib/thumb/v6-m/nofp/libg.a(lib_a-mallocr.o)
                0x2000106c                __malloc_top_pad
                0x20001070                __malloc_current_mallinfo
                0x20001098                __malloc_max_sbrked_mem
                0x2000109c                __malloc_max_total_mem
 .bss           0x200010a0        0x4 /usr/lib/gcc/arm-none-eabi/12.2.1/../../../arm-none-eabi/lib/thumb/v6-m/nofp/libg.a(lib_a-reent.o)
                0x200010a0                errno
 .bss._used_instruction_space
                0x200010a4        0x8 CMakeFiles/MPU6050_IMU.dir/home/gerard/pico/pico-sdk/src/rp2_common/hardware_pio/pio.c.o
 .bss.acceleration
                0x200010ac        0xc CMakeFiles/MPU6050_IMU.dir/imu_demo.c.o
                0x200010ac                acceleration
 .bss.chars_available_callback
                0x200010b8        0x4 CMakeFiles/MPU6050_IMU.dir/home/gerard/pico/pico-sdk/src/rp2_common/pico_stdio_uart/stdio_uart.c.o
 .bss.chars_available_param
                0x200010bc        0x4 CMakeFiles/MPU6050_IMU.dir/home/gerard/pico/pico-sdk/src/rp2_common/pico_stdio_uart/stdio_uart.c.o
 .bss.claimed   0x200010c0        0x1 CMakeFiles/MPU6050_IMU.dir/home/gerard/pico/pico-sdk/src/rp2_common/hardware_timer/timer.c.o
 *fill*         0x200010c1        0x3 
 .bss.configured_freq
                0x200010c4       0x28 CMakeFiles/MPU6050_IMU.dir/home/gerard/pico/pico-sdk/src/rp2_common/hardware_clocks/clocks.c.o
 .bss.drivers   0x200010ec        0x4 CMakeFiles/MPU6050_IMU.dir/home/gerard/pico/pico-sdk/src/rp2_common/pico_stdio/stdio.c.o
 .bss.filter    0x200010f0        0x4 CMakeFiles/MPU6050_IMU.dir/home/gerard/pico/pico-sdk/src/rp2_common/pico_stdio/stdio.c.o
 .bss.gyro      0x200010f4        0xc CMakeFiles/MPU6050_IMU.dir/imu_demo.c.o
                0x200010f4                gyro
 .bss.heap_end.0
                0x20001100        0x4 CMakeFiles/MPU6050_IMU.dir/home/gerard/pico/pico-sdk/src/rp2_common/pico_clib_interface/newlib_interface.c.o
 .bss.i.4       0x20001104        0x4 CMakeFiles/MPU6050_IMU.dir/imu_demo.c.o
 .bss.i.5       0x20001108        0x4 CMakeFiles/MPU6050_IMU.dir/imu_demo.c.o
 .bss.lazy_vsnprintf
                0x2000110c        0x4 CMakeFiles/MPU6050_IMU.dir/home/gerard/pico/pico-sdk/src/rp2_common/pico_printf/printf.c.o
 .bss.lockout_victim_initialized
                0x20001110        0x2 CMakeFiles/MPU6050_IMU.dir/home/gerard/pico/pico-sdk/src/rp2_common/pico_multicore/multicore.c.o
 *fill*         0x20001112        0x2 
 .bss.num_send_chars.11
                0x20001114        0x4 CMakeFiles/MPU6050_IMU.dir/imu_demo.c.o
 .bss.pools     0x20001118       0x10 CMakeFiles/MPU6050_IMU.dir/home/gerard/pico/pico-sdk/src/common/pico_time/time.c.o
 .bss.pt_current_char_count.1
                0x20001128        0x4 CMakeFiles/MPU6050_IMU.dir/imu_demo.c.o
 .bss.pt_executed
                0x2000112c        0x4 CMakeFiles/MPU6050_IMU.dir/imu_demo.c.o
                0x2000112c                pt_executed
 .bss.pt_executed1
                0x20001130        0x4 CMakeFiles/MPU6050_IMU.dir/imu_demo.c.o
                0x20001130                pt_executed1
 .bss.pt_sched  0x20001134        0x4 CMakeFiles/MPU6050_IMU.dir/imu_demo.c.o
 .bss.pt_sched1
                0x20001138        0x4 CMakeFiles/MPU6050_IMU.dir/imu_demo.c.o
 .bss.pt_sched_method
                0x2000113c        0x4 CMakeFiles/MPU6050_IMU.dir/imu_demo.c.o
                0x2000113c                pt_sched_method
 .bss.pt_serial_in_buffer
                0x20001140       0x64 CMakeFiles/MPU6050_IMU.dir/imu_demo.c.o
                0x20001140                pt_serial_in_buffer
 .bss.pt_serial_out_buffer
                0x200011a4       0x64 CMakeFiles/MPU6050_IMU.dir/imu_demo.c.o
                0x200011a4                pt_serial_out_buffer
 .bss.pt_serialin
                0x20001208        0x4 CMakeFiles/MPU6050_IMU.dir/imu_demo.c.o
 .bss.pt_serialout
                0x2000120c        0x4 CMakeFiles/MPU6050_IMU.dir/imu_demo.c.o
 .bss.pt_task_count
                0x20001210        0x4 CMakeFiles/MPU6050_IMU.dir/imu_demo.c.o
                0x20001210                pt_task_count
 .bss.pt_task_count1
                0x20001214        0x4 CMakeFiles/MPU6050_IMU.dir/imu_demo.c.o
                0x20001214                pt_task_count1
 .bss.pt_thread_list
                0x20001218       0x78 CMakeFiles/MPU6050_IMU.dir/imu_demo.c.o
 .bss.pt_thread_list1
                0x20001290       0x78 CMakeFiles/MPU6050_IMU.dir/imu_demo.c.o
 .bss.sched_count
                0x20001308        0x4 CMakeFiles/MPU6050_IMU.dir/imu_demo.c.o
                0x20001308                sched_count
 .bss.sched_count1
                0x2000130c        0x4 CMakeFiles/MPU6050_IMU.dir/imu_demo.c.o
                0x2000130c                sched_count1
 .bss.sched_thread_stats
                0x20001310       0x28 CMakeFiles/MPU6050_IMU.dir/imu_demo.c.o
                0x20001310                sched_thread_stats
 .bss.sched_thread_stats1
                0x20001338       0x28 CMakeFiles/MPU6050_IMU.dir/imu_demo.c.o
                0x20001338                sched_thread_stats1
 .bss.screentext
                0x20001360       0x28 CMakeFiles/MPU6050_IMU.dir/imu_demo.c.o
                0x20001360                screentext
 .bss.sf_clz_func
                0x20001388        0x4 CMakeFiles/MPU6050_IMU.dir/home/gerard/pico/pico-sdk/src/rp2_common/pico_double/double_init_rom_rp2040.c.o
                0x20001388                sf_clz_func
 .bss.sleep_notifier
                0x2000138c        0x4 CMakeFiles/MPU6050_IMU.dir/home/gerard/pico/pico-sdk/src/common/pico_time/time.c.o
 .bss.slice_num
                0x20001390        0x4 CMakeFiles/MPU6050_IMU.dir/imu_demo.c.o
                0x20001390                slice_num
 .bss.test_in.2
                0x20001394        0x4 CMakeFiles/MPU6050_IMU.dir/imu_demo.c.o
 .bss.throttle.10
                0x20001398        0x4 CMakeFiles/MPU6050_IMU.dir/imu_demo.c.o
 .bss.uart_char_to_line_feed
                0x2000139c        0x4 CMakeFiles/MPU6050_IMU.dir/home/gerard/pico/pico-sdk/src/rp2_common/hardware_uart/uart.c.o
                0x2000139c                uart_char_to_line_feed
 .bss.uart_instance
                0x200013a0        0x4 CMakeFiles/MPU6050_IMU.dir/home/gerard/pico/pico-sdk/src/rp2_common/pico_stdio_uart/stdio_uart.c.o
 .bss.vga_data_array
                0x200013a4    0x25800 CMakeFiles/MPU6050_IMU.dir/vga16_graphics.c.o
                0x200013a4                vga_data_array
 .bss.vga_semaphore
                0x20026ba4        0x4 CMakeFiles/MPU6050_IMU.dir/imu_demo.c.o
 .bss._claimed  0x20026ba8        0x2 CMakeFiles/MPU6050_IMU.dir/home/gerard/pico/pico-sdk/src/rp2_common/hardware_dma/dma.c.o
 .bss.cursor_x  0x20026baa        0x2 CMakeFiles/MPU6050_IMU.dir/vga16_graphics.c.o
                0x20026baa                cursor_x
 .bss.cursor_y  0x20026bac        0x2 CMakeFiles/MPU6050_IMU.dir/vga16_graphics.c.o
                0x20026bac                cursor_y
 .bss.textsize  0x20026bae        0x2 CMakeFiles/MPU6050_IMU.dir/vga16_graphics.c.o
                0x20026bae                textsize
 .bss.ch.0      0x20026bb0        0x1 CMakeFiles/MPU6050_IMU.dir/imu_demo.c.o
 .bss.classifier.3
                0x20026bb1        0x1 CMakeFiles/MPU6050_IMU.dir/imu_demo.c.o
 .bss.irq_handler_chain_free_slot_head
                0x20026bb2        0x1 CMakeFiles/MPU6050_IMU.dir/home/gerard/pico/pico-sdk/src/rp2_common/hardware_irq/irq.c.o
 .bss.textbgcolor
                0x20026bb3        0x1 CMakeFiles/MPU6050_IMU.dir/vga16_graphics.c.o
                0x20026bb3                textbgcolor
 .bss.textcolor
                0x20026bb4        0x1 CMakeFiles/MPU6050_IMU.dir/vga16_graphics.c.o
                0x20026bb4                textcolor
 .bss.wrap      0x20026bb5        0x1 CMakeFiles/MPU6050_IMU.dir/vga16_graphics.c.o
                0x20026bb5                wrap
 *(COMMON)
                0x20026bb8                        . = ALIGN (0x4)
 *fill*         0x20026bb6        0x2 
                0x20026bb8                        __bss_end__ = .

.heap           0x20026bb8      0x800 load address 0x1000e484
                0x20026bb8                        __end__ = .
                0x20026bb8                        end = __end__
 *(.heap*)
 .heap          0x20026bb8      0x800 CMakeFiles/MPU6050_IMU.dir/home/gerard/pico/pico-sdk/src/rp2_common/pico_crt0/crt0.S.o
                0x20040000                        __HeapLimit = (ORIGIN (RAM) + LENGTH (RAM))

.scratch_x      0x20040000        0x0 load address 0x1000e484
                0x20040000                        __scratch_x_start__ = .
 *(.scratch_x.*)
                0x20040000                        . = ALIGN (0x4)
                0x20040000                        __scratch_x_end__ = .
                0x1000e484                        __scratch_x_source__ = LOADADDR (.scratch_x)

.scratch_y      0x20041000        0x0 load address 0x1000e484
                0x20041000                        __scratch_y_start__ = .
 *(.scratch_y.*)
                0x20041000                        . = ALIGN (0x4)
                0x20041000                        __scratch_y_end__ = .
                0x1000e484                        __scratch_y_source__ = LOADADDR (.scratch_y)

.stack1_dummy   0x20040000      0x800
 *(.stack1*)
 .stack1        0x20040000      0x800 CMakeFiles/MPU6050_IMU.dir/home/gerard/pico/pico-sdk/src/rp2_common/pico_multicore/multicore.c.o

.stack_dummy    0x20041000      0x800
 *(.stack*)
 .stack         0x20041000      0x800 CMakeFiles/MPU6050_IMU.dir/home/gerard/pico/pico-sdk/src/rp2_common/pico_crt0/crt0.S.o

.flash_end      0x1000e484        0x0
 *(.embedded_end_block*)
                0x1000e484                        PROVIDE (__flash_binary_end = .)
                0x20040000                        __StackLimit = (ORIGIN (RAM) + LENGTH (RAM))
                0x20041000                        __StackOneTop = (ORIGIN (SCRATCH_X) + LENGTH (SCRATCH_X))
                0x20042000                        __StackTop = (ORIGIN (SCRATCH_Y) + LENGTH (SCRATCH_Y))
                0x20040800                        __StackOneBottom = (__StackOneTop - SIZEOF (.stack1_dummy))
                0x20041800                        __StackBottom = (__StackTop - SIZEOF (.stack_dummy))
                0x20042000                        PROVIDE (__stack = __StackTop)
                [!provide]                        PROVIDE (__heap_start = __end__)
                [!provide]                        PROVIDE (__heap_end = __HeapLimit)
                [!provide]                        PROVIDE (__tls_align = MAX (ALIGNOF (.tdata), ALIGNOF (.tbss)))
                [!provide]                        PROVIDE (__tls_size_align = (((__tls_size + __tls_align) - 0x1) & ~ ((__tls_align - 0x1))))
                [!provide]                        PROVIDE (__arm32_tls_tcb_offset = MAX (0x8, __tls_align))
                [!provide]                        PROVIDE (_end = __end__)
                [!provide]                        PROVIDE (__llvm_libc_heap_limit = __HeapLimit)
                0x00000001                        ASSERT ((__StackLimit >= __HeapLimit), region RAM overflowed)
                0x00000001                        ASSERT (((__binary_info_header_end - __logical_binary_start) <= 0x100), Binary info must be in first 256 bytes of the binary)
LOAD CMakeFiles/MPU6050_IMU.dir/imu_demo.c.o
LOAD CMakeFiles/MPU6050_IMU.dir/vga16_graphics.c.o
LOAD CMakeFiles/MPU6050_IMU.dir/mpu6050.c.o
LOAD CMakeFiles/MPU6050_IMU.dir/home/gerard/pico/pico-sdk/src/rp2_common/pico_stdlib/stdlib.c.o
LOAD CMakeFiles/MPU6050_IMU.dir/home/gerard/pico/pico-sdk/src/rp2_common/hardware_gpio/gpio.c.o
LOAD CMakeFiles/MPU6050_IMU.dir/home/gerard/pico/pico-sdk/src/rp2040/pico_platform/platform.c.o
LOAD CMakeFiles/MPU6050_IMU.dir/home/gerard/pico/pico-sdk/src/rp2_common/pico_platform_panic/panic.c.o
LOAD CMakeFiles/MPU6050_IMU.dir/home/gerard/pico/pico-sdk/src/common/hardware_claim/claim.c.o
LOAD CMakeFiles/MPU6050_IMU.dir/home/gerard/pico/pico-sdk/src/rp2_common/hardware_sync/sync.c.o
LOAD CMakeFiles/MPU6050_IMU.dir/home/gerard/pico/pico-sdk/src/rp2_common/hardware_sync_spin_lock/sync_spin_lock.c.o
LOAD CMakeFiles/MPU6050_IMU.dir/home/gerard/pico/pico-sdk/src/rp2_common/hardware_irq/irq.c.o
LOAD CMakeFiles/MPU6050_IMU.dir/home/gerard/pico/pico-sdk/src/rp2_common/hardware_irq/irq_handler_chain.S.o
LOAD CMakeFiles/MPU6050_IMU.dir/home/gerard/pico/pico-sdk/src/common/pico_sync/sem.c.o
LOAD CMakeFiles/MPU6050_IMU.dir/home/gerard/pico/pico-sdk/src/common/pico_sync/lock_core.c.o
LOAD CMakeFiles/MPU6050_IMU.dir/home/gerard/pico/pico-sdk/src/common/pico_sync/mutex.c.o
LOAD CMakeFiles/MPU6050_IMU.dir/home/gerard/pico/pico-sdk/src/common/pico_sync/critical_section.c.o
LOAD CMakeFiles/MPU6050_IMU.dir/home/gerard/pico/pico-sdk/src/common/pico_time/time.c.o
LOAD CMakeFiles/MPU6050_IMU.dir/home/gerard/pico/pico-sdk/src/common/pico_time/timeout_helper.c.o
LOAD CMakeFiles/MPU6050_IMU.dir/home/gerard/pico/pico-sdk/src/rp2_common/hardware_timer/timer.c.o
LOAD CMakeFiles/MPU6050_IMU.dir/home/gerard/pico/pico-sdk/src/common/pico_util/datetime.c.o
LOAD CMakeFiles/MPU6050_IMU.dir/home/gerard/pico/pico-sdk/src/common/pico_util/pheap.c.o
LOAD CMakeFiles/MPU6050_IMU.dir/home/gerard/pico/pico-sdk/src/common/pico_util/queue.c.o
LOAD CMakeFiles/MPU6050_IMU.dir/home/gerard/pico/pico-sdk/src/rp2_common/hardware_uart/uart.c.o
LOAD CMakeFiles/MPU6050_IMU.dir/home/gerard/pico/pico-sdk/src/rp2_common/hardware_clocks/clocks.c.o
LOAD CMakeFiles/MPU6050_IMU.dir/home/gerard/pico/pico-sdk/src/rp2_common/hardware_pll/pll.c.o
LOAD CMakeFiles/MPU6050_IMU.dir/home/gerard/pico/pico-sdk/src/rp2_common/hardware_vreg/vreg.c.o
LOAD CMakeFiles/MPU6050_IMU.dir/home/gerard/pico/pico-sdk/src/rp2_common/hardware_watchdog/watchdog.c.o
LOAD CMakeFiles/MPU6050_IMU.dir/home/gerard/pico/pico-sdk/src/rp2_common/hardware_ticks/ticks.c.o
LOAD CMakeFiles/MPU6050_IMU.dir/home/gerard/pico/pico-sdk/src/rp2_common/pico_bootrom/bootrom.c.o
LOAD CMakeFiles/MPU6050_IMU.dir/home/gerard/pico/pico-sdk/src/rp2_common/pico_bootrom/bootrom_lock.c.o
LOAD CMakeFiles/MPU6050_IMU.dir/home/gerard/pico/pico-sdk/src/rp2_common/hardware_boot_lock/boot_lock.c.o
LOAD CMakeFiles/MPU6050_IMU.dir/home/gerard/pico/pico-sdk/src/rp2_common/pico_flash/flash.c.o
LOAD CMakeFiles/MPU6050_IMU.dir/home/gerard/pico/pico-sdk/src/rp2_common/hardware_xosc/xosc.c.o
LOAD CMakeFiles/MPU6050_IMU.dir/home/gerard/pico/pico-sdk/src/rp2_common/hardware_divider/divider.S.o
LOAD CMakeFiles/MPU6050_IMU.dir/home/gerard/pico/pico-sdk/src/rp2_common/pico_runtime/runtime.c.o
LOAD CMakeFiles/MPU6050_IMU.dir/home/gerard/pico/pico-sdk/src/rp2_common/pico_runtime_init/runtime_init.c.o
LOAD CMakeFiles/MPU6050_IMU.dir/home/gerard/pico/pico-sdk/src/rp2_common/pico_runtime_init/runtime_init_clocks.c.o
LOAD CMakeFiles/MPU6050_IMU.dir/home/gerard/pico/pico-sdk/src/rp2_common/pico_runtime_init/runtime_init_stack_guard.c.o
LOAD CMakeFiles/MPU6050_IMU.dir/home/gerard/pico/pico-sdk/src/rp2_common/pico_bit_ops/bit_ops_aeabi.S.o
LOAD CMakeFiles/MPU6050_IMU.dir/home/gerard/pico/pico-sdk/src/rp2_common/pico_divider/divider_hardware.S.o
LOAD CMakeFiles/MPU6050_IMU.dir/home/gerard/pico/pico-sdk/src/rp2_common/pico_double/double_aeabi_rp2040.S.o
LOAD CMakeFiles/MPU6050_IMU.dir/home/gerard/pico/pico-sdk/src/rp2_common/pico_double/double_init_rom_rp2040.c.o
LOAD CMakeFiles/MPU6050_IMU.dir/home/gerard/pico/pico-sdk/src/rp2_common/pico_double/double_math.c.o
LOAD CMakeFiles/MPU6050_IMU.dir/home/gerard/pico/pico-sdk/src/rp2_common/pico_double/double_v1_rom_shim_rp2040.S.o