Archive member included to satisfy reference by file (symbol)

/usr/lib/gcc/arm-none-eabi/12.2.1/thumb/v6-m/nofp/libgcc.a(_thumb1_case_shi.o)
                              CMakeFiles/Serial_Bootloader.dir/home/gerard/pico/pico-sdk/src/rp2_common/pico_printf/printf.c.o (__gnu_thumb1_case_shi)
/usr/lib/gcc/arm-none-eabi/12.2.1/thumb/v6-m/nofp/libgcc.a(_dvmd_tls.o)
                              CMakeFiles/Serial_Bootloader.dir/home/gerard/pico/pico-sdk/src/rp2_common/pico_divider/divider_hardware.S.o (__aeabi_idiv0)
/usr/lib/gcc/arm-none-eabi/12.2.1/thumb/v6-m/nofp/libgcc.a(_lshrdi3.o)
                              CMakeFiles/Serial_Bootloader.dir/home/gerard/pico/pico-sdk/src/rp2_common/hardware_gpio/gpio.c.o (__aeabi_llsr)
/usr/lib/gcc/arm-none-eabi/12.2.1/thumb/v6-m/nofp/libgcc.a(_ashldi3.o)
                              CMakeFiles/Serial_Bootloader.dir/home/gerard/pico/pico-sdk/src/rp2_common/pico_double/double_math.c.o (__aeabi_llsl)
/usr/lib/gcc/arm-none-eabi/12.2.1/../../../arm-none-eabi/lib/thumb/v6-m/nofp/libg.a(lib_a-atexit.o)
                              /usr/lib/gcc/arm-none-eabi/12.2.1/../../../arm-none-eabi/lib/thumb/v6-m/nofp/crt0.o (atexit)
/usr/lib/gcc/arm-none-eabi/12.2.1/../../../arm-none-eabi/lib/thumb/v6-m/nofp/libg.a(lib_a-calloc.o)
                              CMakeFiles/Serial_Bootloader.dir/home/gerard/pico/pico-sdk/src/rp2_common/pico_malloc/malloc.c.o (calloc)
/usr/lib/gcc/arm-none-eabi/12.2.1/../../../arm-none-eabi/lib/thumb/v6-m/nofp/libg.a(lib_a-callocr.o)
                              /usr/lib/gcc/arm-none-eabi/12.2.1/../../../arm-none-eabi/lib/thumb/v6-m/nofp/libg.a(lib_a-calloc.o) (_calloc_r)
/usr/lib/gcc/arm-none-eabi/12.2.1/../../../arm-none-eabi/lib/thumb/v6-m/nofp/libg.a(lib_a-fini.o)
                              /usr/lib/gcc/arm-none-eabi/12.2.1/../../../arm-none-eabi/lib/thumb/v6-m/nofp/crt0.o (__libc_fini_array)
/usr/lib/gcc/arm-none-eabi/12.2.1/../../../arm-none-eabi/lib/thumb/v6-m/nofp/libg.a(lib_a-impure.o)
                              /usr/lib/gcc/arm-none-eabi/12.2.1/../../../arm-none-eabi/lib/thumb/v6-m/nofp/libg.a(lib_a-calloc.o) (_impure_ptr)
/usr/lib/gcc/arm-none-eabi/12.2.1/../../../arm-none-eabi/lib/thumb/v6-m/nofp/libg.a(lib_a-init.o)
                              /usr/lib/gcc/arm-none-eabi/12.2.1/../../../arm-none-eabi/lib/thumb/v6-m/nofp/crt0.o (__libc_init_array)
/usr/lib/gcc/arm-none-eabi/12.2.1/../../../arm-none-eabi/lib/thumb/v6-m/nofp/libg.a(lib_a-lcltime_r.o)
                              CMakeFiles/Serial_Bootloader.dir/home/gerard/pico/pico-sdk/src/common/pico_util/datetime.c.o (localtime_r)
/usr/lib/gcc/arm-none-eabi/12.2.1/../../../arm-none-eabi/lib/thumb/v6-m/nofp/libg.a(lib_a-malloc.o)
                              CMakeFiles/Serial_Bootloader.dir/home/gerard/pico/pico-sdk/src/rp2_common/pico_malloc/malloc.c.o (malloc)
/usr/lib/gcc/arm-none-eabi/12.2.1/../../../arm-none-eabi/lib/thumb/v6-m/nofp/libg.a(lib_a-mallocr.o)
                              /usr/lib/gcc/arm-none-eabi/12.2.1/../../../arm-none-eabi/lib/thumb/v6-m/nofp/libg.a(lib_a-callocr.o) (_malloc_r)
/usr/lib/gcc/arm-none-eabi/12.2.1/../../../arm-none-eabi/lib/thumb/v6-m/nofp/libg.a(lib_a-memcmp.o)
                              CMakeFiles/Serial_Bootloader.dir/home/gerard/pico/pico-sdk/src/rp2_common/pico_atomic/atomic.c.o (memcmp)
/usr/lib/gcc/arm-none-eabi/12.2.1/../../../arm-none-eabi/lib/thumb/v6-m/nofp/libg.a(lib_a-mktime.o)
                              CMakeFiles/Serial_Bootloader.dir/home/gerard/pico/pico-sdk/src/common/pico_util/datetime.c.o (mktime)
/usr/lib/gcc/arm-none-eabi/12.2.1/../../../arm-none-eabi/lib/thumb/v6-m/nofp/libg.a(lib_a-mlock.o)
                              /usr/lib/gcc/arm-none-eabi/12.2.1/../../../arm-none-eabi/lib/thumb/v6-m/nofp/libg.a(lib_a-mallocr.o) (__malloc_lock)
/usr/lib/gcc/arm-none-eabi/12.2.1/../../../arm-none-eabi/lib/thumb/v6-m/nofp/libg.a(lib_a-month_lengths.o)
                              /usr/lib/gcc/arm-none-eabi/12.2.1/../../../arm-none-eabi/lib/thumb/v6-m/nofp/libg.a(lib_a-lcltime_r.o) (__month_lengths)
/usr/lib/gcc/arm-none-eabi/12.2.1/../../../arm-none-eabi/lib/thumb/v6-m/nofp/libg.a(lib_a-realloc.o)
                              CMakeFiles/Serial_Bootloader.dir/home/gerard/pico/pico-sdk/src/rp2_common/pico_malloc/malloc.c.o (realloc)
/usr/lib/gcc/arm-none-eabi/12.2.1/../../../arm-none-eabi/lib/thumb/v6-m/nofp/libg.a(lib_a-reallocr.o)
                              /usr/lib/gcc/arm-none-eabi/12.2.1/../../../arm-none-eabi/lib/thumb/v6-m/nofp/libg.a(lib_a-realloc.o) (_realloc_r)
/usr/lib/gcc/arm-none-eabi/12.2.1/../../../arm-none-eabi/lib/thumb/v6-m/nofp/libg.a(lib_a-sbrkr.o)
                              /usr/lib/gcc/arm-none-eabi/12.2.1/../../../arm-none-eabi/lib/thumb/v6-m/nofp/libg.a(lib_a-mallocr.o) (_sbrk_r)
/usr/lib/gcc/arm-none-eabi/12.2.1/../../../arm-none-eabi/lib/thumb/v6-m/nofp/libg.a(lib_a-strlen-stub.o)
[...]
Memory Configuration

Name             Origin             Length             Attributes
FLASH            0x10000000         0x00008000         xr
RAM              0x20000000         0x00040000         xrw
SCRATCH_X        0x20040000         0x00001000         xrw
SCRATCH_Y        0x20041000         0x00001000         xrw
*default*        0x00000000         0xffffffff

Linker script and memory map

LOAD /usr/lib/gcc/arm-none-eabi/12.2.1/thumb/v6-m/nofp/crti.o
LOAD /usr/lib/gcc/arm-none-eabi/12.2.1/thumb/v6-m/nofp/crtbegin.o
LOAD /usr/lib/gcc/arm-none-eabi/12.2.1/../../../arm-none-eabi/lib/thumb/v6-m/nofp/crt0.o

.flash_begin    0x10000000        0x0
                0x10000000                        __flash_binary_start = .

.boot2          0x10000000      0x100
                0x10000000                        __boot2_start__ = .
 *(.boot2)
 .boot2         0x10000000      0x100 ../../../pico-sdk/src/rp2040/boot_stage2/CMakeFiles/bs2_default_library.dir/bs2_default_padded_checksummed.S.o
                0x10000100                        __boot2_end__ = .
                0x00000001                        ASSERT (((__boot2_end__ - __boot2_start__) == 0x100), ERROR: Pico second stage bootloader must be 256 bytes in size)

.text           0x10000100     0x1b48
                0x10000100                        __logical_binary_start = .
 *(.vectors)
 .vectors       0x10000100       0xd4 CMakeFiles/Serial_Bootloader.dir/home/gerard/pico/pico-sdk/src/rp2_common/pico_crt0/crt0.S.o
                0x10000100                __vectors
                0x10000100                __VECTOR_TABLE
                0x100001c0                isr_invalid
                0x100001c0                __default_isrs_start
                0x100001c2                isr_nmi
                0x100001c4                isr_hardfault
                0x100001c6                isr_svcall
                0x100001c8                isr_pendsv
                0x100001ca                isr_systick
                0x100001cc                isr_irq30
                0x100001cc                __unhandled_user_irq
                0x100001cc                isr_irq13
                0x100001cc                isr_irq27
                0x100001cc                isr_irq31
                0x100001cc                isr_irq5
                0x100001cc                isr_irq11
                0x100001cc                isr_irq23
                0x100001cc                isr_irq18
                0x100001cc                isr_irq28
                0x100001cc                isr_irq19
                0x100001cc                isr_irq0
                0x100001cc                isr_irq6
                0x100001cc                isr_irq22
                0x100001cc                isr_irq17
                0x100001cc                isr_irq14
                0x100001cc                isr_irq2
                0x100001cc                isr_irq10
                0x100001cc                isr_irq8
                0x100001cc                isr_irq24
                0x100001cc                isr_irq1
                0x100001cc                isr_irq7
                0x100001cc                isr_irq21
                0x100001cc                isr_irq20
                0x100001cc                isr_irq15
                0x100001cc                isr_irq25
                0x100001cc                isr_irq4
                0x100001cc                isr_irq16
                0x100001cc                isr_irq29
                0x100001cc                isr_irq26
                0x100001cc                __default_isrs_end
                0x100001cc                isr_irq3
                0x100001cc                isr_irq12
                0x100001cc                isr_irq9
                0x100001d2                unhandled_user_irq_num_in_r0
 *(.binary_info_header)
 .binary_info_header
                0x100001d4       0x14 CMakeFiles/Serial_Bootloader.dir/home/gerard/pico/pico-sdk/src/rp2_common/pico_crt0/crt0.S.o
                0x100001e8                        __binary_info_header_end = .
 *(.reset)
 .reset         0x100001e8       0x9c CMakeFiles/Serial_Bootloader.dir/home/gerard/pico/pico-sdk/src/rp2_common/pico_crt0/crt0.S.o
                0x100001e8                _entry_point
 *(.init)
 .init          0x10000284        0x4 /usr/lib/gcc/arm-none-eabi/12.2.1/thumb/v6-m/nofp/crti.o
                0x10000284                _init
 *(EXCLUDE_FILE(*libm.a: *libc.a:*lib_a-mem*.o *libgcc.a:) .text*)
 .text          0x10000288       0x98 /usr/lib/gcc/arm-none-eabi/12.2.1/thumb/v6-m/nofp/crtbegin.o
 .text.dma_channel_wait_for_finish_blocking
                0x10000320       0x14 CMakeFiles/Serial_Bootloader.dir/bootloader.c.o
 .text.handleBranch
                0x10000334       0x1c CMakeFiles/Serial_Bootloader.dir/bootloader.c.o
 .text.dma_channel_get_default_config
                0x10000350       0x14 CMakeFiles/Serial_Bootloader.dir/bootloader.c.o
 .text.uart_putc_raw.constprop.0
                0x10000364       0x14 CMakeFiles/Serial_Bootloader.dir/bootloader.c.o
 .text.uart_putc.constprop.0
                0x10000378       0x20 CMakeFiles/Serial_Bootloader.dir/bootloader.c.o
 .text.getLine  0x10000398       0x64 CMakeFiles/Serial_Bootloader.dir/bootloader.c.o
                0x10000398                getLine
 .text.transformLine
                0x100003fc       0x54 CMakeFiles/Serial_Bootloader.dir/bootloader.c.o
                0x100003fc                transformLine
 .text.checkLine
                0x10000450       0x2c CMakeFiles/Serial_Bootloader.dir/bootloader.c.o
                0x10000450                checkLine
 .text.parseLine
                0x1000047c       0x4c CMakeFiles/Serial_Bootloader.dir/bootloader.c.o
                0x1000047c                parseLine
 .text.acquireLine
                0x100004c8       0x38 CMakeFiles/Serial_Bootloader.dir/bootloader.c.o
                0x100004c8                acquireLine
 .text.startup.main
                0x10000500      0x434 CMakeFiles/Serial_Bootloader.dir/bootloader.c.o
                0x10000500                main
 .text.gpio_set_function
                0x10000934       0x30 CMakeFiles/Serial_Bootloader.dir/home/gerard/pico/pico-sdk/src/rp2_common/hardware_gpio/gpio.c.o
                0x10000934                gpio_set_function
 .text.gpio_set_pulls
                0x10000964       0x24 CMakeFiles/Serial_Bootloader.dir/home/gerard/pico/pico-sdk/src/rp2_common/hardware_gpio/gpio.c.o
                0x10000964                gpio_set_pulls
 .text.gpio_init
                0x10000988       0x16 CMakeFiles/Serial_Bootloader.dir/home/gerard/pico/pico-sdk/src/rp2_common/hardware_gpio/gpio.c.o
                0x10000988                gpio_init
 .text.gpio_deinit
                0x1000099e        0xa CMakeFiles/Serial_Bootloader.dir/home/gerard/pico/pico-sdk/src/rp2_common/hardware_gpio/gpio.c.o
                0x1000099e                gpio_deinit
 .text.panic    0x100009a8       0x30 CMakeFiles/Serial_Bootloader.dir/home/gerard/pico/pico-sdk/src/rp2_common/pico_platform_panic/panic.c.o
                0x100009a8                panic
 .text.hw_claim_lock
                0x100009d8       0x18 CMakeFiles/Serial_Bootloader.dir/home/gerard/pico/pico-sdk/src/common/hardware_claim/claim.c.o
                0x100009d8                hw_claim_lock
 .text.hw_claim_unlock
                0x100009f0       0x14 CMakeFiles/Serial_Bootloader.dir/home/gerard/pico/pico-sdk/src/common/hardware_claim/claim.c.o
                0x100009f0                hw_claim_unlock
 .text.hw_is_claimed
                0x10000a04       0x16 CMakeFiles/Serial_Bootloader.dir/home/gerard/pico/pico-sdk/src/common/hardware_claim/claim.c.o
                0x10000a04                hw_is_claimed
 .text.hw_claim_or_assert
                0x10000a1a       0x3a CMakeFiles/Serial_Bootloader.dir/home/gerard/pico/pico-sdk/src/common/hardware_claim/claim.c.o
                0x10000a1a                hw_claim_or_assert
 .text.hw_claim_unused_from_range
                0x10000a54       0x52 CMakeFiles/Serial_Bootloader.dir/home/gerard/pico/pico-sdk/src/common/hardware_claim/claim.c.o
                0x10000a54                hw_claim_unused_from_range
 .text.hw_claim_clear
                0x10000aa6       0x20 CMakeFiles/Serial_Bootloader.dir/home/gerard/pico/pico-sdk/src/common/hardware_claim/claim.c.o
                0x10000aa6                hw_claim_clear
 *fill*         0x10000ac6        0x2 
 .text.next_striped_spin_lock_num
                0x10000ac8       0x18 CMakeFiles/Serial_Bootloader.dir/home/gerard/pico/pico-sdk/src/rp2_common/hardware_sync/sync.c.o
                0x10000ac8                next_striped_spin_lock_num
 .text.spin_locks_reset
                0x10000ae0       0x1c CMakeFiles/Serial_Bootloader.dir/home/gerard/pico/pico-sdk/src/rp2_common/hardware_sync_spin_lock/sync_spin_lock.c.o
                0x10000ae0                spin_locks_reset
 .text.set_raw_irq_handler_and_unlock
                0x10000afc       0x28 CMakeFiles/Serial_Bootloader.dir/home/gerard/pico/pico-sdk/src/rp2_common/hardware_irq/irq.c.o
 .text.runtime_init_per_core_irq_priorities
                0x10000b24       0x24 CMakeFiles/Serial_Bootloader.dir/home/gerard/pico/pico-sdk/src/rp2_common/hardware_irq/irq.c.o
                0x10000b24                runtime_init_per_core_irq_priorities
 .text.irq_set_enabled
                0x10000b48       0x28 CMakeFiles/Serial_Bootloader.dir/home/gerard/pico/pico-sdk/src/rp2_common/hardware_irq/irq.c.o
                0x10000b48                irq_set_enabled
 .text.irq_get_vtable_handler
                0x10000b70       0x10 CMakeFiles/Serial_Bootloader.dir/home/gerard/pico/pico-sdk/src/rp2_common/hardware_irq/irq.c.o
                0x10000b70                irq_get_vtable_handler
 .text.irq_set_exclusive_handler
                0x10000b80       0x40 CMakeFiles/Serial_Bootloader.dir/home/gerard/pico/pico-sdk/src/rp2_common/hardware_irq/irq.c.o
                0x10000b80                irq_set_exclusive_handler
 .text.lock_init
                0x10000bc0       0x10 CMakeFiles/Serial_Bootloader.dir/home/gerard/pico/pico-sdk/src/common/pico_sync/lock_core.c.o
                0x10000bc0                lock_init
 .text.mutex_init
                0x10000bd0       0x1a CMakeFiles/Serial_Bootloader.dir/home/gerard/pico/pico-sdk/src/common/pico_sync/mutex.c.o
                0x10000bd0                mutex_init
 .text.recursive_mutex_init
                0x10000bea       0x1a CMakeFiles/Serial_Bootloader.dir/home/gerard/pico/pico-sdk/src/common/pico_sync/mutex.c.o
                0x10000bea                recursive_mutex_init
 .text.runtime_init_mutex
                0x10000c04       0x2c CMakeFiles/Serial_Bootloader.dir/home/gerard/pico/pico-sdk/src/common/pico_sync/mutex.c.o
                0x10000c04                runtime_init_mutex
 .text.sleep_until_callback
                0x10000c30       0x30 CMakeFiles/Serial_Bootloader.dir/home/gerard/pico/pico-sdk/src/common/pico_time/time.c.o
 .text.alarm_pool_irq_handler
                0x10000c60      0x268 CMakeFiles/Serial_Bootloader.dir/home/gerard/pico/pico-sdk/src/common/pico_time/time.c.o
 .text.alarm_pool_post_alloc_init
                0x10000ec8       0x7c CMakeFiles/Serial_Bootloader.dir/home/gerard/pico/pico-sdk/src/common/pico_time/time.c.o
 .text.runtime_init_default_alarm_pool
                0x10000f44       0x34 CMakeFiles/Serial_Bootloader.dir/home/gerard/pico/pico-sdk/src/common/pico_time/time.c.o
                0x10000f44                runtime_init_default_alarm_pool
 .text.time_reached
                0x10000f78       0x24 CMakeFiles/Serial_Bootloader.dir/home/gerard/pico/pico-sdk/src/common/pico_time/time.c.o
 .text.alarm_pool_add_alarm_at_force_in_context
                0x10000f9c       0xa8 CMakeFiles/Serial_Bootloader.dir/home/gerard/pico/pico-sdk/src/common/pico_time/time.c.o
                0x10000f9c                alarm_pool_add_alarm_at_force_in_context
 .text.alarm_pool_add_alarm_at
                0x10001044       0x38 CMakeFiles/Serial_Bootloader.dir/home/gerard/pico/pico-sdk/src/common/pico_time/time.c.o
                0x10001044                alarm_pool_add_alarm_at
 .text.alarm_pool_cancel_alarm
                0x1000107c       0x74 CMakeFiles/Serial_Bootloader.dir/home/gerard/pico/pico-sdk/src/common/pico_time/time.c.o
                0x1000107c                alarm_pool_cancel_alarm
 .text.best_effort_wfe_or_timeout
                0x100010f0       0x94 CMakeFiles/Serial_Bootloader.dir/home/gerard/pico/pico-sdk/src/common/pico_time/time.c.o
                0x100010f0                best_effort_wfe_or_timeout
 .text.timer_hardware_alarm_claim
                0x10001184       0x14 CMakeFiles/Serial_Bootloader.dir/home/gerard/pico/pico-sdk/src/rp2_common/hardware_timer/timer.c.o
                0x10001184                timer_hardware_alarm_claim
 .text.timer_time_us_64
                0x10001198       0x10 CMakeFiles/Serial_Bootloader.dir/home/gerard/pico/pico-sdk/src/rp2_common/hardware_timer/timer.c.o
                0x10001198                timer_time_us_64
 .text.timer_busy_wait_until
                0x100011a8       0x16 CMakeFiles/Serial_Bootloader.dir/home/gerard/pico/pico-sdk/src/rp2_common/hardware_timer/timer.c.o
                0x100011a8                timer_busy_wait_until
 .text.timer_busy_wait_us
                0x100011be       0x30 CMakeFiles/Serial_Bootloader.dir/home/gerard/pico/pico-sdk/src/rp2_common/hardware_timer/timer.c.o
                0x100011be                timer_busy_wait_us
 *fill*         0x100011ee        0x2 
 .text.time_us_64
                0x100011f0       0x10 CMakeFiles/Serial_Bootloader.dir/home/gerard/pico/pico-sdk/src/rp2_common/hardware_timer/timer.c.o
                0x100011f0                time_us_64
 .text.busy_wait_us
                0x10001200       0x14 CMakeFiles/Serial_Bootloader.dir/home/gerard/pico/pico-sdk/src/rp2_common/hardware_timer/timer.c.o
                0x10001200                busy_wait_us
 .text.uart_write_lcr_bits_masked
                0x10001214       0x60 CMakeFiles/Serial_Bootloader.dir/home/gerard/pico/pico-sdk/src/rp2_common/hardware_uart/uart.c.o
 .text.uart_deinit
                0x10001274       0x1c CMakeFiles/Serial_Bootloader.dir/home/gerard/pico/pico-sdk/src/rp2_common/hardware_uart/uart.c.o
                0x10001274                uart_deinit
 .text.uart_set_baudrate
                0x10001290       0x58 CMakeFiles/Serial_Bootloader.dir/home/gerard/pico/pico-sdk/src/rp2_common/hardware_uart/uart.c.o
                0x10001290                uart_set_baudrate
 .text.uart_init
                0x100012e8       0x80 CMakeFiles/Serial_Bootloader.dir/home/gerard/pico/pico-sdk/src/rp2_common/hardware_uart/uart.c.o
                0x100012e8                uart_init
 .text.uart_set_format
                0x10001368       0x28 CMakeFiles/Serial_Bootloader.dir/home/gerard/pico/pico-sdk/src/rp2_common/hardware_uart/uart.c.o
                0x10001368                uart_set_format
 .text.uart_set_fifo_enabled
                0x10001390        0xc CMakeFiles/Serial_Bootloader.dir/home/gerard/pico/pico-sdk/src/rp2_common/hardware_uart/uart.c.o
                0x10001390                uart_set_fifo_enabled
 .text.clock_configure_internal
                0x1000139c       0xbc CMakeFiles/Serial_Bootloader.dir/home/gerard/pico/pico-sdk/src/rp2_common/hardware_clocks/clocks.c.o
 .text.clock_configure_int_divider
                0x10001458       0x24 CMakeFiles/Serial_Bootloader.dir/home/gerard/pico/pico-sdk/src/rp2_common/hardware_clocks/clocks.c.o
                0x10001458                clock_configure_int_divider
 .text.clock_configure_undivided
                0x1000147c        0xe CMakeFiles/Serial_Bootloader.dir/home/gerard/pico/pico-sdk/src/rp2_common/hardware_clocks/clocks.c.o
                0x1000147c                clock_configure_undivided
 *fill*         0x1000148a        0x2 
 .text.clock_get_hz
                0x1000148c        0xc CMakeFiles/Serial_Bootloader.dir/home/gerard/pico/pico-sdk/src/rp2_common/hardware_clocks/clocks.c.o
                0x1000148c                clock_get_hz
 .text.pll_init
                0x10001498       0x9c CMakeFiles/Serial_Bootloader.dir/home/gerard/pico/pico-sdk/src/rp2_common/hardware_pll/pll.c.o
                0x10001498                pll_init
 .text.tick_start
                0x10001534       0x10 CMakeFiles/Serial_Bootloader.dir/home/gerard/pico/pico-sdk/src/rp2_common/hardware_ticks/ticks.c.o
                0x10001534                tick_start
 .text.rom_func_lookup
                0x10001544       0x10 CMakeFiles/Serial_Bootloader.dir/home/gerard/pico/pico-sdk/src/rp2_common/pico_bootrom/bootrom.c.o
                0x10001544                rom_func_lookup
 .text.rom_data_lookup
                0x10001554       0x10 CMakeFiles/Serial_Bootloader.dir/home/gerard/pico/pico-sdk/src/rp2_common/pico_bootrom/bootrom.c.o
                0x10001554                rom_data_lookup
 .text.rom_funcs_lookup
                0x10001564       0x26 CMakeFiles/Serial_Bootloader.dir/home/gerard/pico/pico-sdk/src/rp2_common/pico_bootrom/bootrom.c.o
                0x10001564                rom_funcs_lookup
 *fill*         0x1000158a        0x2 
 .text.xosc_init
                0x1000158c       0x28 CMakeFiles/Serial_Bootloader.dir/home/gerard/pico/pico-sdk/src/rp2_common/hardware_xosc/xosc.c.o
                0x1000158c                xosc_init
 .text.first_per_core_initializer
                0x100015b4        0x2 CMakeFiles/Serial_Bootloader.dir/home/gerard/pico/pico-sdk/src/rp2_common/pico_runtime/runtime.c.o
 *fill*         0x100015b6        0x2 
 .text.hard_assertion_failure
                0x100015b8        0xc CMakeFiles/Serial_Bootloader.dir/home/gerard/pico/pico-sdk/src/rp2_common/pico_runtime/runtime.c.o
                0x100015b8                hard_assertion_failure
 .text.runtime_run_initializers
                0x100015c4       0x1c CMakeFiles/Serial_Bootloader.dir/home/gerard/pico/pico-sdk/src/rp2_common/pico_runtime/runtime.c.o
                0x100015c4                runtime_run_initializers
 .text.runtime_init_early_resets
                0x100015e0       0x2c CMakeFiles/Serial_Bootloader.dir/home/gerard/pico/pico-sdk/src/rp2_common/pico_runtime_init/runtime_init.c.o
                0x100015e0                runtime_init_early_resets
 .text.runtime_init_usb_power_down
                0x1000160c       0x1c CMakeFiles/Serial_Bootloader.dir/home/gerard/pico/pico-sdk/src/rp2_common/pico_runtime_init/runtime_init.c.o
                0x1000160c                runtime_init_usb_power_down
 .text.runtime_init_post_clock_resets
                0x10001628       0x20 CMakeFiles/Serial_Bootloader.dir/home/gerard/pico/pico-sdk/src/rp2_common/pico_runtime_init/runtime_init.c.o
                0x10001628                runtime_init_post_clock_resets
 .text.runtime_init_rp2040_gpio_ie_disable
                0x10001648       0x14 CMakeFiles/Serial_Bootloader.dir/home/gerard/pico/pico-sdk/src/rp2_common/pico_runtime_init/runtime_init.c.o
                0x10001648                runtime_init_rp2040_gpio_ie_disable
 .text.runtime_init_spin_locks_reset
                0x1000165c        0x8 CMakeFiles/Serial_Bootloader.dir/home/gerard/pico/pico-sdk/src/rp2_common/pico_runtime_init/runtime_init.c.o
                0x1000165c                runtime_init_spin_locks_reset
 .text.runtime_init_install_ram_vector_table
                0x10001664       0x1c CMakeFiles/Serial_Bootloader.dir/home/gerard/pico/pico-sdk/src/rp2_common/pico_runtime_init/runtime_init.c.o
                0x10001664                runtime_init_install_ram_vector_table
 .text.runtime_init_clocks
                0x10001680       0xd4 CMakeFiles/Serial_Bootloader.dir/home/gerard/pico/pico-sdk/src/rp2_common/pico_runtime_init/runtime_init_clocks.c.o
                0x10001680                runtime_init_clocks
 .text          0x10001754       0x10 CMakeFiles/Serial_Bootloader.dir/home/gerard/pico/pico-sdk/src/rp2_common/pico_bit_ops/bit_ops_aeabi.S.o
 .text.__wrap___aeabi_uidiv
                0x10001764       0x4c CMakeFiles/Serial_Bootloader.dir/home/gerard/pico/pico-sdk/src/rp2_common/pico_divider/divider_hardware.S.o
                0x10001764                __wrap___aeabi_uidiv
                0x10001764                __wrap___aeabi_uidivmod
                0x10001764                div_u32u32
                0x10001764                divmod_u32u32
                0x1000176c                divmod_u32u32_unsafe
                0x10001794                divmod_u32u32_savestate
 .text.__aeabi_double_init
                0x100017b0       0x64 CMakeFiles/Serial_Bootloader.dir/home/gerard/pico/pico-sdk/src/rp2_common/pico_double/double_init_rom_rp2040.c.o
                0x100017b0                __aeabi_double_init
 .text.double_table_shim_on_use_helper
                0x10001814       0x2c CMakeFiles/Serial_Bootloader.dir/home/gerard/pico/pico-sdk/src/rp2_common/pico_double/double_v1_rom_shim_rp2040.S.o
                0x10001814                double_table_shim_on_use_helper
 .text.__aeabi_float_init
                0x10001840       0x5c CMakeFiles/Serial_Bootloader.dir/home/gerard/pico/pico-sdk/src/rp2_common/pico_float/float_init_rom_rp2040.c.o
                0x10001840                __aeabi_float_init
 .text.float_table_shim_on_use_helper
                0x1000189c       0x2c CMakeFiles/Serial_Bootloader.dir/home/gerard/pico/pico-sdk/src/rp2_common/pico_float/float_v1_rom_shim_rp2040.S.o
                0x1000189c                float_table_shim_on_use_helper
 .text          0x100018c8       0x10 CMakeFiles/Serial_Bootloader.dir/home/gerard/pico/pico-sdk/src/rp2_common/pico_mem_ops/mem_ops_aeabi.S.o
                0x100018c8                __aeabi_mem_init
 .text.memset   0x100018d8        0xc CMakeFiles/Serial_Bootloader.dir/home/gerard/pico/pico-sdk/src/rp2_common/pico_mem_ops/mem_ops_aeabi.S.o
                0x100018d8                __wrap_memset
 .text.memcpy   0x100018e4        0xc CMakeFiles/Serial_Bootloader.dir/home/gerard/pico/pico-sdk/src/rp2_common/pico_mem_ops/mem_ops_aeabi.S.o
                0x100018e4                __wrap___aeabi_memcpy
                0x100018e4                __wrap_memcpy
 .text._out_char
                0x100018f0        0xc CMakeFiles/Serial_Bootloader.dir/home/gerard/pico/pico-sdk/src/rp2_common/pico_printf/printf.c.o
 .text.weak_raw_vprintf
                0x100018fc       0x34 CMakeFiles/Serial_Bootloader.dir/home/gerard/pico/pico-sdk/src/rp2_common/pico_printf/printf.c.o
                0x100018fc                weak_raw_vprintf
 .text._exit    0x10001930        0x4 CMakeFiles/Serial_Bootloader.dir/home/gerard/pico/pico-sdk/src/rp2_common/pico_clib_interface/newlib_interface.c.o
                0x10001930                _exit
 .text.exit     0x10001934        0x6 CMakeFiles/Serial_Bootloader.dir/home/gerard/pico/pico-sdk/src/rp2_common/pico_clib_interface/newlib_interface.c.o
                0x10001934                exit
 *fill*         0x1000193a        0x2 
 .text.runtime_init
                0x1000193c       0x20 CMakeFiles/Serial_Bootloader.dir/home/gerard/pico/pico-sdk/src/rp2_common/pico_clib_interface/newlib_interface.c.o
                0x1000193c                runtime_init
 .text.stdio_out_chars_no_crlf
                0x1000195c        0xe CMakeFiles/Serial_Bootloader.dir/home/gerard/pico/pico-sdk/src/rp2_common/pico_stdio/stdio.c.o
 *fill*         0x1000196a        0x2 
 .text.stdio_out_chars_crlf
                0x1000196c       0x80 CMakeFiles/Serial_Bootloader.dir/home/gerard/pico/pico-sdk/src/rp2_common/pico_stdio/stdio.c.o
 .text.stdout_serialize_begin
                0x100019ec       0x30 CMakeFiles/Serial_Bootloader.dir/home/gerard/pico/pico-sdk/src/rp2_common/pico_stdio/stdio.c.o
                0x100019ec                stdout_serialize_begin
 .text.stdout_serialize_end
                0x10001a1c       0x10 CMakeFiles/Serial_Bootloader.dir/home/gerard/pico/pico-sdk/src/rp2_common/pico_stdio/stdio.c.o
                0x10001a1c                stdout_serialize_end
 .text.stdio_put_string
                0x10001a2c       0x80 CMakeFiles/Serial_Bootloader.dir/home/gerard/pico/pico-sdk/src/rp2_common/pico_stdio/stdio.c.o
                0x10001a2c                stdio_put_string
 .text.stdio_flush
                0x10001aac       0x1c CMakeFiles/Serial_Bootloader.dir/home/gerard/pico/pico-sdk/src/rp2_common/pico_stdio/stdio.c.o
                0x10001aac                stdio_flush
 .text.__wrap_putchar
                0x10001ac8       0x18 CMakeFiles/Serial_Bootloader.dir/home/gerard/pico/pico-sdk/src/rp2_common/pico_stdio/stdio.c.o
                0x10001ac8                stdio_putchar
                0x10001ac8                __wrap_putchar
 .text.__wrap_puts
                0x10001ae0       0x1e CMakeFiles/Serial_Bootloader.dir/home/gerard/pico/pico-sdk/src/rp2_common/pico_stdio/stdio.c.o
                0x10001ae0                __wrap_puts
                0x10001ae0                stdio_puts
 *fill*         0x10001afe        0x2 
 .text.dma_channel_unclaim
                0x10001b00       0x14 CMakeFiles/Serial_Bootloader.dir/home/gerard/pico/pico-sdk/src/rp2_common/hardware_dma/dma.c.o
                0x10001b00                dma_channel_unclaim
 .text.dma_claim_unused_channel
                0x10001b14       0x20 CMakeFiles/Serial_Bootloader.dir/home/gerard/pico/pico-sdk/src/rp2_common/hardware_dma/dma.c.o
                0x10001b14                dma_claim_unused_channel
 .text.dma_channel_cleanup
                0x10001b34       0x60 CMakeFiles/Serial_Bootloader.dir/home/gerard/pico/pico-sdk/src/rp2_common/hardware_dma/dma.c.o
                0x10001b34                dma_channel_cleanup
 .text          0x10001b94       0x5c /usr/lib/gcc/arm-none-eabi/12.2.1/../../../arm-none-eabi/lib/thumb/v6-m/nofp/libg.a(lib_a-strlen-stub.o)
                0x10001b94                strlen
 *(.fini)
 .fini          0x10001bf0        0x4 /usr/lib/gcc/arm-none-eabi/12.2.1/thumb/v6-m/nofp/crti.o
                0x10001bf0                _fini
 *fill*         0x10001bf4        0x4 
 .fini.__stub   0x10001bf8       0x50 linker stubs
 *crtbegin.o(.ctors)
 *crtbegin?.o(.ctors)
 *(EXCLUDE_FILE(*crtend.o *crtend?.o) .ctors)
 *(SORT_BY_NAME(.ctors.*))
 *(.ctors)
 *crtbegin.o(.dtors)
 *crtbegin?.o(.dtors)
 *(EXCLUDE_FILE(*crtend.o *crtend?.o) .dtors)
 *(SORT_BY_NAME(.dtors.*))
 *(.dtors)
 *(.eh_frame*)
 .eh_frame      0x10001c48        0x0 /usr/lib/gcc/arm-none-eabi/12.2.1/thumb/v6-m/nofp/crtbegin.o
                0x10001c48                        . = ALIGN (0x4)

.glue_7         0x10001c48        0x0
 .glue_7        0x10001c48        0x0 linker stubs

.glue_7t        0x10001c48        0x0
 .glue_7t       0x10001c48        0x0 linker stubs

.vfp11_veneer   0x10001c48        0x0
 .vfp11_veneer  0x10001c48        0x0 linker stubs

.v4_bx          0x10001c48        0x0
 .v4_bx         0x10001c48        0x0 linker stubs

.iplt           0x10001c48        0x0
 .iplt          0x10001c48        0x0 /usr/lib/gcc/arm-none-eabi/12.2.1/thumb/v6-m/nofp/crtbegin.o

.rodata         0x10001c48       0xfc
 *(EXCLUDE_FILE(*libm.a: *libc.a:*lib_a-mem*.o *libgcc.a:) .rodata*)
 .rodata.main.str1.1
                0x10001c48        0xb CMakeFiles/Serial_Bootloader.dir/bootloader.c.o
 .rodata.panic.str1.1
                0x10001c53       0x10 CMakeFiles/Serial_Bootloader.dir/home/gerard/pico/pico-sdk/src/rp2_common/pico_platform_panic/panic.c.o
                                 0x12 (size before relaxing)
 .rodata.timer_hardware_alarm_claim.str1.1
                0x10001c63       0x22 CMakeFiles/Serial_Bootloader.dir/home/gerard/pico/pico-sdk/src/rp2_common/hardware_timer/timer.c.o
 .rodata.hard_assertion_failure.str1.1
                0x10001c85        0xc CMakeFiles/Serial_Bootloader.dir/home/gerard/pico/pico-sdk/src/rp2_common/pico_runtime/runtime.c.o
 .rodata.str1.1
                0x10001c91       0x3f CMakeFiles/Serial_Bootloader.dir/home/gerard/pico/pico-sdk/src/rp2_common/pico_standard_binary_info/standard_binary_info.c.o
 .rodata.__bi_84
                0x10001cd0        0xc CMakeFiles/Serial_Bootloader.dir/home/gerard/pico/pico-sdk/src/rp2_common/pico_standard_binary_info/standard_binary_info.c.o
 .rodata.__bi_78
                0x10001cdc        0xc CMakeFiles/Serial_Bootloader.dir/home/gerard/pico/pico-sdk/src/rp2_common/pico_standard_binary_info/standard_binary_info.c.o
 .rodata.__bi_54
                0x10001ce8        0xc CMakeFiles/Serial_Bootloader.dir/home/gerard/pico/pico-sdk/src/rp2_common/pico_standard_binary_info/standard_binary_info.c.o
 .rodata.__bi_48
                0x10001cf4        0xc CMakeFiles/Serial_Bootloader.dir/home/gerard/pico/pico-sdk/src/rp2_common/pico_standard_binary_info/standard_binary_info.c.o
 .rodata.__bi_42
                0x10001d00        0xc CMakeFiles/Serial_Bootloader.dir/home/gerard/pico/pico-sdk/src/rp2_common/pico_standard_binary_info/standard_binary_info.c.o
 .rodata.__bi_34
                0x10001d0c        0xc CMakeFiles/Serial_Bootloader.dir/home/gerard/pico/pico-sdk/src/rp2_common/pico_standard_binary_info/standard_binary_info.c.o
 .rodata.__bi_26
                0x10001d18        0xc CMakeFiles/Serial_Bootloader.dir/home/gerard/pico/pico-sdk/src/rp2_common/pico_standard_binary_info/standard_binary_info.c.o
 .rodata.crlf_str.0
                0x10001d24        0x2 CMakeFiles/Serial_Bootloader.dir/home/gerard/pico/pico-sdk/src/rp2_common/pico_stdio/stdio.c.o
 .rodata.dma_claim_unused_channel.str1.1
                0x10001d26       0x1e CMakeFiles/Serial_Bootloader.dir/home/gerard/pico/pico-sdk/src/rp2_common/hardware_dma/dma.c.o
                0x10001d44                        . = ALIGN (0x4)
 *(SORT_BY_ALIGNMENT(SORT_BY_NAME(.flashdata*)))
                0x10001d44                        . = ALIGN (0x4)

.ARM.extab
 *(.ARM.extab* .gnu.linkonce.armextab.*)
                0x10001d44                        __exidx_start = .

.ARM.exidx
 *(.ARM.exidx* .gnu.linkonce.armexidx.*)
                0x10001d44                        __exidx_end = .
                0x10001d44                        . = ALIGN (0x4)
                0x10001d44                        __binary_info_start = .

.binary_info    0x10001d44       0x1c
 *(.binary_info.keep.*)
 .binary_info.keep.__bi_ptr84
                0x10001d44        0x4 CMakeFiles/Serial_Bootloader.dir/home/gerard/pico/pico-sdk/src/rp2_common/pico_standard_binary_info/standard_binary_info.c.o
 .binary_info.keep.__bi_ptr78
                0x10001d48        0x4 CMakeFiles/Serial_Bootloader.dir/home/gerard/pico/pico-sdk/src/rp2_common/pico_standard_binary_info/standard_binary_info.c.o
 .binary_info.keep.__bi_ptr54
                0x10001d4c        0x4 CMakeFiles/Serial_Bootloader.dir/home/gerard/pico/pico-sdk/src/rp2_common/pico_standard_binary_info/standard_binary_info.c.o
 .binary_info.keep.__bi_ptr48
                0x10001d50        0x4 CMakeFiles/Serial_Bootloader.dir/home/gerard/pico/pico-sdk/src/rp2_common/pico_standard_binary_info/standard_binary_info.c.o
 .binary_info.keep.__bi_ptr42
                0x10001d54        0x4 CMakeFiles/Serial_Bootloader.dir/home/gerard/pico/pico-sdk/src/rp2_common/pico_standard_binary_info/standard_binary_info.c.o
 .binary_info.keep.__bi_ptr34
                0x10001d58        0x4 CMakeFiles/Serial_Bootloader.dir/home/gerard/pico/pico-sdk/src/rp2_common/pico_standard_binary_info/standard_binary_info.c.o
 .binary_info.keep.__bi_ptr26
                0x10001d5c        0x4 CMakeFiles/Serial_Bootloader.dir/home/gerard/pico/pico-sdk/src/rp2_common/pico_standard_binary_info/standard_binary_info.c.o
 *(.binary_info.*)
                0x10001d60                        __binary_info_end = .

.rel.dyn        0x10001d60        0x0
 .rel.iplt      0x10001d60        0x0 /usr/lib/gcc/arm-none-eabi/12.2.1/thumb/v6-m/nofp/crtbegin.o
                0x10001d60                        . = ALIGN (0x4)

.ram_vector_table
                0x20000000       0xc0
 *(.ram_vector_table)
 .ram_vector_table
                0x20000000       0xc0 CMakeFiles/Serial_Bootloader.dir/home/gerard/pico/pico-sdk/src/rp2_common/pico_runtime_init/runtime_init.c.o
                0x20000000                ram_vector_table

.data           0x200000c0      0x2c8 load address 0x10001d60
                0x200000c0                        __data_start__ = .
 *(vtable)
 *(.time_critical*)
 .time_critical.mutex_try_enter
                0x200000c0       0x44 CMakeFiles/Serial_Bootloader.dir/home/gerard/pico/pico-sdk/src/common/pico_sync/mutex.c.o
                0x200000c0                mutex_try_enter
 .time_critical.mutex_enter_block_until
                0x20000104       0x54 CMakeFiles/Serial_Bootloader.dir/home/gerard/pico/pico-sdk/src/common/pico_sync/mutex.c.o
                0x20000104                mutex_enter_block_until
 .time_critical.mutex_try_enter_block_until
                0x20000158       0x2e CMakeFiles/Serial_Bootloader.dir/home/gerard/pico/pico-sdk/src/common/pico_sync/mutex.c.o
                0x20000158                mutex_try_enter_block_until
 .time_critical.mutex_exit
                0x20000186       0x28 CMakeFiles/Serial_Bootloader.dir/home/gerard/pico/pico-sdk/src/common/pico_sync/mutex.c.o
                0x20000186                mutex_exit
 *fill*         0x200001ae        0x2 
 .time_critical.flash_init_boot2_copyout
                0x200001b0       0x30 CMakeFiles/Serial_Bootloader.dir/home/gerard/pico/pico-sdk/src/rp2_common/hardware_flash/flash.c.o
 .time_critical.flash_enable_xip_via_boot2
                0x200001e0        0xc CMakeFiles/Serial_Bootloader.dir/home/gerard/pico/pico-sdk/src/rp2_common/hardware_flash/flash.c.o
 .time_critical.flash_range_erase
                0x200001ec       0x78 CMakeFiles/Serial_Bootloader.dir/home/gerard/pico/pico-sdk/src/rp2_common/hardware_flash/flash.c.o
                0x200001ec                flash_range_erase
 .time_critical.flash_range_program
                0x20000264       0x74 CMakeFiles/Serial_Bootloader.dir/home/gerard/pico/pico-sdk/src/rp2_common/hardware_flash/flash.c.o
                0x20000264                flash_range_program
 *(.text*)
 .text          0x200002d8        0x4 /usr/lib/gcc/arm-none-eabi/12.2.1/thumb/v6-m/nofp/libgcc.a(_dvmd_tls.o)
                0x200002d8                __aeabi_ldiv0
                0x200002d8                __aeabi_idiv0
 *fill*         0x200002dc        0x4 
 .text.__stub   0x200002e0       0x20 linker stubs
                0x20000300                        . = ALIGN (0x4)
 *(.rodata*)
                0x20000300                        . = ALIGN (0x4)
 *(.data*)
 .data.flash_target_contents
                0x20000300        0x4 CMakeFiles/Serial_Bootloader.dir/bootloader.c.o
                0x20000300                flash_target_contents
 .data.striped_spin_lock_num
                0x20000304        0x1 CMakeFiles/Serial_Bootloader.dir/home/gerard/pico/pico-sdk/src/rp2_common/hardware_sync/sync.c.o
 *fill*         0x20000305        0x3 
 .data.default_alarm_pool
                0x20000308       0x18 CMakeFiles/Serial_Bootloader.dir/home/gerard/pico/pico-sdk/src/common/pico_time/time.c.o
 *fill*         0x20000320        0x0 
 .data.aeabi_bits_funcs
                0x20000320       0x10 CMakeFiles/Serial_Bootloader.dir/home/gerard/pico/pico-sdk/src/rp2_common/pico_bit_ops/bit_ops_aeabi.S.o
                0x20000320                aeabi_bits_funcs
                0x20000330                aeabi_bits_funcs_end
 .data.aeabi_mem_funcs
                0x20000330       0x10 CMakeFiles/Serial_Bootloader.dir/home/gerard/pico/pico-sdk/src/rp2_common/pico_mem_ops/mem_ops_aeabi.S.o
                0x20000330                aeabi_mem_funcs
                0x20000340                aeabi_mem_funcs_end
                0x20000340                        . = ALIGN (0x4)
 *(.after_data.*)
                0x20000340                        . = ALIGN (0x4)
                0x20000340                        PROVIDE (__mutex_array_start = .)
 *(SORT_BY_NAME(.mutex_array.*))
 *(.mutex_array)
 .mutex_array   0x20000340        0x8 CMakeFiles/Serial_Bootloader.dir/home/gerard/pico/pico-sdk/src/rp2_common/pico_stdio/stdio.c.o
                0x20000348                        PROVIDE (__mutex_array_end = .)
                0x20000348                        . = ALIGN (0x4)
                0x20000348                        PROVIDE (__preinit_array_start = .)
 *(SORT_BY_NAME(.preinit_array.*))
 .preinit_array.00100
                0x20000348        0x4 CMakeFiles/Serial_Bootloader.dir/home/gerard/pico/pico-sdk/src/rp2_common/pico_runtime_init/runtime_init.c.o
                0x20000348                __pre_init_runtime_init_early_resets
 .preinit_array.00101
                0x2000034c        0x4 CMakeFiles/Serial_Bootloader.dir/home/gerard/pico/pico-sdk/src/rp2_common/pico_runtime_init/runtime_init.c.o
                0x2000034c                __pre_init_runtime_init_usb_power_down
 .preinit_array.00275
                0x20000350        0x4 CMakeFiles/Serial_Bootloader.dir/home/gerard/pico/pico-sdk/src/rp2_common/pico_bit_ops/bit_ops_aeabi.S.o
 .preinit_array.00300
                0x20000354        0x4 CMakeFiles/Serial_Bootloader.dir/home/gerard/pico/pico-sdk/src/rp2_common/pico_mem_ops/mem_ops_aeabi.S.o
 .preinit_array.00350
                0x20000358        0x4 CMakeFiles/Serial_Bootloader.dir/home/gerard/pico/pico-sdk/src/rp2_common/pico_double/double_aeabi_rp2040.S.o
 .preinit_array.00350
                0x2000035c        0x4 CMakeFiles/Serial_Bootloader.dir/home/gerard/pico/pico-sdk/src/rp2_common/pico_float/float_aeabi_rp2040.S.o
 .preinit_array.00500
                0x20000360        0x4 CMakeFiles/Serial_Bootloader.dir/home/gerard/pico/pico-sdk/src/rp2_common/pico_runtime_init/runtime_init.c.o
                0x20000360                __pre_init_runtime_init_clocks
 .preinit_array.00600
                0x20000364        0x4 CMakeFiles/Serial_Bootloader.dir/home/gerard/pico/pico-sdk/src/rp2_common/pico_runtime_init/runtime_init.c.o
                0x20000364                __pre_init_runtime_init_post_clock_resets
 .preinit_array.00700
                0x20000368        0x4 CMakeFiles/Serial_Bootloader.dir/home/gerard/pico/pico-sdk/src/rp2_common/pico_runtime_init/runtime_init.c.o
                0x20000368                __pre_init_runtime_init_rp2040_gpio_ie_disable
 .preinit_array.01000
                0x2000036c        0x4 CMakeFiles/Serial_Bootloader.dir/home/gerard/pico/pico-sdk/src/rp2_common/pico_runtime_init/runtime_init.c.o
                0x2000036c                __pre_init_runtime_init_spin_locks_reset
 .preinit_array.01100
                0x20000370        0x4 CMakeFiles/Serial_Bootloader.dir/home/gerard/pico/pico-sdk/src/common/pico_sync/mutex.c.o
                0x20000370                __pre_init_runtime_init_mutex
 .preinit_array.10080
                0x20000374        0x4 CMakeFiles/Serial_Bootloader.dir/home/gerard/pico/pico-sdk/src/rp2_common/pico_runtime_init/runtime_init.c.o
                0x20000374                __pre_init_runtime_init_install_ram_vector_table
 .preinit_array.11000
                0x20000378        0x4 CMakeFiles/Serial_Bootloader.dir/home/gerard/pico/pico-sdk/src/common/pico_time/time.c.o
                0x20000378                __pre_init_runtime_init_default_alarm_pool
 .preinit_array.YYYYY
                0x2000037c        0x4 CMakeFiles/Serial_Bootloader.dir/home/gerard/pico/pico-sdk/src/rp2_common/pico_runtime/runtime.c.o
                0x2000037c                __pre_init_first_per_core_initializer
 .preinit_array.ZZZZZ.01200
                0x20000380        0x4 CMakeFiles/Serial_Bootloader.dir/home/gerard/pico/pico-sdk/src/rp2_common/hardware_irq/irq.c.o
                0x20000380                __pre_init_runtime_init_per_core_irq_priorities
 *(.preinit_array)
                0x20000384                        PROVIDE (__preinit_array_end = .)
                0x20000384                        . = ALIGN (0x4)
                0x20000384                        PROVIDE (__init_array_start = .)
 *(SORT_BY_NAME(.init_array.*))
 *(.init_array)
 .init_array    0x20000384        0x4 /usr/lib/gcc/arm-none-eabi/12.2.1/thumb/v6-m/nofp/crtbegin.o
                0x20000388                        PROVIDE (__init_array_end = .)
                0x20000388                        . = ALIGN (0x4)
                0x20000388                        PROVIDE (__fini_array_start = .)
 *(SORT_BY_NAME(.fini_array.*))
 *(.fini_array)
                0x20000388                        PROVIDE (__fini_array_end = .)
 *(.jcr)
                0x20000388                        . = ALIGN (0x4)
                0x20000388                        __data_end__ = .
                0x10001d60                        __etext = LOADADDR (.data)

.tm_clone_table
                0x20000388        0x0 load address 0x10002028
 .tm_clone_table
                0x20000388        0x0 /usr/lib/gcc/arm-none-eabi/12.2.1/thumb/v6-m/nofp/crtbegin.o
 .tm_clone_table
                0x20000388        0x0 /usr/lib/gcc/arm-none-eabi/12.2.1/thumb/v6-m/nofp/crtend.o

.igot.plt       0x20000388        0x0 load address 0x10002028
 .igot.plt      0x20000388        0x0 /usr/lib/gcc/arm-none-eabi/12.2.1/thumb/v6-m/nofp/crtbegin.o

.uninitialized_data
                0x20000388        0x0 load address 0x10002028
                0x20000388                        . = ALIGN (0x4)
 *(.uninitialized_data*)

.scratch_x      0x20040000        0x0 load address 0x10002028
                0x20040000                        __scratch_x_start__ = .
 *(.scratch_x.*)
                0x20040000                        . = ALIGN (0x4)
                0x20040000                        __scratch_x_end__ = .
                0x10002028                        __scratch_x_source__ = LOADADDR (.scratch_x)

.scratch_y      0x20041000        0x0 load address 0x10002028
                0x20041000                        __scratch_y_start__ = .
 *(.scratch_y.*)
                0x20041000                        . = ALIGN (0x4)
                0x20041000                        __scratch_y_end__ = .
                0x10002028                        __scratch_y_source__ = LOADADDR (.scratch_y)

.bss            0x20000388      0x77c
                0x20000388                        . = ALIGN (0x4)
                0x20000388                        __bss_start__ = .
 *(SORT_BY_ALIGNMENT(SORT_BY_NAME(.bss*)))
 .bss.default_alarm_pool_entries
                0x20000388      0x180 CMakeFiles/Serial_Bootloader.dir/home/gerard/pico/pico-sdk/src/common/pico_time/time.c.o
 .bss           0x20000508       0x1c /usr/lib/gcc/arm-none-eabi/12.2.1/thumb/v6-m/nofp/crtbegin.o
 .bss.boot2_copyout
                0x20000524      0x100 CMakeFiles/Serial_Bootloader.dir/home/gerard/pico/pico-sdk/src/rp2_common/hardware_flash/flash.c.o
 .bss.char_count
                0x20000624        0x4 CMakeFiles/Serial_Bootloader.dir/bootloader.c.o
                0x20000624                char_count
 .bss.configured_freq
                0x20000628       0x28 CMakeFiles/Serial_Bootloader.dir/home/gerard/pico/pico-sdk/src/rp2_common/hardware_clocks/clocks.c.o
 .bss.dma_chan_1
                0x20000650        0x4 CMakeFiles/Serial_Bootloader.dir/bootloader.c.o
                0x20000650                dma_chan_1
 .bss.dma_chan_2
                0x20000654        0x4 CMakeFiles/Serial_Bootloader.dir/bootloader.c.o
                0x20000654                dma_chan_2
 .bss.dma_chan_3
                0x20000658        0x4 CMakeFiles/Serial_Bootloader.dir/bootloader.c.o
                0x20000658                dma_chan_3
 .bss.dma_chan_4
                0x2000065c        0x4 CMakeFiles/Serial_Bootloader.dir/bootloader.c.o
                0x2000065c                dma_chan_4
 .bss.drivers   0x20000660        0x4 CMakeFiles/Serial_Bootloader.dir/home/gerard/pico/pico-sdk/src/rp2_common/pico_stdio/stdio.c.o
 .bss.erasure_address
                0x20000664        0x4 CMakeFiles/Serial_Bootloader.dir/bootloader.c.o
                0x20000664                erasure_address
 .bss.filter    0x20000668        0x4 CMakeFiles/Serial_Bootloader.dir/home/gerard/pico/pico-sdk/src/rp2_common/pico_stdio/stdio.c.o
 .bss.lazy_vsnprintf
                0x2000066c        0x4 CMakeFiles/Serial_Bootloader.dir/home/gerard/pico/pico-sdk/src/rp2_common/pico_printf/printf.c.o
 .bss.pools     0x20000670       0x10 CMakeFiles/Serial_Bootloader.dir/home/gerard/pico/pico-sdk/src/common/pico_time/time.c.o
 .bss.programming_address
                0x20000680        0x4 CMakeFiles/Serial_Bootloader.dir/bootloader.c.o
                0x20000680                programming_address
 .bss.sd_table  0x20000684      0x100 CMakeFiles/Serial_Bootloader.dir/home/gerard/pico/pico-sdk/src/rp2_common/pico_double/double_init_rom_rp2040.c.o
                0x20000684                sd_table
 .bss.sf_clz_func
                0x20000784        0x4 CMakeFiles/Serial_Bootloader.dir/home/gerard/pico/pico-sdk/src/rp2_common/pico_double/double_init_rom_rp2040.c.o
                0x20000784                sf_clz_func
 .bss.sf_table  0x20000788      0x100 CMakeFiles/Serial_Bootloader.dir/home/gerard/pico/pico-sdk/src/rp2_common/pico_float/float_init_rom_rp2040.c.o
                0x20000788                sf_table
 .bss.sleep_notifier
                0x20000888        0x4 CMakeFiles/Serial_Bootloader.dir/home/gerard/pico/pico-sdk/src/common/pico_time/time.c.o
 .bss._claimed  0x2000088c        0x2 CMakeFiles/Serial_Bootloader.dir/home/gerard/pico/pico-sdk/src/rp2_common/hardware_dma/dma.c.o
 .bss.address   0x2000088e        0x2 CMakeFiles/Serial_Bootloader.dir/bootloader.c.o
                0x2000088e                address
 .bss.uart_char_to_line_feed
                0x20000890        0x4 CMakeFiles/Serial_Bootloader.dir/home/gerard/pico/pico-sdk/src/rp2_common/hardware_uart/uart.c.o
                0x20000890                uart_char_to_line_feed
 .bss.boot2_copyout_valid
                0x20000894        0x1 CMakeFiles/Serial_Bootloader.dir/home/gerard/pico/pico-sdk/src/rp2_common/hardware_flash/flash.c.o
 .bss.checksum  0x20000895        0x1 CMakeFiles/Serial_Bootloader.dir/bootloader.c.o
                0x20000895                checksum
 .bss.claimed   0x20000896        0x1 CMakeFiles/Serial_Bootloader.dir/home/gerard/pico/pico-sdk/src/rp2_common/hardware_timer/timer.c.o
 .bss.data_buffer
                0x20000897       0x10 CMakeFiles/Serial_Bootloader.dir/bootloader.c.o
                0x20000897                data_buffer
 .bss.dest_buffer
                0x200008a7       0x2c CMakeFiles/Serial_Bootloader.dir/bootloader.c.o
                0x200008a7                dest_buffer
 .bss.first_page
                0x200008d3        0x1 CMakeFiles/Serial_Bootloader.dir/bootloader.c.o
                0x200008d3                first_page
 .bss.first_page_buffer
                0x200008d4      0x100 CMakeFiles/Serial_Bootloader.dir/bootloader.c.o
                0x200008d4                first_page_buffer
 .bss.flashbuffer
                0x200009d4      0x100 CMakeFiles/Serial_Bootloader.dir/bootloader.c.o
                0x200009d4                flashbuffer
 .bss.flashdex  0x20000ad4        0x1 CMakeFiles/Serial_Bootloader.dir/bootloader.c.o
                0x20000ad4                flashdex
 .bss.hextype   0x20000ad5        0x1 CMakeFiles/Serial_Bootloader.dir/bootloader.c.o
                0x20000ad5                hextype
 .bss.line_buffer
                0x20000ad6       0x2c CMakeFiles/Serial_Bootloader.dir/bootloader.c.o
                0x20000ad6                line_buffer
 .bss.num_bytes
                0x20000b02        0x1 CMakeFiles/Serial_Bootloader.dir/bootloader.c.o
                0x20000b02                num_bytes
 .bss.zeroval   0x20000b03        0x1 CMakeFiles/Serial_Bootloader.dir/bootloader.c.o
                0x20000b03                zeroval
 *(COMMON)
                0x20000b04                        . = ALIGN (0x4)
                0x20000b04                        __bss_end__ = .

.heap           0x20000b04      0x800
                0x20000b04                        __end__ = .
                0x20000b04                        end = __end__
 *(.heap*)
 .heap          0x20000b04      0x800 CMakeFiles/Serial_Bootloader.dir/home/gerard/pico/pico-sdk/src/rp2_common/pico_crt0/crt0.S.o
                0x20001304                        __HeapLimit = .

.stack1_dummy
 *(.stack1*)

.stack_dummy    0x20041000      0x800
 *(.stack*)
 .stack         0x20041000      0x800 CMakeFiles/Serial_Bootloader.dir/home/gerard/pico/pico-sdk/src/rp2_common/pico_crt0/crt0.S.o

.flash_end      0x10002028        0x0
                0x10002028                        PROVIDE (__flash_binary_end = .)
                0x20040000                        __StackLimit = (ORIGIN (RAM) + LENGTH (RAM))
                0x20041000                        __StackOneTop = (ORIGIN (SCRATCH_X) + LENGTH (SCRATCH_X))
                0x20042000                        __StackTop = (ORIGIN (SCRATCH_Y) + LENGTH (SCRATCH_Y))
                0x20041000                        __StackOneBottom = (__StackOneTop - SIZEOF (.stack1_dummy))
                0x20041800                        __StackBottom = (__StackTop - SIZEOF (.stack_dummy))
                0x20042000                        PROVIDE (__stack = __StackTop)
                0x00000001                        ASSERT ((__StackLimit >= __HeapLimit), region RAM overflowed)
                0x00000001                        ASSERT (((__binary_info_header_end - __logical_binary_start) <= 0x100), Binary info must be in first 256 bytes of the binary)
LOAD CMakeFiles/Serial_Bootloader.dir/bootloader.c.o
LOAD CMakeFiles/Serial_Bootloader.dir/home/gerard/pico/pico-sdk/src/rp2_common/pico_stdlib/stdlib.c.o
LOAD CMakeFiles/Serial_Bootloader.dir/home/gerard/pico/pico-sdk/src/rp2_common/hardware_gpio/gpio.c.o
LOAD CMakeFiles/Serial_Bootloader.dir/home/gerard/pico/pico-sdk/src/rp2040/pico_platform/platform.c.o
LOAD CMakeFiles/Serial_Bootloader.dir/home/gerard/pico/pico-sdk/src/rp2_common/pico_platform_panic/panic.c.o
LOAD CMakeFiles/Serial_Bootloader.dir/home/gerard/pico/pico-sdk/src/common/hardware_claim/claim.c.o
LOAD CMakeFiles/Serial_Bootloader.dir/home/gerard/pico/pico-sdk/src/rp2_common/hardware_sync/sync.c.o
LOAD CMakeFiles/Serial_Bootloader.dir/home/gerard/pico/pico-sdk/src/rp2_common/hardware_sync_spin_lock/sync_spin_lock.c.o
LOAD CMakeFiles/Serial_Bootloader.dir/home/gerard/pico/pico-sdk/src/rp2_common/hardware_irq/irq.c.o
LOAD CMakeFiles/Serial_Bootloader.dir/home/gerard/pico/pico-sdk/src/rp2_common/hardware_irq/irq_handler_chain.S.o
LOAD CMakeFiles/Serial_Bootloader.dir/home/gerard/pico/pico-sdk/src/common/pico_sync/sem.c.o
LOAD CMakeFiles/Serial_Bootloader.dir/home/gerard/pico/pico-sdk/src/common/pico_sync/lock_core.c.o
LOAD CMakeFiles/Serial_Bootloader.dir/home/gerard/pico/pico-sdk/src/common/pico_sync/mutex.c.o
LOAD CMakeFiles/Serial_Bootloader.dir/home/gerard/pico/pico-sdk/src/common/pico_sync/critical_section.c.o
LOAD CMakeFiles/Serial_Bootloader.dir/home/gerard/pico/pico-sdk/src/common/pico_time/time.c.o
LOAD CMakeFiles/Serial_Bootloader.dir/home/gerard/pico/pico-sdk/src/common/pico_time/timeout_helper.c.o
LOAD CMakeFiles/Serial_Bootloader.dir/home/gerard/pico/pico-sdk/src/rp2_common/hardware_timer/timer.c.o
LOAD CMakeFiles/Serial_Bootloader.dir/home/gerard/pico/pico-sdk/src/common/pico_util/datetime.c.o
LOAD CMakeFiles/Serial_Bootloader.dir/home/gerard/pico/pico-sdk/src/common/pico_util/pheap.c.o
LOAD CMakeFiles/Serial_Bootloader.dir/home/gerard/pico/pico-sdk/src/common/pico_util/queue.c.o
LOAD CMakeFiles/Serial_Bootloader.dir/home/gerard/pico/pico-sdk/src/rp2_common/hardware_uart/uart.c.o
LOAD CMakeFiles/Serial_Bootloader.dir/home/gerard/pico/pico-sdk/src/rp2_common/hardware_clocks/clocks.c.o
LOAD CMakeFiles/Serial_Bootloader.dir/home/gerard/pico/pico-sdk/src/rp2_common/hardware_pll/pll.c.o
LOAD CMakeFiles/Serial_Bootloader.dir/home/gerard/pico/pico-sdk/src/rp2_common/hardware_vreg/vreg.c.o
LOAD CMakeFiles/Serial_Bootloader.dir/home/gerard/pico/pico-sdk/src/rp2_common/hardware_watchdog/watchdog.c.o
LOAD CMakeFiles/Serial_Bootloader.dir/home/gerard/pico/pico-sdk/src/rp2_common/hardware_ticks/ticks.c.o
LOAD CMakeFiles/Serial_Bootloader.dir/home/gerard/pico/pico-sdk/src/rp2_common/pico_bootrom/bootrom.c.o
LOAD CMakeFiles/Serial_Bootloader.dir/home/gerard/pico/pico-sdk/src/rp2_common/pico_bootrom/bootrom_lock.c.o
LOAD CMakeFiles/Serial_Bootloader.dir/home/gerard/pico/pico-sdk/src/rp2_common/hardware_boot_lock/boot_lock.c.o
LOAD CMakeFiles/Serial_Bootloader.dir/home/gerard/pico/pico-sdk/src/rp2_common/pico_flash/flash.c.o
LOAD CMakeFiles/Serial_Bootloader.dir/home/gerard/pico/pico-sdk/src/rp2_common/hardware_xosc/xosc.c.o
LOAD CMakeFiles/Serial_Bootloader.dir/home/gerard/pico/pico-sdk/src/rp2_common/hardware_divider/divider.S.o
LOAD CMakeFiles/Serial_Bootloader.dir/home/gerard/pico/pico-sdk/src/rp2_common/pico_runtime/runtime.c.o
LOAD CMakeFiles/Serial_Bootloader.dir/home/gerard/pico/pico-sdk/src/rp2_common/pico_runtime_init/runtime_init.c.o
LOAD CMakeFiles/Serial_Bootloader.dir/home/gerard/pico/pico-sdk/src/rp2_common/pico_runtime_init/runtime_init_clocks.c.o
LOAD CMakeFiles/Serial_Bootloader.dir/home/gerard/pico/pico-sdk/src/rp2_common/pico_runtime_init/runtime_init_stack_guard.c.o
LOAD CMakeFiles/Serial_Bootloader.dir/home/gerard/pico/pico-sdk/src/rp2_common/pico_bit_ops/bit_ops_aeabi.S.o
LOAD CMakeFiles/Serial_Bootloader.dir/home/gerard/pico/pico-sdk/src/rp2_common/pico_divider/divider_hardware.S.o
LOAD CMakeFiles/Serial_Bootloader.dir/home/gerard/pico/pico-sdk/src/rp2_common/pico_double/double_aeabi_rp2040.S.o
LOAD CMakeFiles/Serial_Bootloader.dir/home/gerard/pico/pico-sdk/src/rp2_common/pico_double/double_init_rom_rp2040.c.o
LOAD CMakeFiles/Serial_Bootloader.dir/home/gerard/pico/pico-sdk/src/rp2_common/pico_double/double_math.c.o
LOAD CMakeFiles/Serial_Bootloader.dir/home/gerard/pico/pico-sdk/src/rp2_common/pico_double/double_v1_rom_shim_rp2040.S.o
LOAD CMakeFiles/Serial_Bootloader.dir/home/gerard/pico/pico-sdk/src/rp2_common/pico_int64_ops/pico_int64_ops_aeabi.S.o
LOAD CMakeFiles/Serial_Bootloader.dir/home/gerard/pico/pico-sdk/src/rp2_common/pico_float/float_aeabi_rp2040.S.o
LOAD CMakeFiles/Serial_Bootloader.dir/home/gerard/pico/pico-sdk/src/rp2_common/pico_float/float_init_rom_rp2040.c.o
LOAD CMakeFiles/Serial_Bootloader.dir/home/gerard/pico/pico-sdk/src/rp2_common/pico_float/float_math.c.o
LOAD CMakeFiles/Serial_Bootloader.dir/home/gerard/pico/pico-sdk/src/rp2_common/pico_float/float_v1_rom_shim_rp2040.S.o
LOAD CMakeFiles/Serial_Bootloader.dir/home/gerard/pico/pico-sdk/src/rp2_common/pico_malloc/malloc.c.o
LOAD CMakeFiles/Serial_Bootloader.dir/home/gerard/pico/pico-sdk/src/rp2_common/pico_mem_ops/mem_ops_aeabi.S.o
LOAD CMakeFiles/Serial_Bootloader.dir/home/gerard/pico/pico-sdk/src/rp2_common/pico_atomic/atomic.c.o
LOAD CMakeFiles/Serial_Bootloader.dir/home/gerard/pico/pico-sdk/src/rp2_common/pico_cxx_options/new_delete.cpp.o
LOAD CMakeFiles/Serial_Bootloader.dir/home/gerard/pico/pico-sdk/src/rp2_common/pico_standard_binary_info/standard_binary_info.c.o
LOAD CMakeFiles/Serial_Bootloader.dir/home/gerard/pico/pico-sdk/src/rp2_common/pico_printf/printf.c.o
LOAD CMakeFiles/Serial_Bootloader.dir/home/gerard/pico/pico-sdk/src/rp2_common/pico_crt0/crt0.S.o
LOAD CMakeFiles/Serial_Bootloader.dir/home/gerard/pico/pico-sdk/src/rp2_common/pico_clib_interface/newlib_interface.c.o
LOAD CMakeFiles/Serial_Bootloader.dir/home/gerard/pico/pico-sdk/src/rp2_common/pico_stdio/stdio.c.o
LOAD CMakeFiles/Serial_Bootloader.dir/home/gerard/pico/pico-sdk/src/rp2_common/pico_stdio_uart/stdio_uart.c.o
LOAD CMakeFiles/Serial_Bootloader.dir/home/gerard/pico/pico-sdk/src/rp2_common/hardware_dma/dma.c.o
LOAD CMakeFiles/Serial_Bootloader.dir/home/gerard/pico/pico-sdk/src/rp2_common/hardware_flash/flash.c.o
LOAD CMakeFiles/Serial_Bootloader.dir/home/gerard/pico/pico-sdk/src/rp2_common/hardware_xip_cache/xip_cache.c.o
LOAD ../../../pico-sdk/src/rp2040/boot_stage2/CMakeFiles/bs2_default_library.dir/bs2_default_padded_checksummed.S.o
LOAD /usr/lib/gcc/arm-none-eabi/12.2.1/../../../arm-none-eabi/lib/thumb/v6-m/nofp/libstdc++.a
LOAD /usr/lib/gcc/arm-none-eabi/12.2.1/../../../arm-none-eabi/lib/thumb/v6-m/nofp/libm.a
START GROUP
LOAD /usr/lib/gcc/arm-none-eabi/12.2.1/thumb/v6-m/nofp/libgcc.a
LOAD /usr/lib/gcc/arm-none-eabi/12.2.1/../../../arm-none-eabi/lib/thumb/v6-m/nofp/libg.a
LOAD /usr/lib/gcc/arm-none-eabi/12.2.1/../../../arm-none-eabi/lib/thumb/v6-m/nofp/libc.a
END GROUP
START GROUP
LOAD /usr/lib/gcc/arm-none-eabi/12.2.1/thumb/v6-m/nofp/libgcc.a
LOAD /usr/lib/gcc/arm-none-eabi/12.2.1/../../../arm-none-eabi/lib/thumb/v6-m/nofp/libc.a
LOAD /usr/lib/gcc/arm-none-eabi/12.2.1/../../../arm-none-eabi/lib/thumb/v6-m/nofp/libnosys.a
END GROUP
LOAD /usr/lib/gcc/arm-none-eabi/12.2.1/thumb/v6-m/nofp/crtend.o
LOAD /usr/lib/gcc/arm-none-eabi/12.2.1/thumb/v6-m/nofp/crtn.o
OUTPUT(Serial_Bootloader.elf elf32-littlearm)
LOAD linker stubs

.ARM.attributes
                0x00000000       0x28
 .ARM.attributes
                0x00000000       0x1e /usr/lib/gcc/arm-none-eabi/12.2.1/thumb/v6-m/nofp/crti.o
 .ARM.attributes
                0x0000001e       0x2c /usr/lib/gcc/arm-none-eabi/12.2.1/thumb/v6-m/nofp/crtbegin.o
 .ARM.attributes
                0x0000004a       0x2c CMakeFiles/Serial_Bootloader.dir/bootloader.c.o
 .ARM.attributes
                0x00000076       0x2c CMakeFiles/Serial_Bootloader.dir/home/gerard/pico/pico-sdk/src/rp2_common/hardware_gpio/gpio.c.o
 .ARM.attributes
                0x000000a2       0x2c CMakeFiles/Serial_Bootloader.dir/home/gerard/pico/pico-sdk/src/rp2_common/pico_platform_panic/panic.c.o
 .ARM.attributes
                0x000000ce       0x2c CMakeFiles/Serial_Bootloader.dir/home/gerard/pico/pico-sdk/src/common/hardware_claim/claim.c.o
 .ARM.attributes
                0x000000fa       0x2c CMakeFiles/Serial_Bootloader.dir/home/gerard/pico/pico-sdk/src/rp2_common/hardware_sync/sync.c.o
 .ARM.attributes
                0x00000126       0x2c CMakeFiles/Serial_Bootloader.dir/home/gerard/pico/pico-sdk/src/rp2_common/hardware_sync_spin_lock/sync_spin_lock.c.o
 .ARM.attributes
                0x00000152       0x2c CMakeFiles/Serial_Bootloader.dir/home/gerard/pico/pico-sdk/src/rp2_common/hardware_irq/irq.c.o
 .ARM.attributes
                0x0000017e       0x2c CMakeFiles/Serial_Bootloader.dir/home/gerard/pico/pico-sdk/src/common/pico_sync/lock_core.c.o
 .ARM.attributes
                0x000001aa       0x2c CMakeFiles/Serial_Bootloader.dir/home/gerard/pico/pico-sdk/src/common/pico_sync/mutex.c.o
 .ARM.attributes
                0x000001d6       0x2c CMakeFiles/Serial_Bootloader.dir/home/gerard/pico/pico-sdk/src/common/pico_time/time.c.o
 .ARM.attributes
                0x00000202       0x2c CMakeFiles/Serial_Bootloader.dir/home/gerard/pico/pico-sdk/src/rp2_common/hardware_timer/timer.c.o
 .ARM.attributes
                0x0000022e       0x2c CMakeFiles/Serial_Bootloader.dir/home/gerard/pico/pico-sdk/src/rp2_common/hardware_uart/uart.c.o
 .ARM.attributes
                0x0000025a       0x2c CMakeFiles/Serial_Bootloader.dir/home/gerard/pico/pico-sdk/src/rp2_common/hardware_clocks/clocks.c.o
 .ARM.attributes
                0x00000286       0x2c CMakeFiles/Serial_Bootloader.dir/home/gerard/pico/pico-sdk/src/rp2_common/hardware_pll/pll.c.o
 .ARM.attributes
                0x000002b2       0x2c CMakeFiles/Serial_Bootloader.dir/home/gerard/pico/pico-sdk/src/rp2_common/hardware_ticks/ticks.c.o
 .ARM.attributes
                0x000002de       0x2c CMakeFiles/Serial_Bootloader.dir/home/gerard/pico/pico-sdk/src/rp2_common/pico_bootrom/bootrom.c.o
 .ARM.attributes
                0x0000030a       0x2c CMakeFiles/Serial_Bootloader.dir/home/gerard/pico/pico-sdk/src/rp2_common/hardware_xosc/xosc.c.o
 .ARM.attributes
                0x00000336       0x2c CMakeFiles/Serial_Bootloader.dir/home/gerard/pico/pico-sdk/src/rp2_common/pico_runtime/runtime.c.o
 .ARM.attributes
                0x00000362       0x2c CMakeFiles/Serial_Bootloader.dir/home/gerard/pico/pico-sdk/src/rp2_common/pico_runtime_init/runtime_init.c.o
 .ARM.attributes
                0x0000038e       0x2c CMakeFiles/Serial_Bootloader.dir/home/gerard/pico/pico-sdk/src/rp2_common/pico_runtime_init/runtime_init_clocks.c.o
 .ARM.attributes
                0x000003ba       0x22 CMakeFiles/Serial_Bootloader.dir/home/gerard/pico/pico-sdk/src/rp2_common/pico_bit_ops/bit_ops_aeabi.S.o
 .ARM.attributes
                0x000003dc       0x22 CMakeFiles/Serial_Bootloader.dir/home/gerard/pico/pico-sdk/src/rp2_common/pico_divider/divider_hardware.S.o
 .ARM.attributes
                0x000003fe       0x22 CMakeFiles/Serial_Bootloader.dir/home/gerard/pico/pico-sdk/src/rp2_common/pico_double/double_aeabi_rp2040.S.o
 .ARM.attributes
                0x00000420       0x2c CMakeFiles/Serial_Bootloader.dir/home/gerard/pico/pico-sdk/src/rp2_common/pico_double/double_init_rom_rp2040.c.o
 .ARM.attributes
                0x0000044c       0x22 CMakeFiles/Serial_Bootloader.dir/home/gerard/pico/pico-sdk/src/rp2_common/pico_double/double_v1_rom_shim_rp2040.S.o
 .ARM.attributes
                0x0000046e       0x22 CMakeFiles/Serial_Bootloader.dir/home/gerard/pico/pico-sdk/src/rp2_common/pico_float/float_aeabi_rp2040.S.o
 .ARM.attributes
                0x00000490       0x2c CMakeFiles/Serial_Bootloader.dir/home/gerard/pico/pico-sdk/src/rp2_common/pico_float/float_init_rom_rp2040.c.o
 .ARM.attributes
                0x000004bc       0x22 CMakeFiles/Serial_Bootloader.dir/home/gerard/pico/pico-sdk/src/rp2_common/pico_float/float_v1_rom_shim_rp2040.S.o
 .ARM.attributes
                0x000004de       0x22 CMakeFiles/Serial_Bootloader.dir/home/gerard/pico/pico-sdk/src/rp2_common/pico_mem_ops/mem_ops_aeabi.S.o
 .ARM.attributes
                0x00000500       0x2c CMakeFiles/Serial_Bootloader.dir/home/gerard/pico/pico-sdk/src/rp2_common/pico_standard_binary_info/standard_binary_info.c.o
 .ARM.attributes
                0x0000052c       0x2c CMakeFiles/Serial_Bootloader.dir/home/gerard/pico/pico-sdk/src/rp2_common/pico_printf/printf.c.o
 .ARM.attributes
                0x00000558       0x22 CMakeFiles/Serial_Bootloader.dir/home/gerard/pico/pico-sdk/src/rp2_common/pico_crt0/crt0.S.o
 .ARM.attributes
                0x0000057a       0x2c CMakeFiles/Serial_Bootloader.dir/home/gerard/pico/pico-sdk/src/rp2_common/pico_clib_interface/newlib_interface.c.o
 .ARM.attributes
                0x000005a6       0x2c CMakeFiles/Serial_Bootloader.dir/home/gerard/pico/pico-sdk/src/rp2_common/pico_stdio/stdio.c.o
 .ARM.attributes
                0x000005d2       0x2c CMakeFiles/Serial_Bootloader.dir/home/gerard/pico/pico-sdk/src/rp2_common/hardware_dma/dma.c.o
 .ARM.attributes
                0x000005fe       0x2c CMakeFiles/Serial_Bootloader.dir/home/gerard/pico/pico-sdk/src/rp2_common/hardware_flash/flash.c.o
 .ARM.attributes
                0x0000062a       0x22 ../../../pico-sdk/src/rp2040/boot_stage2/CMakeFiles/bs2_default_library.dir/bs2_default_padded_checksummed.S.o
 .ARM.attributes
                0x0000064c       0x1e /usr/lib/gcc/arm-none-eabi/12.2.1/thumb/v6-m/nofp/libgcc.a(_dvmd_tls.o)
 .ARM.attributes
                0x0000066a       0x2c /usr/lib/gcc/arm-none-eabi/12.2.1/../../../arm-none-eabi/lib/thumb/v6-m/nofp/libg.a(lib_a-strlen-stub.o)
 .ARM.attributes
                0x00000696       0x2c /usr/lib/gcc/arm-none-eabi/12.2.1/thumb/v6-m/nofp/crtend.o

.comment        0x00000000       0x26
 .comment       0x00000000       0x26 /usr/lib/gcc/arm-none-eabi/12.2.1/thumb/v6-m/nofp/crtbegin.o
                                 0x27 (size before relaxing)
 .comment       0x00000026       0x27 CMakeFiles/Serial_Bootloader.dir/bootloader.c.o
 .comment       0x00000026       0x27 CMakeFiles/Serial_Bootloader.dir/home/gerard/pico/pico-sdk/src/rp2_common/hardware_gpio/gpio.c.o
 .comment       0x00000026       0x27 CMakeFiles/Serial_Bootloader.dir/home/gerard/pico/pico-sdk/src/rp2_common/pico_platform_panic/panic.c.o
 .comment       0x00000026       0x27 CMakeFiles/Serial_Bootloader.dir/home/gerard/pico/pico-sdk/src/common/hardware_claim/claim.c.o
 .comment       0x00000026       0x27 CMakeFiles/Serial_Bootloader.dir/home/gerard/pico/pico-sdk/src/rp2_common/hardware_sync/sync.c.o
 .comment       0x00000026       0x27 CMakeFiles/Serial_Bootloader.dir/home/gerard/pico/pico-sdk/src/rp2_common/hardware_sync_spin_lock/sync_spin_lock.c.o
 .comment       0x00000026       0x27 CMakeFiles/Serial_Bootloader.dir/home/gerard/pico/pico-sdk/src/rp2_common/hardware_irq/irq.c.o
 .comment       0x00000026       0x27 CMakeFiles/Serial_Bootloader.dir/home/gerard/pico/pico-sdk/src/common/pico_sync/lock_core.c.o
 .comment       0x00000026       0x27 CMakeFiles/Serial_Bootloader.dir/home/gerard/pico/pico-sdk/src/common/pico_sync/mutex.c.o
 .comment       0x00000026       0x27 CMakeFiles/Serial_Bootloader.dir/home/gerard/pico/pico-sdk/src/common/pico_time/time.c.o
 .comment       0x00000026       0x27 CMakeFiles/Serial_Bootloader.dir/home/gerard/pico/pico-sdk/src/rp2_common/hardware_timer/timer.c.o
 .comment       0x00000026       0x27 CMakeFiles/Serial_Bootloader.dir/home/gerard/pico/pico-sdk/src/rp2_common/hardware_uart/uart.c.o
 .comment       0x00000026       0x27 CMakeFiles/Serial_Bootloader.dir/home/gerard/pico/pico-sdk/src/rp2_common/hardware_clocks/clocks.c.o
 .comment       0x00000026       0x27 CMakeFiles/Serial_Bootloader.dir/home/gerard/pico/pico-sdk/src/rp2_common/hardware_pll/pll.c.o
 .comment       0x00000026       0x27 CMakeFiles/Serial_Bootloader.dir/home/gerard/pico/pico-sdk/src/rp2_common/hardware_ticks/ticks.c.o
 .comment       0x00000026       0x27 CMakeFiles/Serial_Bootloader.dir/home/gerard/pico/pico-sdk/src/rp2_common/pico_bootrom/bootrom.c.o
 .comment       0x00000026       0x27 CMakeFiles/Serial_Bootloader.dir/home/gerard/pico/pico-sdk/src/rp2_common/hardware_xosc/xosc.c.o
 .comment       0x00000026       0x27 CMakeFiles/Serial_Bootloader.dir/home/gerard/pico/pico-sdk/src/rp2_common/pico_runtime/runtime.c.o
 .comment       0x00000026       0x27 CMakeFiles/Serial_Bootloader.dir/home/gerard/pico/pico-sdk/src/rp2_common/pico_runtime_init/runtime_init.c.o
 .comment       0x00000026       0x27 CMakeFiles/Serial_Bootloader.dir/home/gerard/pico/pico-sdk/src/rp2_common/pico_runtime_init/runtime_init_clocks.c.o
 .comment       0x00000026       0x27 CMakeFiles/Serial_Bootloader.dir/home/gerard/pico/pico-sdk/src/rp2_common/pico_double/double_init_rom_rp2040.c.o
 .comment       0x00000026       0x27 CMakeFiles/Serial_Bootloader.dir/home/gerard/pico/pico-sdk/src/rp2_common/pico_float/float_init_rom_rp2040.c.o
 .comment       0x00000026       0x27 CMakeFiles/Serial_Bootloader.dir/home/gerard/pico/pico-sdk/src/rp2_common/pico_standard_binary_info/standard_binary_info.c.o
 .comment       0x00000026       0x27 CMakeFiles/Serial_Bootloader.dir/home/gerard/pico/pico-sdk/src/rp2_common/pico_printf/printf.c.o
 .comment       0x00000026       0x27 CMakeFiles/Serial_Bootloader.dir/home/gerard/pico/pico-sdk/src/rp2_common/pico_clib_interface/newlib_interface.c.o
 .comment       0x00000026       0x27 CMakeFiles/Serial_Bootloader.dir/home/gerard/pico/pico-sdk/src/rp2_common/pico_stdio/stdio.c.o
 .comment       0x00000026       0x27 CMakeFiles/Serial_Bootloader.dir/home/gerard/pico/pico-sdk/src/rp2_common/hardware_dma/dma.c.o
 .comment       0x00000026       0x27 CMakeFiles/Serial_Bootloader.dir/home/gerard/pico/pico-sdk/src/rp2_common/hardware_flash/flash.c.o
 .comment       0x00000026       0x27 /usr/lib/gcc/arm-none-eabi/12.2.1/../../../arm-none-eabi/lib/thumb/v6-m/nofp/libg.a(lib_a-strlen-stub.o)
 .comment       0x00000026       0x27 /usr/lib/gcc/arm-none-eabi/12.2.1/thumb/v6-m/nofp/crtend.o

.debug_info     0x00000000    0x1825c
 .debug_info    0x00000000     0x30be CMakeFiles/Serial_Bootloader.dir/bootloader.c.o
 .debug_info    0x000030be     0x1b49 CMakeFiles/Serial_Bootloader.dir/home/gerard/pico/pico-sdk/src/rp2_common/hardware_gpio/gpio.c.o
 .debug_info    0x00004c07      0x1bf CMakeFiles/Serial_Bootloader.dir/home/gerard/pico/pico-sdk/src/rp2_common/pico_platform_panic/panic.c.o
 .debug_info    0x00004dc6      0x5b3 CMakeFiles/Serial_Bootloader.dir/home/gerard/pico/pico-sdk/src/common/hardware_claim/claim.c.o
 .debug_info    0x00005379      0x3e7 CMakeFiles/Serial_Bootloader.dir/home/gerard/pico/pico-sdk/src/rp2_common/hardware_sync/sync.c.o
 .debug_info    0x00005760      0x239 CMakeFiles/Serial_Bootloader.dir/home/gerard/pico/pico-sdk/src/rp2_common/hardware_sync_spin_lock/sync_spin_lock.c.o
 .debug_info    0x00005999     0x1e14 CMakeFiles/Serial_Bootloader.dir/home/gerard/pico/pico-sdk/src/rp2_common/hardware_irq/irq.c.o
 .debug_info    0x000077ad      0x153 CMakeFiles/Serial_Bootloader.dir/home/gerard/pico/pico-sdk/src/common/pico_sync/lock_core.c.o
 .debug_info    0x00007900     0x1ac1 CMakeFiles/Serial_Bootloader.dir/home/gerard/pico/pico-sdk/src/common/pico_sync/mutex.c.o
 .debug_info    0x000093c1     0x30bc CMakeFiles/Serial_Bootloader.dir/home/gerard/pico/pico-sdk/src/common/pico_time/time.c.o
 .debug_info    0x0000c47d     0x197f CMakeFiles/Serial_Bootloader.dir/home/gerard/pico/pico-sdk/src/rp2_common/hardware_timer/timer.c.o
 .debug_info    0x0000ddfc     0x1217 CMakeFiles/Serial_Bootloader.dir/home/gerard/pico/pico-sdk/src/rp2_common/hardware_uart/uart.c.o
 .debug_info    0x0000f013     0x1433 CMakeFiles/Serial_Bootloader.dir/home/gerard/pico/pico-sdk/src/rp2_common/hardware_clocks/clocks.c.o
 .debug_info    0x00010446      0x500 CMakeFiles/Serial_Bootloader.dir/home/gerard/pico/pico-sdk/src/rp2_common/hardware_pll/pll.c.o
 .debug_info    0x00010946      0x230 CMakeFiles/Serial_Bootloader.dir/home/gerard/pico/pico-sdk/src/rp2_common/hardware_ticks/ticks.c.o
 .debug_info    0x00010b76      0x455 CMakeFiles/Serial_Bootloader.dir/home/gerard/pico/pico-sdk/src/rp2_common/pico_bootrom/bootrom.c.o
 .debug_info    0x00010fcb      0x1b8 CMakeFiles/Serial_Bootloader.dir/home/gerard/pico/pico-sdk/src/rp2_common/hardware_xosc/xosc.c.o
 .debug_info    0x00011183      0x20e CMakeFiles/Serial_Bootloader.dir/home/gerard/pico/pico-sdk/src/rp2_common/pico_runtime/runtime.c.o
 .debug_info    0x00011391      0x77d CMakeFiles/Serial_Bootloader.dir/home/gerard/pico/pico-sdk/src/rp2_common/pico_runtime_init/runtime_init.c.o
 .debug_info    0x00011b0e      0x77b CMakeFiles/Serial_Bootloader.dir/home/gerard/pico/pico-sdk/src/rp2_common/pico_runtime_init/runtime_init_clocks.c.o
 .debug_info    0x00012289       0x23 CMakeFiles/Serial_Bootloader.dir/home/gerard/pico/pico-sdk/src/rp2_common/pico_bit_ops/bit_ops_aeabi.S.o
 .debug_info    0x000122ac       0x23 CMakeFiles/Serial_Bootloader.dir/home/gerard/pico/pico-sdk/src/rp2_common/pico_divider/divider_hardware.S.o
 .debug_info    0x000122cf       0x23 CMakeFiles/Serial_Bootloader.dir/home/gerard/pico/pico-sdk/src/rp2_common/pico_double/double_aeabi_rp2040.S.o
 .debug_info    0x000122f2      0x26e CMakeFiles/Serial_Bootloader.dir/home/gerard/pico/pico-sdk/src/rp2_common/pico_double/double_init_rom_rp2040.c.o
 .debug_info    0x00012560       0x23 CMakeFiles/Serial_Bootloader.dir/home/gerard/pico/pico-sdk/src/rp2_common/pico_double/double_v1_rom_shim_rp2040.S.o
 .debug_info    0x00012583       0x23 CMakeFiles/Serial_Bootloader.dir/home/gerard/pico/pico-sdk/src/rp2_common/pico_float/float_aeabi_rp2040.S.o
 .debug_info    0x000125a6      0x266 CMakeFiles/Serial_Bootloader.dir/home/gerard/pico/pico-sdk/src/rp2_common/pico_float/float_init_rom_rp2040.c.o
 .debug_info    0x0001280c       0x23 CMakeFiles/Serial_Bootloader.dir/home/gerard/pico/pico-sdk/src/rp2_common/pico_float/float_v1_rom_shim_rp2040.S.o
 .debug_info    0x0001282f       0x23 CMakeFiles/Serial_Bootloader.dir/home/gerard/pico/pico-sdk/src/rp2_common/pico_mem_ops/mem_ops_aeabi.S.o
 .debug_info    0x00012852      0x288 CMakeFiles/Serial_Bootloader.dir/home/gerard/pico/pico-sdk/src/rp2_common/pico_standard_binary_info/standard_binary_info.c.o
 .debug_info    0x00012ada     0x1a3c CMakeFiles/Serial_Bootloader.dir/home/gerard/pico/pico-sdk/src/rp2_common/pico_printf/printf.c.o
 .debug_info    0x00014516       0x23 CMakeFiles/Serial_Bootloader.dir/home/gerard/pico/pico-sdk/src/rp2_common/pico_crt0/crt0.S.o
 .debug_info    0x00014539      0xb4b CMakeFiles/Serial_Bootloader.dir/home/gerard/pico/pico-sdk/src/rp2_common/pico_clib_interface/newlib_interface.c.o
 .debug_info    0x00015084     0x150f CMakeFiles/Serial_Bootloader.dir/home/gerard/pico/pico-sdk/src/rp2_common/pico_stdio/stdio.c.o
 .debug_info    0x00016593      0x978 CMakeFiles/Serial_Bootloader.dir/home/gerard/pico/pico-sdk/src/rp2_common/hardware_dma/dma.c.o
 .debug_info    0x00016f0b     0x122d CMakeFiles/Serial_Bootloader.dir/home/gerard/pico/pico-sdk/src/rp2_common/hardware_flash/flash.c.o
 .debug_info    0x00018138       0x39 /usr/lib/gcc/arm-none-eabi/12.2.1/thumb/v6-m/nofp/libgcc.a(_dvmd_tls.o)
 .debug_info    0x00018171       0xeb /usr/lib/gcc/arm-none-eabi/12.2.1/../../../arm-none-eabi/lib/thumb/v6-m/nofp/libg.a(lib_a-strlen-stub.o)

.debug_abbrev   0x00000000     0x53bb
 .debug_abbrev  0x00000000      0x5e4 CMakeFiles/Serial_Bootloader.dir/bootloader.c.o
 .debug_abbrev  0x000005e4      0x4bf CMakeFiles/Serial_Bootloader.dir/home/gerard/pico/pico-sdk/src/rp2_common/hardware_gpio/gpio.c.o
 .debug_abbrev  0x00000aa3      0x12b CMakeFiles/Serial_Bootloader.dir/home/gerard/pico/pico-sdk/src/rp2_common/pico_platform_panic/panic.c.o
 .debug_abbrev  0x00000bce      0x236 CMakeFiles/Serial_Bootloader.dir/home/gerard/pico/pico-sdk/src/common/hardware_claim/claim.c.o
 .debug_abbrev  0x00000e04      0x1d5 CMakeFiles/Serial_Bootloader.dir/home/gerard/pico/pico-sdk/src/rp2_common/hardware_sync/sync.c.o
 .debug_abbrev  0x00000fd9      0x1bb CMakeFiles/Serial_Bootloader.dir/home/gerard/pico/pico-sdk/src/rp2_common/hardware_sync_spin_lock/sync_spin_lock.c.o
 .debug_abbrev  0x00001194      0x5f6 CMakeFiles/Serial_Bootloader.dir/home/gerard/pico/pico-sdk/src/rp2_common/hardware_irq/irq.c.o
 .debug_abbrev  0x0000178a       0xee CMakeFiles/Serial_Bootloader.dir/home/gerard/pico/pico-sdk/src/common/pico_sync/lock_core.c.o
 .debug_abbrev  0x00001878      0x40e CMakeFiles/Serial_Bootloader.dir/home/gerard/pico/pico-sdk/src/common/pico_sync/mutex.c.o
 .debug_abbrev  0x00001c86      0x64e CMakeFiles/Serial_Bootloader.dir/home/gerard/pico/pico-sdk/src/common/pico_time/time.c.o
 .debug_abbrev  0x000022d4      0x50a CMakeFiles/Serial_Bootloader.dir/home/gerard/pico/pico-sdk/src/rp2_common/hardware_timer/timer.c.o
 .debug_abbrev  0x000027de      0x35f CMakeFiles/Serial_Bootloader.dir/home/gerard/pico/pico-sdk/src/rp2_common/hardware_uart/uart.c.o
 .debug_abbrev  0x00002b3d      0x49f CMakeFiles/Serial_Bootloader.dir/home/gerard/pico/pico-sdk/src/rp2_common/hardware_clocks/clocks.c.o
 .debug_abbrev  0x00002fdc      0x1cf CMakeFiles/Serial_Bootloader.dir/home/gerard/pico/pico-sdk/src/rp2_common/hardware_pll/pll.c.o
 .debug_abbrev  0x000031ab      0x145 CMakeFiles/Serial_Bootloader.dir/home/gerard/pico/pico-sdk/src/rp2_common/hardware_ticks/ticks.c.o
 .debug_abbrev  0x000032f0      0x1a5 CMakeFiles/Serial_Bootloader.dir/home/gerard/pico/pico-sdk/src/rp2_common/pico_bootrom/bootrom.c.o
 .debug_abbrev  0x00003495      0x11d CMakeFiles/Serial_Bootloader.dir/home/gerard/pico/pico-sdk/src/rp2_common/hardware_xosc/xosc.c.o
 .debug_abbrev  0x000035b2      0x182 CMakeFiles/Serial_Bootloader.dir/home/gerard/pico/pico-sdk/src/rp2_common/pico_runtime/runtime.c.o
 .debug_abbrev  0x00003734      0x222 CMakeFiles/Serial_Bootloader.dir/home/gerard/pico/pico-sdk/src/rp2_common/pico_runtime_init/runtime_init.c.o
 .debug_abbrev  0x00003956      0x294 CMakeFiles/Serial_Bootloader.dir/home/gerard/pico/pico-sdk/src/rp2_common/pico_runtime_init/runtime_init_clocks.c.o
 .debug_abbrev  0x00003bea       0x12 CMakeFiles/Serial_Bootloader.dir/home/gerard/pico/pico-sdk/src/rp2_common/pico_bit_ops/bit_ops_aeabi.S.o
 .debug_abbrev  0x00003bfc       0x12 CMakeFiles/Serial_Bootloader.dir/home/gerard/pico/pico-sdk/src/rp2_common/pico_divider/divider_hardware.S.o
 .debug_abbrev  0x00003c0e       0x12 CMakeFiles/Serial_Bootloader.dir/home/gerard/pico/pico-sdk/src/rp2_common/pico_double/double_aeabi_rp2040.S.o
 .debug_abbrev  0x00003c20      0x17f CMakeFiles/Serial_Bootloader.dir/home/gerard/pico/pico-sdk/src/rp2_common/pico_double/double_init_rom_rp2040.c.o
 .debug_abbrev  0x00003d9f       0x12 CMakeFiles/Serial_Bootloader.dir/home/gerard/pico/pico-sdk/src/rp2_common/pico_double/double_v1_rom_shim_rp2040.S.o
 .debug_abbrev  0x00003db1       0x12 CMakeFiles/Serial_Bootloader.dir/home/gerard/pico/pico-sdk/src/rp2_common/pico_float/float_aeabi_rp2040.S.o
 .debug_abbrev  0x00003dc3      0x173 CMakeFiles/Serial_Bootloader.dir/home/gerard/pico/pico-sdk/src/rp2_common/pico_float/float_init_rom_rp2040.c.o
 .debug_abbrev  0x00003f36       0x12 CMakeFiles/Serial_Bootloader.dir/home/gerard/pico/pico-sdk/src/rp2_common/pico_float/float_v1_rom_shim_rp2040.S.o
 .debug_abbrev  0x00003f48       0x12 CMakeFiles/Serial_Bootloader.dir/home/gerard/pico/pico-sdk/src/rp2_common/pico_mem_ops/mem_ops_aeabi.S.o
 .debug_abbrev  0x00003f5a       0xb8 CMakeFiles/Serial_Bootloader.dir/home/gerard/pico/pico-sdk/src/rp2_common/pico_standard_binary_info/standard_binary_info.c.o
 .debug_abbrev  0x00004012      0x46e CMakeFiles/Serial_Bootloader.dir/home/gerard/pico/pico-sdk/src/rp2_common/pico_printf/printf.c.o
 .debug_abbrev  0x00004480       0x12 CMakeFiles/Serial_Bootloader.dir/home/gerard/pico/pico-sdk/src/rp2_common/pico_crt0/crt0.S.o
 .debug_abbrev  0x00004492      0x372 CMakeFiles/Serial_Bootloader.dir/home/gerard/pico/pico-sdk/src/rp2_common/pico_clib_interface/newlib_interface.c.o
 .debug_abbrev  0x00004804      0x52d CMakeFiles/Serial_Bootloader.dir/home/gerard/pico/pico-sdk/src/rp2_common/pico_stdio/stdio.c.o
 .debug_abbrev  0x00004d31      0x2ad CMakeFiles/Serial_Bootloader.dir/home/gerard/pico/pico-sdk/src/rp2_common/hardware_dma/dma.c.o
 .debug_abbrev  0x00004fde      0x32e CMakeFiles/Serial_Bootloader.dir/home/gerard/pico/pico-sdk/src/rp2_common/hardware_flash/flash.c.o
 .debug_abbrev  0x0000530c       0x1f /usr/lib/gcc/arm-none-eabi/12.2.1/thumb/v6-m/nofp/libgcc.a(_dvmd_tls.o)
 .debug_abbrev  0x0000532b       0x90 /usr/lib/gcc/arm-none-eabi/12.2.1/../../../arm-none-eabi/lib/thumb/v6-m/nofp/libg.a(lib_a-strlen-stub.o)

.debug_loclists
                0x00000000     0x9427
 .debug_loclists
                0x00000000      0xc90 CMakeFiles/Serial_Bootloader.dir/bootloader.c.o
 .debug_loclists
                0x00000c90      0xd4f CMakeFiles/Serial_Bootloader.dir/home/gerard/pico/pico-sdk/src/rp2_common/hardware_gpio/gpio.c.o
 .debug_loclists
                0x000019df      0x239 CMakeFiles/Serial_Bootloader.dir/home/gerard/pico/pico-sdk/src/common/hardware_claim/claim.c.o
 .debug_loclists
                0x00001c18       0xd5 CMakeFiles/Serial_Bootloader.dir/home/gerard/pico/pico-sdk/src/rp2_common/hardware_sync/sync.c.o
 .debug_loclists
                0x00001ced       0x77 CMakeFiles/Serial_Bootloader.dir/home/gerard/pico/pico-sdk/src/rp2_common/hardware_sync_spin_lock/sync_spin_lock.c.o
 .debug_loclists
                0x00001d64      0xd24 CMakeFiles/Serial_Bootloader.dir/home/gerard/pico/pico-sdk/src/rp2_common/hardware_irq/irq.c.o
 .debug_loclists
                0x00002a88       0x3b CMakeFiles/Serial_Bootloader.dir/home/gerard/pico/pico-sdk/src/common/pico_sync/lock_core.c.o
 .debug_loclists
                0x00002ac3      0x7f3 CMakeFiles/Serial_Bootloader.dir/home/gerard/pico/pico-sdk/src/common/pico_sync/mutex.c.o
 .debug_loclists
                0x000032b6     0x119b CMakeFiles/Serial_Bootloader.dir/home/gerard/pico/pico-sdk/src/common/pico_time/time.c.o
 .debug_loclists
                0x00004451      0x981 CMakeFiles/Serial_Bootloader.dir/home/gerard/pico/pico-sdk/src/rp2_common/hardware_timer/timer.c.o
 .debug_loclists
                0x00004dd2      0x615 CMakeFiles/Serial_Bootloader.dir/home/gerard/pico/pico-sdk/src/rp2_common/hardware_uart/uart.c.o
 .debug_loclists
                0x000053e7      0x8ac CMakeFiles/Serial_Bootloader.dir/home/gerard/pico/pico-sdk/src/rp2_common/hardware_clocks/clocks.c.o
 .debug_loclists
                0x00005c93      0x1e0 CMakeFiles/Serial_Bootloader.dir/home/gerard/pico/pico-sdk/src/rp2_common/hardware_pll/pll.c.o
 .debug_loclists
                0x00005e73       0x41 CMakeFiles/Serial_Bootloader.dir/home/gerard/pico/pico-sdk/src/rp2_common/hardware_ticks/ticks.c.o
 .debug_loclists
                0x00005eb4      0x213 CMakeFiles/Serial_Bootloader.dir/home/gerard/pico/pico-sdk/src/rp2_common/pico_bootrom/bootrom.c.o
 .debug_loclists
                0x000060c7       0x48 CMakeFiles/Serial_Bootloader.dir/home/gerard/pico/pico-sdk/src/rp2_common/hardware_xosc/xosc.c.o
 .debug_loclists
                0x0000610f       0x8c CMakeFiles/Serial_Bootloader.dir/home/gerard/pico/pico-sdk/src/rp2_common/pico_runtime/runtime.c.o
 .debug_loclists
                0x0000619b       0xba CMakeFiles/Serial_Bootloader.dir/home/gerard/pico/pico-sdk/src/rp2_common/pico_runtime_init/runtime_init.c.o
 .debug_loclists
                0x00006255       0x74 CMakeFiles/Serial_Bootloader.dir/home/gerard/pico/pico-sdk/src/rp2_common/pico_runtime_init/runtime_init_clocks.c.o
 .debug_loclists
                0x000062c9       0x51 CMakeFiles/Serial_Bootloader.dir/home/gerard/pico/pico-sdk/src/rp2_common/pico_double/double_init_rom_rp2040.c.o
 .debug_loclists
                0x0000631a       0x67 CMakeFiles/Serial_Bootloader.dir/home/gerard/pico/pico-sdk/src/rp2_common/pico_float/float_init_rom_rp2040.c.o
 .debug_loclists
                0x00006381     0x1a9a CMakeFiles/Serial_Bootloader.dir/home/gerard/pico/pico-sdk/src/rp2_common/pico_printf/printf.c.o
 .debug_loclists
                0x00007e1b      0x361 CMakeFiles/Serial_Bootloader.dir/home/gerard/pico/pico-sdk/src/rp2_common/pico_clib_interface/newlib_interface.c.o
 .debug_loclists
                0x0000817c      0x7b2 CMakeFiles/Serial_Bootloader.dir/home/gerard/pico/pico-sdk/src/rp2_common/pico_stdio/stdio.c.o
 .debug_loclists
                0x0000892e      0x285 CMakeFiles/Serial_Bootloader.dir/home/gerard/pico/pico-sdk/src/rp2_common/hardware_dma/dma.c.o
 .debug_loclists
                0x00008bb3      0x823 CMakeFiles/Serial_Bootloader.dir/home/gerard/pico/pico-sdk/src/rp2_common/hardware_flash/flash.c.o
 .debug_loclists
                0x000093d6       0x51 /usr/lib/gcc/arm-none-eabi/12.2.1/../../../arm-none-eabi/lib/thumb/v6-m/nofp/libg.a(lib_a-strlen-stub.o)

.debug_aranges  0x00000000     0x1040
 .debug_aranges
                0x00000000       0x78 CMakeFiles/Serial_Bootloader.dir/bootloader.c.o
 .debug_aranges
                0x00000078      0x120 CMakeFiles/Serial_Bootloader.dir/home/gerard/pico/pico-sdk/src/rp2_common/hardware_gpio/gpio.c.o
 .debug_aranges
                0x00000198       0x28 CMakeFiles/Serial_Bootloader.dir/home/gerard/pico/pico-sdk/src/rp2_common/pico_platform_panic/panic.c.o
 .debug_aranges
                0x000001c0       0x48 CMakeFiles/Serial_Bootloader.dir/home/gerard/pico/pico-sdk/src/common/hardware_claim/claim.c.o
 .debug_aranges
                0x00000208       0x48 CMakeFiles/Serial_Bootloader.dir/home/gerard/pico/pico-sdk/src/rp2_common/hardware_sync/sync.c.o
 .debug_aranges
                0x00000250       0x28 CMakeFiles/Serial_Bootloader.dir/home/gerard/pico/pico-sdk/src/rp2_common/hardware_sync_spin_lock/sync_spin_lock.c.o
 .debug_aranges
                0x00000278       0xc0 CMakeFiles/Serial_Bootloader.dir/home/gerard/pico/pico-sdk/src/rp2_common/hardware_irq/irq.c.o
 .debug_aranges
                0x00000338       0x20 CMakeFiles/Serial_Bootloader.dir/home/gerard/pico/pico-sdk/src/common/pico_sync/lock_core.c.o
 .debug_aranges
                0x00000358       0x98 CMakeFiles/Serial_Bootloader.dir/home/gerard/pico/pico-sdk/src/common/pico_sync/mutex.c.o
 .debug_aranges
                0x000003f0       0xf0 CMakeFiles/Serial_Bootloader.dir/home/gerard/pico/pico-sdk/src/common/pico_time/time.c.o
 .debug_aranges
                0x000004e0       0xf0 CMakeFiles/Serial_Bootloader.dir/home/gerard/pico/pico-sdk/src/rp2_common/hardware_timer/timer.c.o
 .debug_aranges
                0x000005d0       0x60 CMakeFiles/Serial_Bootloader.dir/home/gerard/pico/pico-sdk/src/rp2_common/hardware_uart/uart.c.o
 .debug_aranges
                0x00000630       0x98 CMakeFiles/Serial_Bootloader.dir/home/gerard/pico/pico-sdk/src/rp2_common/hardware_clocks/clocks.c.o
 .debug_aranges
                0x000006c8       0x28 CMakeFiles/Serial_Bootloader.dir/home/gerard/pico/pico-sdk/src/rp2_common/hardware_pll/pll.c.o
 .debug_aranges
                0x000006f0       0x30 CMakeFiles/Serial_Bootloader.dir/home/gerard/pico/pico-sdk/src/rp2_common/hardware_ticks/ticks.c.o
 .debug_aranges
                0x00000720       0x40 CMakeFiles/Serial_Bootloader.dir/home/gerard/pico/pico-sdk/src/rp2_common/pico_bootrom/bootrom.c.o
 .debug_aranges
                0x00000760       0x30 CMakeFiles/Serial_Bootloader.dir/home/gerard/pico/pico-sdk/src/rp2_common/hardware_xosc/xosc.c.o
 .debug_aranges
                0x00000790       0x38 CMakeFiles/Serial_Bootloader.dir/home/gerard/pico/pico-sdk/src/rp2_common/pico_runtime/runtime.c.o
 .debug_aranges
                0x000007c8       0x48 CMakeFiles/Serial_Bootloader.dir/home/gerard/pico/pico-sdk/src/rp2_common/pico_runtime_init/runtime_init.c.o
 .debug_aranges
                0x00000810       0x20 CMakeFiles/Serial_Bootloader.dir/home/gerard/pico/pico-sdk/src/rp2_common/pico_runtime_init/runtime_init_clocks.c.o
 .debug_aranges
                0x00000830       0x60 CMakeFiles/Serial_Bootloader.dir/home/gerard/pico/pico-sdk/src/rp2_common/pico_bit_ops/bit_ops_aeabi.S.o
 .debug_aranges
                0x00000890       0x40 CMakeFiles/Serial_Bootloader.dir/home/gerard/pico/pico-sdk/src/rp2_common/pico_divider/divider_hardware.S.o
 .debug_aranges
                0x000008d0      0x150 CMakeFiles/Serial_Bootloader.dir/home/gerard/pico/pico-sdk/src/rp2_common/pico_double/double_aeabi_rp2040.S.o
 .debug_aranges
                0x00000a20       0x20 CMakeFiles/Serial_Bootloader.dir/home/gerard/pico/pico-sdk/src/rp2_common/pico_double/double_init_rom_rp2040.c.o
 .debug_aranges
                0x00000a40       0xc8 CMakeFiles/Serial_Bootloader.dir/home/gerard/pico/pico-sdk/src/rp2_common/pico_double/double_v1_rom_shim_rp2040.S.o
 .debug_aranges
                0x00000b08      0x138 CMakeFiles/Serial_Bootloader.dir/home/gerard/pico/pico-sdk/src/rp2_common/pico_float/float_aeabi_rp2040.S.o
 .debug_aranges
                0x00000c40       0x20 CMakeFiles/Serial_Bootloader.dir/home/gerard/pico/pico-sdk/src/rp2_common/pico_float/float_init_rom_rp2040.c.o
 .debug_aranges
                0x00000c60       0x50 CMakeFiles/Serial_Bootloader.dir/home/gerard/pico/pico-sdk/src/rp2_common/pico_float/float_v1_rom_shim_rp2040.S.o
 .debug_aranges
                0x00000cb0       0x38 CMakeFiles/Serial_Bootloader.dir/home/gerard/pico/pico-sdk/src/rp2_common/pico_mem_ops/mem_ops_aeabi.S.o
 .debug_aranges
                0x00000ce8       0x18 CMakeFiles/Serial_Bootloader.dir/home/gerard/pico/pico-sdk/src/rp2_common/pico_standard_binary_info/standard_binary_info.c.o
 .debug_aranges
                0x00000d00       0xa0 CMakeFiles/Serial_Bootloader.dir/home/gerard/pico/pico-sdk/src/rp2_common/pico_printf/printf.c.o
 .debug_aranges
                0x00000da0       0x28 CMakeFiles/Serial_Bootloader.dir/home/gerard/pico/pico-sdk/src/rp2_common/pico_crt0/crt0.S.o
 .debug_aranges
                0x00000dc8       0xa0 CMakeFiles/Serial_Bootloader.dir/home/gerard/pico/pico-sdk/src/rp2_common/pico_clib_interface/newlib_interface.c.o
 .debug_aranges
                0x00000e68       0xd0 CMakeFiles/Serial_Bootloader.dir/home/gerard/pico/pico-sdk/src/rp2_common/pico_stdio/stdio.c.o
 .debug_aranges
                0x00000f38       0x70 CMakeFiles/Serial_Bootloader.dir/home/gerard/pico/pico-sdk/src/rp2_common/hardware_dma/dma.c.o
 .debug_aranges
                0x00000fa8       0x58 CMakeFiles/Serial_Bootloader.dir/home/gerard/pico/pico-sdk/src/rp2_common/hardware_flash/flash.c.o
 .debug_aranges
                0x00001000       0x20 /usr/lib/gcc/arm-none-eabi/12.2.1/thumb/v6-m/nofp/libgcc.a(_dvmd_tls.o)
 .debug_aranges
                0x00001020       0x20 /usr/lib/gcc/arm-none-eabi/12.2.1/../../../arm-none-eabi/lib/thumb/v6-m/nofp/libg.a(lib_a-strlen-stub.o)

.debug_rnglists
                0x00000000     0x1e97
 .debug_rnglists
                0x00000000      0x387 CMakeFiles/Serial_Bootloader.dir/bootloader.c.o
 .debug_rnglists
                0x00000387      0x293 CMakeFiles/Serial_Bootloader.dir/home/gerard/pico/pico-sdk/src/rp2_common/hardware_gpio/gpio.c.o
 .debug_rnglists
                0x0000061a       0x19 CMakeFiles/Serial_Bootloader.dir/home/gerard/pico/pico-sdk/src/rp2_common/pico_platform_panic/panic.c.o
 .debug_rnglists
                0x00000633       0x40 CMakeFiles/Serial_Bootloader.dir/home/gerard/pico/pico-sdk/src/common/hardware_claim/claim.c.o
 .debug_rnglists
                0x00000673       0x5b CMakeFiles/Serial_Bootloader.dir/home/gerard/pico/pico-sdk/src/rp2_common/hardware_sync/sync.c.o
 .debug_rnglists
                0x000006ce       0x3d CMakeFiles/Serial_Bootloader.dir/home/gerard/pico/pico-sdk/src/rp2_common/hardware_sync_spin_lock/sync_spin_lock.c.o
 .debug_rnglists
                0x0000070b      0x2c4 CMakeFiles/Serial_Bootloader.dir/home/gerard/pico/pico-sdk/src/rp2_common/hardware_irq/irq.c.o
 .debug_rnglists
                0x000009cf       0x1f CMakeFiles/Serial_Bootloader.dir/home/gerard/pico/pico-sdk/src/common/pico_sync/lock_core.c.o
 .debug_rnglists
                0x000009ee      0x19c CMakeFiles/Serial_Bootloader.dir/home/gerard/pico/pico-sdk/src/common/pico_sync/mutex.c.o
 .debug_rnglists
                0x00000b8a      0x356 CMakeFiles/Serial_Bootloader.dir/home/gerard/pico/pico-sdk/src/common/pico_time/time.c.o
 .debug_rnglists
                0x00000ee0      0x1aa CMakeFiles/Serial_Bootloader.dir/home/gerard/pico/pico-sdk/src/rp2_common/hardware_timer/timer.c.o
 .debug_rnglists
                0x0000108a      0x11f CMakeFiles/Serial_Bootloader.dir/home/gerard/pico/pico-sdk/src/rp2_common/hardware_uart/uart.c.o
 .debug_rnglists
                0x000011a9      0x186 CMakeFiles/Serial_Bootloader.dir/home/gerard/pico/pico-sdk/src/rp2_common/hardware_clocks/clocks.c.o
 .debug_rnglists
                0x0000132f       0x41 CMakeFiles/Serial_Bootloader.dir/home/gerard/pico/pico-sdk/src/rp2_common/hardware_pll/pll.c.o
 .debug_rnglists
                0x00001370       0x2b CMakeFiles/Serial_Bootloader.dir/home/gerard/pico/pico-sdk/src/rp2_common/hardware_ticks/ticks.c.o
 .debug_rnglists
                0x0000139b       0x91 CMakeFiles/Serial_Bootloader.dir/home/gerard/pico/pico-sdk/src/rp2_common/pico_bootrom/bootrom.c.o
 .debug_rnglists
                0x0000142c       0x1f CMakeFiles/Serial_Bootloader.dir/home/gerard/pico/pico-sdk/src/rp2_common/hardware_xosc/xosc.c.o
 .debug_rnglists
                0x0000144b       0x43 CMakeFiles/Serial_Bootloader.dir/home/gerard/pico/pico-sdk/src/rp2_common/pico_runtime/runtime.c.o
 .debug_rnglists
                0x0000148e       0x49 CMakeFiles/Serial_Bootloader.dir/home/gerard/pico/pico-sdk/src/rp2_common/pico_runtime_init/runtime_init.c.o
 .debug_rnglists
                0x000014d7       0x20 CMakeFiles/Serial_Bootloader.dir/home/gerard/pico/pico-sdk/src/rp2_common/pico_runtime_init/runtime_init_clocks.c.o
 .debug_rnglists
                0x000014f7       0x43 CMakeFiles/Serial_Bootloader.dir/home/gerard/pico/pico-sdk/src/rp2_common/pico_bit_ops/bit_ops_aeabi.S.o
 .debug_rnglists
                0x0000153a       0x2c CMakeFiles/Serial_Bootloader.dir/home/gerard/pico/pico-sdk/src/rp2_common/pico_divider/divider_hardware.S.o
 .debug_rnglists
                0x00001566       0xf9 CMakeFiles/Serial_Bootloader.dir/home/gerard/pico/pico-sdk/src/rp2_common/pico_double/double_aeabi_rp2040.S.o
 .debug_rnglists
                0x0000165f       0x13 CMakeFiles/Serial_Bootloader.dir/home/gerard/pico/pico-sdk/src/rp2_common/pico_double/double_init_rom_rp2040.c.o
 .debug_rnglists
                0x00001672       0x99 CMakeFiles/Serial_Bootloader.dir/home/gerard/pico/pico-sdk/src/rp2_common/pico_double/double_v1_rom_shim_rp2040.S.o
 .debug_rnglists
                0x0000170b       0xe5 CMakeFiles/Serial_Bootloader.dir/home/gerard/pico/pico-sdk/src/rp2_common/pico_float/float_aeabi_rp2040.S.o
 .debug_rnglists
                0x000017f0       0x13 CMakeFiles/Serial_Bootloader.dir/home/gerard/pico/pico-sdk/src/rp2_common/pico_float/float_init_rom_rp2040.c.o
 .debug_rnglists
                0x00001803       0x38 CMakeFiles/Serial_Bootloader.dir/home/gerard/pico/pico-sdk/src/rp2_common/pico_float/float_v1_rom_shim_rp2040.S.o
 .debug_rnglists
                0x0000183b       0x25 CMakeFiles/Serial_Bootloader.dir/home/gerard/pico/pico-sdk/src/rp2_common/pico_mem_ops/mem_ops_aeabi.S.o
 .debug_rnglists
                0x00001860      0x144 CMakeFiles/Serial_Bootloader.dir/home/gerard/pico/pico-sdk/src/rp2_common/pico_printf/printf.c.o
 .debug_rnglists
                0x000019a4       0x1b CMakeFiles/Serial_Bootloader.dir/home/gerard/pico/pico-sdk/src/rp2_common/pico_crt0/crt0.S.o
 .debug_rnglists
                0x000019bf       0x8b CMakeFiles/Serial_Bootloader.dir/home/gerard/pico/pico-sdk/src/rp2_common/pico_clib_interface/newlib_interface.c.o
 .debug_rnglists
                0x00001a4a      0x138 CMakeFiles/Serial_Bootloader.dir/home/gerard/pico/pico-sdk/src/rp2_common/pico_stdio/stdio.c.o
 .debug_rnglists
                0x00001b82       0xb2 CMakeFiles/Serial_Bootloader.dir/home/gerard/pico/pico-sdk/src/rp2_common/hardware_dma/dma.c.o
 .debug_rnglists
                0x00001c34      0x263 CMakeFiles/Serial_Bootloader.dir/home/gerard/pico/pico-sdk/src/rp2_common/hardware_flash/flash.c.o

.debug_line     0x00000000     0xfe76
 .debug_line    0x00000000     0x13be CMakeFiles/Serial_Bootloader.dir/bootloader.c.o
 .debug_line    0x000013be      0xf01 CMakeFiles/Serial_Bootloader.dir/home/gerard/pico/pico-sdk/src/rp2_common/hardware_gpio/gpio.c.o
 .debug_line    0x000022bf      0x1e6 CMakeFiles/Serial_Bootloader.dir/home/gerard/pico/pico-sdk/src/rp2_common/pico_platform_panic/panic.c.o
 .debug_line    0x000024a5      0x51e CMakeFiles/Serial_Bootloader.dir/home/gerard/pico/pico-sdk/src/common/hardware_claim/claim.c.o
 .debug_line    0x000029c3      0x3e3 CMakeFiles/Serial_Bootloader.dir/home/gerard/pico/pico-sdk/src/rp2_common/hardware_sync/sync.c.o